ARM Linker, 4.1 [Build 644] [Standard]

==============================================================================

Section Cross References

    main.o(i.CAN_Configuration) refers to main.o(i.NVIC_Configuration) for NVIC_Configuration
    main.o(i.CAN_Configuration) refers to main.o(i.GPIO_Configuration) for GPIO_Configuration
    main.o(i.CAN_Configuration) refers to stm32f10x_can.o(i.CAN_DeInit) for CAN_DeInit
    main.o(i.CAN_Configuration) refers to stm32f10x_can.o(i.CAN_StructInit) for CAN_StructInit
    main.o(i.CAN_Configuration) refers to stm32f10x_can.o(i.CAN_Init) for CAN_Init
    main.o(i.CAN_Configuration) refers to stm32f10x_can.o(i.CAN_ITConfig) for CAN_ITConfig
    main.o(i.CAN_Configuration) refers to stm32f10x_can.o(i.CAN_FilterInit) for CAN_FilterInit
    main.o(i.CanWriteData) refers to rand.o(.emb_text) for rand
    main.o(i.CanWriteData) refers to stm32f10x_can.o(i.CAN_Transmit) for CAN_Transmit
    main.o(i.CanWriteData) refers to main.o(.data) for CAN_DATA0
    main.o(i.GPIO_Configuration) refers to stm32f10x_rcc.o(i.RCC_APB2PeriphClockCmd) for RCC_APB2PeriphClockCmd
    main.o(i.GPIO_Configuration) refers to stm32f10x_rcc.o(i.RCC_APB1PeriphClockCmd) for RCC_APB1PeriphClockCmd
    main.o(i.GPIO_Configuration) refers to stm32f10x_gpio.o(i.GPIO_PinRemapConfig) for GPIO_PinRemapConfig
    main.o(i.GPIO_Configuration) refers to stm32f10x_gpio.o(i.GPIO_Init) for GPIO_Init
    main.o(i.NVIC_Configuration) refers to misc.o(i.NVIC_Init) for NVIC_Init
    main.o(i.USB_LP_CAN1_RX0_IRQHandler) refers to stm32f10x_can.o(i.CAN_Receive) for CAN_Receive
    main.o(i.USB_LP_CAN1_RX0_IRQHandler) refers to stm32f10x_can.o(i.CAN_ClearITPendingBit) for CAN_ClearITPendingBit
    main.o(i.USB_LP_CAN1_RX0_IRQHandler) refers to main.o(.data) for CAN_ID
    main.o(i.main) refers to _printf_percent.o(.ARM.Collect$$_printf_percent$$00000000) for _printf_percent
    main.o(i.main) refers to _printf_x.o(.ARM.Collect$$_printf_percent$$0000000C) for _printf_x
    main.o(i.main) refers to _printf_hex_int.o(.text) for _printf_longlong_hex
    main.o(i.main) refers to systick.o(i.delay_init) for delay_init
    main.o(i.main) refers to main.o(i.CAN_Configuration) for CAN_Configuration
    main.o(i.main) refers to usart.o(i.USART_Configuration) for USART_Configuration
    main.o(i.main) refers to noretval__2printf.o(.text) for __2printf
    main.o(i.main) refers to main.o(i.CanWriteData) for CanWriteData
    main.o(i.main) refers to stm32f10x_gpio.o(i.GPIO_SetBits) for GPIO_SetBits
    main.o(i.main) refers to stm32f10x_gpio.o(i.GPIO_ResetBits) for GPIO_ResetBits
    main.o(i.main) refers to systick.o(i.delay_ms) for delay_ms
    main.o(i.main) refers to main.o(.constdata) for .constdata
    main.o(i.main) refers to main.o(.data) for CanFlag
    usart.o(i.USART_CTRT_Configuartion) refers (Special) to use_no_semi_2.o(.text) for __use_no_semihosting
    usart.o(i.USART_CTRT_Configuartion) refers to stm32f10x_rcc.o(i.RCC_APB2PeriphClockCmd) for RCC_APB2PeriphClockCmd
    usart.o(i.USART_CTRT_Configuartion) refers to stm32f10x_usart.o(i.USART_Init) for USART_Init
    usart.o(i.USART_CTRT_Configuartion) refers to stm32f10x_usart.o(i.USART_Cmd) for USART_Cmd
    usart.o(i.USART_CTRT_Configuartion) refers to usart.o(i.UsartGPIO_CTRT_Configuration) for UsartGPIO_CTRT_Configuration
    usart.o(i.USART_Configuration) refers (Special) to use_no_semi_2.o(.text) for __use_no_semihosting
    usart.o(i.USART_Configuration) refers to stm32f10x_rcc.o(i.RCC_APB2PeriphClockCmd) for RCC_APB2PeriphClockCmd
    usart.o(i.USART_Configuration) refers to stm32f10x_gpio.o(i.GPIO_Init) for GPIO_Init
    usart.o(i.USART_Configuration) refers to stm32f10x_usart.o(i.USART_Init) for USART_Init
    usart.o(i.USART_Configuration) refers to stm32f10x_usart.o(i.USART_ClearFlag) for USART_ClearFlag
    usart.o(i.USART_Configuration) refers to stm32f10x_usart.o(i.USART_ITConfig) for USART_ITConfig
    usart.o(i.USART_Configuration) refers to stm32f10x_usart.o(i.USART_Cmd) for USART_Cmd
    usart.o(i.UsartGPIO_CTRT_Configuration) refers (Special) to use_no_semi_2.o(.text) for __use_no_semihosting
    usart.o(i.UsartGPIO_CTRT_Configuration) refers to stm32f10x_gpio.o(i.GPIO_Init) for GPIO_Init
    usart.o(i._sys_exit) refers (Special) to use_no_semi_2.o(.text) for __use_no_semihosting
    usart.o(i.fputc) refers (Special) to use_no_semi_2.o(.text) for __use_no_semihosting
    usart.o(i.fputc) refers to stm32f10x_usart.o(i.USART_SendData) for USART_SendData
    usart.o(i.fputc) refers to stm32f10x_usart.o(i.USART_GetFlagStatus) for USART_GetFlagStatus
    usart.o(.data) refers (Special) to use_no_semi_2.o(.text) for __use_no_semihosting
    systick.o(i.delay_init) refers to stm32f10x_rcc.o(i.RCC_GetClocksFreq) for RCC_GetClocksFreq
    systick.o(i.delay_init) refers to misc.o(i.SysTick_CLKSourceConfig) for SysTick_CLKSourceConfig
[...]
    stm32f10x_usart.o(i.USART_DeInit) refers to stm32f10x_rcc.o(i.RCC_APB1PeriphResetCmd) for RCC_APB1PeriphResetCmd
    stm32f10x_usart.o(i.USART_Init) refers to stm32f10x_rcc.o(i.RCC_GetClocksFreq) for RCC_GetClocksFreq
    system_stm32f10x.o(i.SetSysClock) refers to system_stm32f10x.o(i.SetSysClockTo72) for SetSysClockTo72
    system_stm32f10x.o(i.SystemCoreClockUpdate) refers to system_stm32f10x.o(.data) for SystemCoreClock
    system_stm32f10x.o(i.SystemInit) refers to system_stm32f10x.o(i.SetSysClock) for SetSysClock
    startup_stm32f10x_hd.o(STACK) refers (Special) to heapauxi.o(.text) for __use_two_region_memory
    startup_stm32f10x_hd.o(HEAP) refers (Special) to heapauxi.o(.text) for __use_two_region_memory
    startup_stm32f10x_hd.o(RESET) refers (Special) to heapauxi.o(.text) for __use_two_region_memory
    startup_stm32f10x_hd.o(RESET) refers to startup_stm32f10x_hd.o(STACK) for __initial_sp
    startup_stm32f10x_hd.o(RESET) refers to startup_stm32f10x_hd.o(.text) for Reset_Handler
    startup_stm32f10x_hd.o(RESET) refers to stm32f10x_it.o(i.NMI_Handler) for NMI_Handler
    startup_stm32f10x_hd.o(RESET) refers to stm32f10x_it.o(i.HardFault_Handler) for HardFault_Handler
    startup_stm32f10x_hd.o(RESET) refers to stm32f10x_it.o(i.MemManage_Handler) for MemManage_Handler
    startup_stm32f10x_hd.o(RESET) refers to stm32f10x_it.o(i.BusFault_Handler) for BusFault_Handler
    startup_stm32f10x_hd.o(RESET) refers to stm32f10x_it.o(i.UsageFault_Handler) for UsageFault_Handler
    startup_stm32f10x_hd.o(RESET) refers to stm32f10x_it.o(i.SVC_Handler) for SVC_Handler
    startup_stm32f10x_hd.o(RESET) refers to stm32f10x_it.o(i.DebugMon_Handler) for DebugMon_Handler
    startup_stm32f10x_hd.o(RESET) refers to stm32f10x_it.o(i.PendSV_Handler) for PendSV_Handler
    startup_stm32f10x_hd.o(RESET) refers to stm32f10x_it.o(i.SysTick_Handler) for SysTick_Handler
    startup_stm32f10x_hd.o(RESET) refers to main.o(i.USB_LP_CAN1_RX0_IRQHandler) for USB_LP_CAN1_RX0_IRQHandler
    startup_stm32f10x_hd.o(.text) refers (Special) to heapauxi.o(.text) for __use_two_region_memory
    startup_stm32f10x_hd.o(.text) refers to system_stm32f10x.o(i.SystemInit) for SystemInit
    startup_stm32f10x_hd.o(.text) refers to __main.o(!!!main) for __main
    startup_stm32f10x_hd.o(.text) refers to startup_stm32f10x_hd.o(HEAP) for Heap_Mem
    startup_stm32f10x_hd.o(.text) refers to startup_stm32f10x_hd.o(STACK) for Stack_Mem
    use_no_semi_2.o(.text) refers (Special) to use_no_semi.o(.text) for __use_no_semihosting_swi
    __2printf.o(.text) refers to _printf_char_file.o(.text) for _printf_char_file
    __2printf.o(.text) refers to usart.o(.data) for __stdout
    noretval__2printf.o(.text) refers to _printf_char_file.o(.text) for _printf_char_file
    noretval__2printf.o(.text) refers to usart.o(.data) for __stdout
    __printf.o(.text) refers to _printf_percent.o(.ARM.Collect$$_printf_percent$$00000000) for _printf_percent
    _printf_hex_ll.o(.text) refers to _printf_intcommon.o(.text) for _printf_int_common
    _printf_hex_ll.o(.text) refers to _printf_hex_ll.o(.constdata) for .constdata
    _printf_hex_int.o(.text) refers to _printf_intcommon.o(.text) for _printf_int_common
    _printf_hex_int.o(.text) refers to _printf_hex_int.o(.constdata) for .constdata
    _printf_hex_int_ll.o(.text) refers to _printf_intcommon.o(.text) for _printf_int_common
    _printf_hex_int_ll.o(.text) refers to _printf_hex_int_ll.o(.constdata) for .constdata
    _printf_hex_ptr.o(.text) refers to _printf_intcommon.o(.text) for _printf_int_common
    _printf_hex_ptr.o(.text) refers to _printf_hex_ptr.o(.constdata) for .constdata
    _printf_hex_int_ptr.o(.text) refers to _printf_intcommon.o(.text) for _printf_int_common
    _printf_hex_int_ptr.o(.text) refers to _printf_hex_int_ptr.o(.constdata) for .constdata
    _printf_hex_ll_ptr.o(.text) refers to _printf_intcommon.o(.text) for _printf_int_common
    _printf_hex_ll_ptr.o(.text) refers to _printf_hex_ll_ptr.o(.constdata) for .constdata
    _printf_hex_int_ll_ptr.o(.text) refers to _printf_intcommon.o(.text) for _printf_int_common
    _printf_hex_int_ll_ptr.o(.text) refers to _printf_hex_int_ll_ptr.o(.constdata) for .constdata
    __printf_flags.o(.text) refers to _printf_percent.o(.ARM.Collect$$_printf_percent$$00000000) for _printf_percent
    __printf_flags.o(.text) refers to __printf_flags.o(.constdata) for .constdata
    __printf_ss.o(.text) refers to _printf_percent.o(.ARM.Collect$$_printf_percent$$00000000) for _printf_percent
    __printf_flags_ss.o(.text) refers to _printf_percent.o(.ARM.Collect$$_printf_percent$$00000000) for _printf_percent
    __printf_flags_ss.o(.text) refers to __printf_flags_ss.o(.constdata) for .constdata
    __printf_wp.o(.text) refers to __printf_wp.o(i._is_digit) for _is_digit
    __printf_wp.o(.text) refers to _printf_percent.o(.ARM.Collect$$_printf_percent$$00000000) for _printf_percent
    __printf_flags_wp.o(.text) refers to __printf_wp.o(i._is_digit) for _is_digit
    __printf_flags_wp.o(.text) refers to _printf_percent.o(.ARM.Collect$$_printf_percent$$00000000) for _printf_percent
    __printf_flags_wp.o(.text) refers to __printf_flags_wp.o(.constdata) for .constdata
    __printf_ss_wp.o(.text) refers to __printf_wp.o(i._is_digit) for _is_digit
    __printf_ss_wp.o(.text) refers to _printf_percent.o(.ARM.Collect$$_printf_percent$$00000000) for _printf_percent
    __printf_flags_ss_wp.o(.text) refers to __printf_wp.o(i._is_digit) for _is_digit
    __printf_flags_ss_wp.o(.text) refers to _printf_percent.o(.ARM.Collect$$_printf_percent$$00000000) for _printf_percent
    __printf_flags_ss_wp.o(.text) refers to __printf_flags_ss_wp.o(.constdata) for .constdata
    _printf_x.o(.ARM.Collect$$_printf_percent$$0000000C) refers (Weak) to _printf_hex_int.o(.text) for _printf_int_hex
    _printf_percent.o(.ARM.Collect$$_printf_percent$$00000000) refers (Special) to _printf_percent_end.o(.ARM.Collect$$_printf_percent$$00000017) for _printf_percent_end
    rand.o(.emb_text) refers (Special) to libinit2.o(.ARM.Collect$$libinit$$00000009) for __rt_lib_init_rand_2
    rand.o(.emb_text) refers to rand.o(.text) for _rand_init
    rand.o(.emb_text) refers to rand.o(.bss) for _random_number_data
    rand.o(.text) refers (Special) to libinit2.o(.ARM.Collect$$libinit$$00000009) for __rt_lib_init_rand_2
    rand.o(.text) refers to rand.o(.bss) for .bss
    rand.o(.bss) refers (Special) to libinit2.o(.ARM.Collect$$libinit$$00000009) for __rt_lib_init_rand_2
    __main.o(!!!main) refers to rtentry.o(.ARM.Collect$$rtentry$$00000000) for __rt_entry
    rtentry.o(.ARM.Collect$$rtentry$$00000000) refers (Special) to rtentry2.o(.ARM.Collect$$rtentry$$0000000A) for __rt_entry_li
    rtentry.o(.ARM.Collect$$rtentry$$00000000) refers (Special) to rtentry2.o(.ARM.Collect$$rtentry$$0000000D) for __rt_entry_main
    rtentry.o(.ARM.Collect$$rtentry$$00000000) refers (Special) to rtentry2.o(.ARM.Collect$$rtentry$$0000000C) for __rt_entry_postli_1
    rtentry.o(.ARM.Collect$$rtentry$$00000000) refers (Special) to rtentry2.o(.ARM.Collect$$rtentry$$00000009) for __rt_entry_postsh_1
    rtentry.o(.ARM.Collect$$rtentry$$00000000) refers (Special) to rtentry2.o(.ARM.Collect$$rtentry$$00000002) for __rt_entry_presh_1
    rtentry.o(.ARM.Collect$$rtentry$$00000000) refers (Special) to rtentry4.o(.ARM.Collect$$rtentry$$00000004) for __rt_entry_sh
    rtentry.o(.ARM.exidx) refers (Special) to rtentry2.o(.ARM.Collect$$rtentry$$0000000A) for __rt_entry_li
    rtentry.o(.ARM.exidx) refers (Special) to rtentry2.o(.ARM.Collect$$rtentry$$0000000D) for __rt_entry_main
    rtentry.o(.ARM.exidx) refers (Special) to rtentry2.o(.ARM.Collect$$rtentry$$0000000C) for __rt_entry_postli_1
    rtentry.o(.ARM.exidx) refers (Special) to rtentry2.o(.ARM.Collect$$rtentry$$00000009) for __rt_entry_postsh_1
    rtentry.o(.ARM.exidx) refers (Special) to rtentry2.o(.ARM.Collect$$rtentry$$00000002) for __rt_entry_presh_1
    rtentry.o(.ARM.exidx) refers (Special) to rtentry4.o(.ARM.Collect$$rtentry$$00000004) for __rt_entry_sh
    rtentry.o(.ARM.exidx) refers to rtentry.o(.ARM.Collect$$rtentry$$00000000) for .ARM.Collect$$rtentry$$00000000
    _printf_char_file.o(.text) refers to _printf_char_common.o(.text) for _printf_char_common
    _printf_char_file.o(.text) refers to ferror.o(.text) for ferror
    _printf_char_file.o(.text) refers to usart.o(i.fputc) for fputc
    libinit2.o(.ARM.Collect$$libinit$$00000009) refers (Weak) to rand.o(.text) for _rand_init
    libinit2.o(.ARM.Collect$$libinit$$0000000C) refers to libinit2.o(.ARM.Collect$$libinit$$0000000B) for .ARM.Collect$$libinit$$0000000B
    libinit2.o(.ARM.Collect$$libinit$$0000000E) refers to libinit2.o(.ARM.Collect$$libinit$$0000000B) for .ARM.Collect$$libinit$$0000000B
    libinit2.o(.ARM.Collect$$libinit$$00000010) refers to libinit2.o(.ARM.Collect$$libinit$$0000000B) for .ARM.Collect$$libinit$$0000000B
    libinit2.o(.ARM.Collect$$libinit$$00000012) refers to libinit2.o(.ARM.Collect$$libinit$$0000000B) for .ARM.Collect$$libinit$$0000000B
    libinit2.o(.ARM.Collect$$libinit$$00000014) refers to libinit2.o(.ARM.Collect$$libinit$$0000000B) for .ARM.Collect$$libinit$$0000000B
    libinit2.o(.ARM.Collect$$libinit$$00000022) refers to argv_veneer.o(.emb_text) for __ARM_argv_veneer
    libinit2.o(.ARM.Collect$$libinit$$00000023) refers to argv_veneer.o(.emb_text) for __ARM_argv_veneer
    rtentry2.o(.ARM.Collect$$rtentry$$00000008) refers to boardinit2.o(.text) for _platform_post_stackheap_init
    rtentry2.o(.ARM.Collect$$rtentry$$0000000A) refers to libinit.o(.ARM.Collect$$libinit$$00000000) for __rt_lib_init
    rtentry2.o(.ARM.Collect$$rtentry$$0000000B) refers to boardinit3.o(.text) for _platform_post_lib_init
    rtentry2.o(.ARM.Collect$$rtentry$$0000000D) refers to main.o(i.main) for main
    rtentry2.o(.ARM.Collect$$rtentry$$0000000D) refers to exit.o(.text) for exit
    rtentry2.o(.ARM.exidx) refers to rtentry2.o(.ARM.Collect$$rtentry$$00000001) for .ARM.Collect$$rtentry$$00000001
    rtentry2.o(.ARM.exidx) refers to rtentry2.o(.ARM.Collect$$rtentry$$00000002) for .ARM.Collect$$rtentry$$00000002
    rtentry2.o(.ARM.exidx) refers to rtentry2.o(.ARM.Collect$$rtentry$$00000008) for .ARM.Collect$$rtentry$$00000008
    rtentry2.o(.ARM.exidx) refers to rtentry2.o(.ARM.Collect$$rtentry$$00000009) for .ARM.Collect$$rtentry$$00000009
    rtentry2.o(.ARM.exidx) refers to rtentry2.o(.ARM.Collect$$rtentry$$0000000A) for .ARM.Collect$$rtentry$$0000000A
    rtentry2.o(.ARM.exidx) refers to rtentry2.o(.ARM.Collect$$rtentry$$0000000B) for .ARM.Collect$$rtentry$$0000000B
    rtentry2.o(.ARM.exidx) refers to rtentry2.o(.ARM.Collect$$rtentry$$0000000C) for .ARM.Collect$$rtentry$$0000000C
    rtentry2.o(.ARM.exidx) refers to rtentry2.o(.ARM.Collect$$rtentry$$0000000D) for .ARM.Collect$$rtentry$$0000000D
    rtentry4.o(.ARM.Collect$$rtentry$$00000004) refers to sys_stackheap_outer.o(.text) for __user_setup_stackheap
    rtentry4.o(.ARM.exidx) refers to rtentry4.o(.ARM.Collect$$rtentry$$00000004) for .ARM.Collect$$rtentry$$00000004
    _printf_char_common.o(.text) refers to __printf.o(.text) for __printf
    argv_veneer.o(.emb_text) refers to no_argv.o(.text) for __ARM_get_argv
    sys_stackheap_outer.o(.text) refers to libspace.o(.text) for __user_perproc_libspace
    sys_stackheap_outer.o(.text) refers to startup_stm32f10x_hd.o(.text) for __user_initial_stackheap
    exit.o(.text) refers to rtexit.o(.ARM.Collect$$rtexit$$00000000) for __rt_exit
    _get_argv_nomalloc.o(.text) refers (Special) to hrguard.o(.text) for __heap_region$guard
    _get_argv_nomalloc.o(.text) refers to defsig_rtmem_outer.o(.text) for __rt_SIGRTMEM
    _get_argv_nomalloc.o(.text) refers to sys_command.o(.text) for _sys_command_string
    libinit.o(.ARM.Collect$$libinit$$00000000) refers (Special) to libinit2.o(.ARM.Collect$$libinit$$0000002A) for __rt_lib_init_alloca_1
    libinit.o(.ARM.Collect$$libinit$$00000000) refers (Special) to libinit2.o(.ARM.Collect$$libinit$$00000028) for __rt_lib_init_argv_1
    libinit.o(.ARM.Collect$$libinit$$00000000) refers (Special) to libinit2.o(.ARM.Collect$$libinit$$00000017) for __rt_lib_init_atexit_1
    libinit.o(.ARM.Collect$$libinit$$00000000) refers (Special) to libinit2.o(.ARM.Collect$$libinit$$0000001D) for __rt_lib_init_clock_1
    libinit.o(.ARM.Collect$$libinit$$00000000) refers (Special) to libinit2.o(.ARM.Collect$$libinit$$0000002E) for __rt_lib_init_cpp_1
    libinit.o(.ARM.Collect$$libinit$$00000000) refers (Special) to libinit2.o(.ARM.Collect$$libinit$$0000002C) for __rt_lib_init_exceptions_1
    libinit.o(.ARM.Collect$$libinit$$00000000) refers (Special) to libinit2.o(.ARM.Collect$$libinit$$0000001B) for __rt_lib_init_fp_trap_1
    libinit.o(.ARM.Collect$$libinit$$00000000) refers (Special) to libinit2.o(.ARM.Collect$$libinit$$0000001F) for __rt_lib_init_getenv_1
    libinit.o(.ARM.Collect$$libinit$$00000000) refers (Special) to libinit2.o(.ARM.Collect$$libinit$$00000006) for __rt_lib_init_heap_1
    libinit.o(.ARM.Collect$$libinit$$00000000) refers (Special) to libinit2.o(.ARM.Collect$$libinit$$0000000D) for __rt_lib_init_lc_collate_1
    libinit.o(.ARM.Collect$$libinit$$00000000) refers (Special) to libinit2.o(.ARM.Collect$$libinit$$0000000F) for __rt_lib_init_lc_ctype_1
    libinit.o(.ARM.Collect$$libinit$$00000000) refers (Special) to libinit2.o(.ARM.Collect$$libinit$$00000011) for __rt_lib_init_lc_monetary_1
    libinit.o(.ARM.Collect$$libinit$$00000000) refers (Special) to libinit2.o(.ARM.Collect$$libinit$$00000013) for __rt_lib_init_lc_numeric_1
    libinit.o(.ARM.Collect$$libinit$$00000000) refers (Special) to libinit2.o(.ARM.Collect$$libinit$$00000015) for __rt_lib_init_lc_time_1
    libinit.o(.ARM.Collect$$libinit$$00000000) refers (Special) to libinit2.o(.ARM.Collect$$libinit$$0000000A) for __rt_lib_init_rand_1
    libinit.o(.ARM.Collect$$libinit$$00000000) refers (Special) to libinit2.o(.ARM.Collect$$libinit$$0000002F) for __rt_lib_init_return
    libinit.o(.ARM.Collect$$libinit$$00000000) refers (Special) to libinit2.o(.ARM.Collect$$libinit$$00000019) for __rt_lib_init_signal_1
    libinit.o(.ARM.Collect$$libinit$$00000000) refers (Special) to libinit2.o(.ARM.Collect$$libinit$$00000021) for __rt_lib_init_stdio_1
    libinit.o(.ARM.Collect$$libinit$$00000000) refers (Special) to libinit2.o(.ARM.Collect$$libinit$$00000008) for __rt_lib_init_user_alloc_1
    libinit.o(.ARM.Collect$$libinit$$00000000) refers to fpinit.o(x$fpl$fpinit) for _fp_init
    sys_command.o(.text) refers (Special) to use_no_semi.o(.text) for __I$use$semihosting
    libspace.o(.text) refers to libspace.o(.bss) for __libspace_start
    rtexit.o(.ARM.Collect$$rtexit$$00000000) refers (Special) to rtexit2.o(.ARM.Collect$$rtexit$$00000004) for __rt_exit_exit
    rtexit.o(.ARM.Collect$$rtexit$$00000000) refers (Special) to rtexit2.o(.ARM.Collect$$rtexit$$00000003) for __rt_exit_ls
    rtexit.o(.ARM.Collect$$rtexit$$00000000) refers (Special) to rtexit2.o(.ARM.Collect$$rtexit$$00000002) for __rt_exit_prels_1
    rtexit.o(.ARM.exidx) refers (Special) to rtexit2.o(.ARM.Collect$$rtexit$$00000004) for __rt_exit_exit
    rtexit.o(.ARM.exidx) refers (Special) to rtexit2.o(.ARM.Collect$$rtexit$$00000003) for __rt_exit_ls
    rtexit.o(.ARM.exidx) refers (Special) to rtexit2.o(.ARM.Collect$$rtexit$$00000002) for __rt_exit_prels_1
    rtexit.o(.ARM.exidx) refers to rtexit.o(.ARM.Collect$$rtexit$$00000000) for .ARM.Collect$$rtexit$$00000000
    defsig_rtmem_outer.o(.text) refers to defsig_rtmem_inner.o(.text) for __rt_SIGRTMEM_inner
    defsig_rtmem_outer.o(.text) refers to defsig_exit.o(.text) for __sig_exit
    defsig_rtmem_formal.o(.text) refers to rt_raise.o(.text) for __rt_raise
    fpinit.o(x$fpl$fpinit) refers to rt_fp_status_addr_intlibspace.o(.text) for __rt_fp_status_addr
    rtexit2.o(.ARM.Collect$$rtexit$$00000003) refers to libshutdown.o(.ARM.Collect$$libshutdown$$00000000) for __rt_lib_shutdown
    rtexit2.o(.ARM.Collect$$rtexit$$00000004) refers to usart.o(i._sys_exit) for _sys_exit
    rtexit2.o(.ARM.exidx) refers to rtexit2.o(.ARM.Collect$$rtexit$$00000001) for .ARM.Collect$$rtexit$$00000001
    rtexit2.o(.ARM.exidx) refers to rtexit2.o(.ARM.Collect$$rtexit$$00000002) for .ARM.Collect$$rtexit$$00000002
    rtexit2.o(.ARM.exidx) refers to rtexit2.o(.ARM.Collect$$rtexit$$00000003) for .ARM.Collect$$rtexit$$00000003
    rtexit2.o(.ARM.exidx) refers to rtexit2.o(.ARM.Collect$$rtexit$$00000004) for .ARM.Collect$$rtexit$$00000004
    rt_raise.o(.text) refers to __raise.o(.text) for __raise
    rt_raise.o(.text) refers to usart.o(i._sys_exit) for _sys_exit
    rt_fp_status_addr.o(.text) refers to rt_fp_status_addr.o(.bss) for __rt_fp_status_addr_data
    rt_fp_status_addr_intlibspace.o(.text) refers to libspace.o(.bss) for __libspace_start
    defsig_exit.o(.text) refers to usart.o(i._sys_exit) for _sys_exit
    defsig_rtmem_inner.o(.text) refers to defsig_general.o(.text) for __default_signal_display
    __raise.o(.text) refers to defsig.o(CL$$defsig) for __default_signal_handler
    defsig_general.o(.text) refers to sys_wrch.o(.text) for _ttywrch
    libshutdown.o(.ARM.Collect$$libshutdown$$00000000) refers (Special) to libshutdown2.o(.ARM.Collect$$libshutdown$$00000006) for __rt_lib_shutdown_fp_trap_1
    libshutdown.o(.ARM.Collect$$libshutdown$$00000000) refers (Special) to libshutdown2.o(.ARM.Collect$$libshutdown$$0000000E) for __rt_lib_shutdown_heap_1
    libshutdown.o(.ARM.Collect$$libshutdown$$00000000) refers (Special) to libshutdown2.o(.ARM.Collect$$libshutdown$$0000000F) for __rt_lib_shutdown_return
    libshutdown.o(.ARM.Collect$$libshutdown$$00000000) refers (Special) to libshutdown2.o(.ARM.Collect$$libshutdown$$00000009) for __rt_lib_shutdown_signal_1
    libshutdown.o(.ARM.Collect$$libshutdown$$00000000) refers (Special) to libshutdown2.o(.ARM.Collect$$libshutdown$$00000003) for __rt_lib_shutdown_stdio_1
    libshutdown.o(.ARM.Collect$$libshutdown$$00000000) refers (Special) to libshutdown2.o(.ARM.Collect$$libshutdown$$0000000B) for __rt_lib_shutdown_user_alloc_1
    sys_wrch.o(.text) refers (Special) to use_no_semi.o(.text) for __I$use$semihosting
    defsig.o(CL$$defsig) refers to defsig_rtmem_inner.o(.text) for __rt_SIGRTMEM_inner
    defsig_abrt_inner.o(.text) refers to defsig_general.o(.text) for __default_signal_display
    defsig_fpe_inner.o(.text) refers to defsig_general.o(.text) for __default_signal_display
    defsig_rtred_inner.o(.text) refers to defsig_general.o(.text) for __default_signal_display
    defsig_stak_inner.o(.text) refers to defsig_general.o(.text) for __default_signal_display
    defsig_pvfn_inner.o(.text) refers to defsig_general.o(.text) for __default_signal_display
    defsig_cppl_inner.o(.text) refers to defsig_general.o(.text) for __default_signal_display
    defsig_segv_inner.o(.text) refers to defsig_general.o(.text) for __default_signal_display
    defsig_other.o(.text) refers to defsig_general.o(.text) for __default_signal_display


==============================================================================

Removing Unused input sections from the image.

    Removing main.o(i.Delay), (14 bytes).
    Removing usart.o(i.USART_CTRT_Configuartion), (76 bytes).
    Removing usart.o(i.UsartGPIO_CTRT_Configuration), (64 bytes).
    Removing stm32f10x_systick.o(i.SysTick_GetCounter), (8 bytes).
    Removing systick.o(i.delay_us), (72 bytes).
    Removing misc.o(i.NVIC_PriorityGroupConfig), (20 bytes).
    Removing misc.o(i.NVIC_SetVectorTable), (24 bytes).
    Removing misc.o(i.NVIC_SystemLPConfig), (44 bytes).
    Removing stm32f10x_can.o(i.CAN_CancelTransmit), (48 bytes).
    Removing stm32f10x_can.o(i.CAN_ClearFlag), (64 bytes).
    Removing stm32f10x_can.o(i.CAN_DBGFreeze), (22 bytes).
    Removing stm32f10x_can.o(i.CAN_FIFORelease), (22 bytes).
    Removing stm32f10x_can.o(i.CAN_GetFlagStatus), (164 bytes).
    Removing stm32f10x_can.o(i.CAN_GetITStatus), (328 bytes).
    Removing stm32f10x_can.o(i.CAN_GetLSBTransmitErrorCounter), (18 bytes).
    Removing stm32f10x_can.o(i.CAN_GetLastErrorCode), (18 bytes).
    Removing stm32f10x_can.o(i.CAN_GetReceiveErrorCounter), (18 bytes).
    Removing stm32f10x_can.o(i.CAN_MessagePending), (42 bytes).
    Removing stm32f10x_can.o(i.CAN_OperatingModeRequest), (208 bytes).
    Removing stm32f10x_can.o(i.CAN_SlaveStartBank), (72 bytes).
    Removing stm32f10x_can.o(i.CAN_Sleep), (38 bytes).
    Removing stm32f10x_can.o(i.CAN_TTComModeCmd), (118 bytes).
    Removing stm32f10x_can.o(i.CAN_TransmitStatus), (204 bytes).
    Removing stm32f10x_can.o(i.CAN_WakeUp), (62 bytes).
    Removing stm32f10x_can.o(i.CheckITStatus), (28 bytes).
    Removing stm32f10x_gpio.o(i.GPIO_AFIODeInit), (20 bytes).
    Removing stm32f10x_gpio.o(i.GPIO_DeInit), (200 bytes).
    Removing stm32f10x_gpio.o(i.GPIO_ETH_MediaInterfaceConfig), (12 bytes).
    Removing stm32f10x_gpio.o(i.GPIO_EXTILineConfig), (92 bytes).
    Removing stm32f10x_gpio.o(i.GPIO_EventOutputCmd), (12 bytes).
    Removing stm32f10x_gpio.o(i.GPIO_EventOutputConfig), (48 bytes).
    Removing stm32f10x_gpio.o(i.GPIO_PinLockConfig), (28 bytes).
    Removing stm32f10x_gpio.o(i.GPIO_ReadInputData), (8 bytes).
    Removing stm32f10x_gpio.o(i.GPIO_ReadInputDataBit), (30 bytes).
    Removing stm32f10x_gpio.o(i.GPIO_ReadOutputData), (8 bytes).
    Removing stm32f10x_gpio.o(i.GPIO_ReadOutputDataBit), (30 bytes).
    Removing stm32f10x_gpio.o(i.GPIO_StructInit), (20 bytes).
    Removing stm32f10x_gpio.o(i.GPIO_Write), (4 bytes).
    Removing stm32f10x_gpio.o(i.GPIO_WriteBit), (10 bytes).
    Removing stm32f10x_rcc.o(i.RCC_ADCCLKConfig), (36 bytes).
    Removing stm32f10x_rcc.o(i.RCC_AHBPeriphClockCmd), (36 bytes).
    Removing stm32f10x_rcc.o(i.RCC_APB2PeriphResetCmd), (36 bytes).
    Removing stm32f10x_rcc.o(i.RCC_AdjustHSICalibrationValue), (36 bytes).
    Removing stm32f10x_rcc.o(i.RCC_BackupResetCmd), (12 bytes).
    Removing stm32f10x_rcc.o(i.RCC_ClearFlag), (20 bytes).
    Removing stm32f10x_rcc.o(i.RCC_ClearITPendingBit), (12 bytes).
    Removing stm32f10x_rcc.o(i.RCC_ClockSecuritySystemCmd), (12 bytes).
    Removing stm32f10x_rcc.o(i.RCC_DeInit), (80 bytes).
    Removing stm32f10x_rcc.o(i.RCC_GetFlagStatus), (88 bytes).
    Removing stm32f10x_rcc.o(i.RCC_GetITStatus), (36 bytes).
    Removing stm32f10x_rcc.o(i.RCC_GetSYSCLKSource), (16 bytes).
    Removing stm32f10x_rcc.o(i.RCC_HCLKConfig), (36 bytes).
    Removing stm32f10x_rcc.o(i.RCC_HSEConfig), (76 bytes).
    Removing stm32f10x_rcc.o(i.RCC_HSICmd), (12 bytes).
    Removing stm32f10x_rcc.o(i.RCC_ITConfig), (40 bytes).
    Removing stm32f10x_rcc.o(i.RCC_LSEConfig), (60 bytes).
    Removing stm32f10x_rcc.o(i.RCC_LSICmd), (12 bytes).
    Removing stm32f10x_rcc.o(i.RCC_MCOConfig), (12 bytes).
    Removing stm32f10x_rcc.o(i.RCC_PCLK1Config), (36 bytes).
    Removing stm32f10x_rcc.o(i.RCC_PCLK2Config), (36 bytes).
    Removing stm32f10x_rcc.o(i.RCC_PLLCmd), (12 bytes).
    Removing stm32f10x_rcc.o(i.RCC_PLLConfig), (40 bytes).
    Removing stm32f10x_rcc.o(i.RCC_RTCCLKCmd), (12 bytes).
    Removing stm32f10x_rcc.o(i.RCC_RTCCLKConfig), (20 bytes).
    Removing stm32f10x_rcc.o(i.RCC_SYSCLKConfig), (36 bytes).
    Removing stm32f10x_rcc.o(i.RCC_USBCLKConfig), (12 bytes).
    Removing stm32f10x_rcc.o(i.RCC_WaitForHSEStartUp), (64 bytes).
    Removing stm32f10x_usart.o(i.USART_ClearITPendingBit), (46 bytes).
    Removing stm32f10x_usart.o(i.USART_ClockInit), (54 bytes).
    Removing stm32f10x_usart.o(i.USART_ClockStructInit), (14 bytes).
    Removing stm32f10x_usart.o(i.USART_DMACmd), (30 bytes).
    Removing stm32f10x_usart.o(i.USART_DeInit), (156 bytes).
    Removing stm32f10x_usart.o(i.USART_GetITStatus), (128 bytes).
    Removing stm32f10x_usart.o(i.USART_HalfDuplexCmd), (26 bytes).
    Removing stm32f10x_usart.o(i.USART_IrDACmd), (26 bytes).
    Removing stm32f10x_usart.o(i.USART_IrDAConfig), (22 bytes).
    Removing stm32f10x_usart.o(i.USART_LINBreakDetectLengthConfig), (22 bytes).
    Removing stm32f10x_usart.o(i.USART_LINCmd), (26 bytes).
    Removing stm32f10x_usart.o(i.USART_OneBitMethodCmd), (26 bytes).
    Removing stm32f10x_usart.o(i.USART_OverSampling8Cmd), (22 bytes).
    Removing stm32f10x_usart.o(i.USART_ReceiveData), (10 bytes).
    Removing stm32f10x_usart.o(i.USART_ReceiverWakeUpCmd), (26 bytes).
    Removing stm32f10x_usart.o(i.USART_SendBreak), (10 bytes).
    Removing stm32f10x_usart.o(i.USART_SetAddress), (22 bytes).
    Removing stm32f10x_usart.o(i.USART_SetGuardTime), (16 bytes).
    Removing stm32f10x_usart.o(i.USART_SetPrescaler), (18 bytes).
    Removing stm32f10x_usart.o(i.USART_SmartCardCmd), (26 bytes).
    Removing stm32f10x_usart.o(i.USART_SmartCardNACKCmd), (26 bytes).
    Removing stm32f10x_usart.o(i.USART_StructInit), (30 bytes).
    Removing stm32f10x_usart.o(i.USART_WakeUpConfig), (22 bytes).
    Removing core_cm3.o(.emb_text), (32 bytes).
    Removing system_stm32f10x.o(i.SystemCoreClockUpdate), (188 bytes).
    Removing system_stm32f10x.o(.data), (20 bytes).

93 unused section(s) (total 4298 bytes) removed from the image.

==============================================================================

Image Symbol Table

    Local Symbols

    Symbol Name                              Value     Ov Type        Size  Object(Section)

    ../../angel/boardlib.s                   0x00000000   Number         0  boardshut.o ABSOLUTE
    ../../angel/boardlib.s                   0x00000000   Number         0  boardinit2.o ABSOLUTE
    ../../angel/boardlib.s                   0x00000000   Number         0  boardinit1.o ABSOLUTE
    ../../angel/boardlib.s                   0x00000000   Number         0  boardinit3.o ABSOLUTE
    ../../angel/handlers.s                   0x00000000   Number         0  __scatter_zi.o ABSOLUTE
    ../../angel/handlers.s                   0x00000000   Number         0  __scatter_copy.o ABSOLUTE
    ../../angel/kernel.s                     0x00000000   Number         0  rtentry.o ABSOLUTE
    ../../angel/kernel.s                     0x00000000   Number         0  rtexit2.o ABSOLUTE
    ../../angel/kernel.s                     0x00000000   Number         0  rtentry4.o ABSOLUTE
    ../../angel/kernel.s                     0x00000000   Number         0  rtentry2.o ABSOLUTE
    ../../angel/kernel.s                     0x00000000   Number         0  rtexit.o ABSOLUTE
    ../../angel/rt.s                         0x00000000   Number         0  rt_raise.o ABSOLUTE
    ../../angel/rt.s                         0x00000000   Number         0  rt_fp_status_addr.o ABSOLUTE
    ../../angel/rt.s                         0x00000000   Number         0  rt_fp_status_addr_intlibspace.o ABSOLUTE
    ../../angel/scatter.s                    0x00000000   Number         0  __scatter.o ABSOLUTE
    ../../angel/startup.s                    0x00000000   Number         0  __main.o ABSOLUTE
    ../../angel/sys.s                        0x00000000   Number         0  use_no_semi_2.o ABSOLUTE
    ../../angel/sys.s                        0x00000000   Number         0  use_no_semi.o ABSOLUTE
    ../../angel/sys.s                        0x00000000   Number         0  sys_stackheap_outer.o ABSOLUTE
    ../../angel/sys.s                        0x00000000   Number         0  libspace.o ABSOLUTE
    ../../angel/sysapp.c                     0x00000000   Number         0  sys_wrch.o ABSOLUTE
    ../../angel/sysapp.c                     0x00000000   Number         0  sys_command.o ABSOLUTE
    ../../armsys.c                           0x00000000   Number         0  no_argv.o ABSOLUTE
    ../../armsys.c                           0x00000000   Number         0  argv_veneer.o ABSOLUTE
    ../../armsys.c                           0x00000000   Number         0  argv_veneer.o ABSOLUTE
    ../../armsys.c                           0x00000000   Number         0  _get_argv_nomalloc.o ABSOLUTE
    ../../fpinit.s                           0x00000000   Number         0  fpinit.o ABSOLUTE
    ../../heapalloc.c                        0x00000000   Number         0  hrguard.o ABSOLUTE
    ../../heapaux.c                          0x00000000   Number         0  heapauxi.o ABSOLUTE
    ../../libinit.s                          0x00000000   Number         0  libshutdown2.o ABSOLUTE
    ../../libinit.s                          0x00000000   Number         0  libinit2.o ABSOLUTE
    ../../libinit.s                          0x00000000   Number         0  libshutdown.o ABSOLUTE
    ../../libinit.s                          0x00000000   Number         0  libinit.o ABSOLUTE
    ../../printf.c                           0x00000000   Number         0  __2printf.o ABSOLUTE
    ../../printf.c                           0x00000000   Number         0  _printf_intcommon.o ABSOLUTE
    ../../printf.c                           0x00000000   Number         0  _printf_char_file.o ABSOLUTE
    ../../printf.c                           0x00000000   Number         0  noretval__2printf.o ABSOLUTE
    ../../printf.c                           0x00000000   Number         0  _printf_char_common.o ABSOLUTE
    ../../printf.c                           0x00000000   Number         0  __printf_flags_ss_wp.o ABSOLUTE
    ../../printf.c                           0x00000000   Number         0  __printf_nopercent.o ABSOLUTE
    ../../printf.c                           0x00000000   Number         0  _printf_hex_ll.o ABSOLUTE
    ../../printf.c                           0x00000000   Number         0  _printf_hex_int.o ABSOLUTE
    ../../printf.c                           0x00000000   Number         0  __printf.o ABSOLUTE
    ../../printf.c                           0x00000000   Number         0  _printf_hex_int_ll.o ABSOLUTE
    ../../printf.c                           0x00000000   Number         0  _printf_hex_ptr.o ABSOLUTE
    ../../printf.c                           0x00000000   Number         0  _printf_hex_int_ptr.o ABSOLUTE
    ../../printf.c                           0x00000000   Number         0  _printf_hex_ll_ptr.o ABSOLUTE
    ../../printf.c                           0x00000000   Number         0  _printf_hex_int_ll_ptr.o ABSOLUTE
    ../../printf.c                           0x00000000   Number         0  __printf_flags.o ABSOLUTE
    ../../printf.c                           0x00000000   Number         0  __printf_ss.o ABSOLUTE
    ../../printf.c                           0x00000000   Number         0  __printf_flags_ss.o ABSOLUTE
    ../../printf.c                           0x00000000   Number         0  __printf_wp.o ABSOLUTE
    ../../printf.c                           0x00000000   Number         0  __printf_flags_wp.o ABSOLUTE
    ../../printf.c                           0x00000000   Number         0  __printf_ss_wp.o ABSOLUTE
    ../../printf_percent.s                   0x00000000   Number         0  _printf_percent_end.o ABSOLUTE
    ../../printf_percent.s                   0x00000000   Number         0  _printf_percent.o ABSOLUTE
    ../../printf_percent.s                   0x00000000   Number         0  _printf_x.o ABSOLUTE
    ../../signal.c                           0x00000000   Number         0  defsig_cppl_inner.o ABSOLUTE
    ../../signal.c                           0x00000000   Number         0  defsig_pvfn_inner.o ABSOLUTE
    ../../signal.c                           0x00000000   Number         0  defsig_stak_inner.o ABSOLUTE
    ../../signal.c                           0x00000000   Number         0  defsig_rtred_inner.o ABSOLUTE
    ../../signal.c                           0x00000000   Number         0  defsig_fpe_inner.o ABSOLUTE
    ../../signal.c                           0x00000000   Number         0  defsig_abrt_inner.o ABSOLUTE
    ../../signal.c                           0x00000000   Number         0  defsig_general.o ABSOLUTE
    ../../signal.c                           0x00000000   Number         0  __raise.o ABSOLUTE
    ../../signal.c                           0x00000000   Number         0  defsig_exit.o ABSOLUTE
    ../../signal.c                           0x00000000   Number         0  defsig_rtmem_formal.o ABSOLUTE
    ../../signal.c                           0x00000000   Number         0  defsig_rtmem_outer.o ABSOLUTE
    ../../signal.c                           0x00000000   Number         0  defsig_rtmem_inner.o ABSOLUTE
    ../../signal.c                           0x00000000   Number         0  defsig_segv_inner.o ABSOLUTE
    ../../signal.c                           0x00000000   Number         0  defsig_other.o ABSOLUTE
    ../../signal.s                           0x00000000   Number         0  defsig.o ABSOLUTE
    ../../stdio.c                            0x00000000   Number         0  ferror_locked.o ABSOLUTE
    ../../stdio.c                            0x00000000   Number         0  ferror.o ABSOLUTE
    ../../stdlib.c                           0x00000000   Number         0  rand.o ABSOLUTE
    ../../stdlib.c                           0x00000000   Number         0  exit.o ABSOLUTE
    ../../stdlib.c                           0x00000000   Number         0  rand.o ABSOLUTE
    ..\Lib\cmsis\core_cm3.c                  0x00000000   Number         0  core_cm3.o ABSOLUTE
    ..\Lib\src\misc.c                        0x00000000   Number         0  misc.o ABSOLUTE
    ..\Lib\src\stm32f10x_can.c               0x00000000   Number         0  stm32f10x_can.o ABSOLUTE
    ..\Lib\src\stm32f10x_gpio.c              0x00000000   Number         0  stm32f10x_gpio.o ABSOLUTE
    ..\Lib\src\stm32f10x_rcc.c               0x00000000   Number         0  stm32f10x_rcc.o ABSOLUTE
    ..\Lib\src\stm32f10x_usart.c             0x00000000   Number         0  stm32f10x_usart.o ABSOLUTE
    ..\Lib\startup\arm\startup_stm32f10x_hd.s 0x00000000   Number         0  startup_stm32f10x_hd.o ABSOLUTE
    ..\User\SysTick\stm32f10x_systick.c      0x00000000   Number         0  stm32f10x_systick.o ABSOLUTE
    ..\User\SysTick\systick.c                0x00000000   Number         0  systick.o ABSOLUTE
    ..\User\main.c                           0x00000000   Number         0  main.o ABSOLUTE
    ..\User\stm32f10x_it.c                   0x00000000   Number         0  stm32f10x_it.o ABSOLUTE
    ..\User\system_stm32f10x.c               0x00000000   Number         0  system_stm32f10x.o ABSOLUTE
    ..\User\usart.c                          0x00000000   Number         0  usart.o ABSOLUTE
    ..\\Lib\\cmsis\\core_cm3.c               0x00000000   Number         0  core_cm3.o ABSOLUTE
    dc.s                                     0x00000000   Number         0  dc.o ABSOLUTE
    RESET                                    0x08000000   Section      304  startup_stm32f10x_hd.o(RESET)
    !!!main                                  0x08000130   Section        8  __main.o(!!!main)
    !!!scatter                               0x08000138   Section       52  __scatter.o(!!!scatter)
    !!handler_copy                           0x0800016c   Section       26  __scatter_copy.o(!!handler_copy)
    !!handler_zi                             0x08000188   Section       28  __scatter_zi.o(!!handler_zi)
    .ARM.Collect$$_printf_percent$$00000000  0x080001a4   Section        0  _printf_percent.o(.ARM.Collect$$_printf_percent$$00000000)
    .ARM.Collect$$_printf_percent$$0000000C  0x080001a4   Section        6  _printf_x.o(.ARM.Collect$$_printf_percent$$0000000C)
    .ARM.Collect$$_printf_percent$$00000017  0x080001aa   Section        4  _printf_percent_end.o(.ARM.Collect$$_printf_percent$$00000017)
    .ARM.Collect$$libinit$$00000000          0x080001ae   Section        6  libinit.o(.ARM.Collect$$libinit$$00000000)
    .ARM.Collect$$libinit$$00000006          0x080001b4   Section        0  libinit2.o(.ARM.Collect$$libinit$$00000006)
    .ARM.Collect$$libinit$$00000008          0x080001b4   Section        0  libinit2.o(.ARM.Collect$$libinit$$00000008)
    .ARM.Collect$$libinit$$00000009          0x080001b4   Section        4  libinit2.o(.ARM.Collect$$libinit$$00000009)
    .ARM.Collect$$libinit$$0000000A          0x080001b8   Section        0  libinit2.o(.ARM.Collect$$libinit$$0000000A)
    .ARM.Collect$$libinit$$0000000D          0x080001b8   Section        0  libinit2.o(.ARM.Collect$$libinit$$0000000D)
    .ARM.Collect$$libinit$$0000000F          0x080001b8   Section        0  libinit2.o(.ARM.Collect$$libinit$$0000000F)
    .ARM.Collect$$libinit$$00000011          0x080001b8   Section        0  libinit2.o(.ARM.Collect$$libinit$$00000011)
    .ARM.Collect$$libinit$$00000013          0x080001b8   Section        0  libinit2.o(.ARM.Collect$$libinit$$00000013)
    .ARM.Collect$$libinit$$00000015          0x080001b8   Section        0  libinit2.o(.ARM.Collect$$libinit$$00000015)
    .ARM.Collect$$libinit$$00000017          0x080001b8   Section        0  libinit2.o(.ARM.Collect$$libinit$$00000017)
    .ARM.Collect$$libinit$$00000019          0x080001b8   Section        0  libinit2.o(.ARM.Collect$$libinit$$00000019)
    .ARM.Collect$$libinit$$0000001B          0x080001b8   Section        0  libinit2.o(.ARM.Collect$$libinit$$0000001B)
    .ARM.Collect$$libinit$$0000001D          0x080001b8   Section        0  libinit2.o(.ARM.Collect$$libinit$$0000001D)
    .ARM.Collect$$libinit$$0000001F          0x080001b8   Section        0  libinit2.o(.ARM.Collect$$libinit$$0000001F)
    .ARM.Collect$$libinit$$00000021          0x080001b8   Section        0  libinit2.o(.ARM.Collect$$libinit$$00000021)
    .ARM.Collect$$libinit$$00000028          0x080001b8   Section        0  libinit2.o(.ARM.Collect$$libinit$$00000028)
    .ARM.Collect$$libinit$$0000002A          0x080001b8   Section        0  libinit2.o(.ARM.Collect$$libinit$$0000002A)
    .ARM.Collect$$libinit$$0000002C          0x080001b8   Section        0  libinit2.o(.ARM.Collect$$libinit$$0000002C)
    .ARM.Collect$$libinit$$0000002E          0x080001b8   Section        0  libinit2.o(.ARM.Collect$$libinit$$0000002E)
    .ARM.Collect$$libinit$$0000002F          0x080001b8   Section        2  libinit2.o(.ARM.Collect$$libinit$$0000002F)
    .ARM.Collect$$libshutdown$$00000000      0x080001ba   Section        2  libshutdown.o(.ARM.Collect$$libshutdown$$00000000)
    .ARM.Collect$$libshutdown$$00000003      0x080001bc   Section        0  libshutdown2.o(.ARM.Collect$$libshutdown$$00000003)
    .ARM.Collect$$libshutdown$$00000006      0x080001bc   Section        0  libshutdown2.o(.ARM.Collect$$libshutdown$$00000006)
    .ARM.Collect$$libshutdown$$00000009      0x080001bc   Section        0  libshutdown2.o(.ARM.Collect$$libshutdown$$00000009)
    .ARM.Collect$$libshutdown$$0000000B      0x080001bc   Section        0  libshutdown2.o(.ARM.Collect$$libshutdown$$0000000B)
    .ARM.Collect$$libshutdown$$0000000E      0x080001bc   Section        0  libshutdown2.o(.ARM.Collect$$libshutdown$$0000000E)
    .ARM.Collect$$libshutdown$$0000000F      0x080001bc   Section        2  libshutdown2.o(.ARM.Collect$$libshutdown$$0000000F)
    .ARM.Collect$$rtentry$$00000000          0x080001be   Section        0  rtentry.o(.ARM.Collect$$rtentry$$00000000)
    .ARM.Collect$$rtentry$$00000002          0x080001be   Section        0  rtentry2.o(.ARM.Collect$$rtentry$$00000002)
    .ARM.Collect$$rtentry$$00000004          0x080001be   Section        6  rtentry4.o(.ARM.Collect$$rtentry$$00000004)
    .ARM.Collect$$rtentry$$00000009          0x080001c4   Section        0  rtentry2.o(.ARM.Collect$$rtentry$$00000009)
    .ARM.Collect$$rtentry$$0000000A          0x080001c4   Section        4  rtentry2.o(.ARM.Collect$$rtentry$$0000000A)
    .ARM.Collect$$rtentry$$0000000C          0x080001c8   Section        0  rtentry2.o(.ARM.Collect$$rtentry$$0000000C)
    .ARM.Collect$$rtentry$$0000000D          0x080001c8   Section        8  rtentry2.o(.ARM.Collect$$rtentry$$0000000D)
    .ARM.Collect$$rtexit$$00000000           0x080001d0   Section        2  rtexit.o(.ARM.Collect$$rtexit$$00000000)
    .ARM.Collect$$rtexit$$00000002           0x080001d2   Section        0  rtexit2.o(.ARM.Collect$$rtexit$$00000002)
    .ARM.Collect$$rtexit$$00000003           0x080001d2   Section        4  rtexit2.o(.ARM.Collect$$rtexit$$00000003)
    .ARM.Collect$$rtexit$$00000004           0x080001d6   Section        6  rtexit2.o(.ARM.Collect$$rtexit$$00000004)
    .emb_text                                0x080001dc   Section       52  rand.o(.emb_text)
    .text                                    0x08000210   Section       64  startup_stm32f10x_hd.o(.text)
    .text                                    0x08000250   Section        2  use_no_semi_2.o(.text)
    .text                                    0x08000254   Section        0  noretval__2printf.o(.text)
    .text                                    0x0800026c   Section        0  __printf.o(.text)
    .text                                    0x080002d8   Section        0  _printf_hex_int.o(.text)
    .text                                    0x08000334   Section        0  rand.o(.text)
    .text                                    0x08000370   Section        0  heapauxi.o(.text)
    .text                                    0x08000376   Section        2  use_no_semi.o(.text)
    .text                                    0x08000378   Section        0  _printf_intcommon.o(.text)
    .text                                    0x08000430   Section        0  _printf_char_file.o(.text)
    .text                                    0x08000454   Section        0  _printf_char_common.o(.text)
    _printf_input_char                       0x08000455   Thumb Code    10  _printf_char_common.o(.text)
    .text                                    0x08000484   Section        0  ferror.o(.text)
    .text                                    0x0800048c   Section       74  sys_stackheap_outer.o(.text)
    .text                                    0x080004d6   Section        0  exit.o(.text)
    .text                                    0x080004e4   Section        8  libspace.o(.text)
    .text                                    0x080004ec   Section        8  rt_fp_status_addr_intlibspace.o(.text)
    i.BusFault_Handler                       0x080004f4   Section        0  stm32f10x_it.o(i.BusFault_Handler)
    i.CAN_ClearITPendingBit                  0x080004f8   Section        0  stm32f10x_can.o(i.CAN_ClearITPendingBit)
    i.CAN_Configuration                      0x080005b8   Section        0  main.o(i.CAN_Configuration)
    i.CAN_DeInit                             0x0800066c   Section        0  stm32f10x_can.o(i.CAN_DeInit)
    i.CAN_FilterInit                         0x080006a4   Section        0  stm32f10x_can.o(i.CAN_FilterInit)
    i.CAN_ITConfig                           0x080007c4   Section        0  stm32f10x_can.o(i.CAN_ITConfig)
    i.CAN_Init                               0x080007da   Section        0  stm32f10x_can.o(i.CAN_Init)
    i.CAN_Receive                            0x08000918   Section        0  stm32f10x_can.o(i.CAN_Receive)
    i.CAN_StructInit                         0x08000a16   Section        0  stm32f10x_can.o(i.CAN_StructInit)
    i.CAN_Transmit                           0x08000a3e   Section        0  stm32f10x_can.o(i.CAN_Transmit)
    i.CanWriteData                           0x08000b8c   Section        0  main.o(i.CanWriteData)
    i.DebugMon_Handler                       0x08000cb8   Section        0  stm32f10x_it.o(i.DebugMon_Handler)
    i.GPIO_Configuration                     0x08000cbc   Section        0  main.o(i.GPIO_Configuration)
    i.GPIO_Init                              0x08000d3c   Section        0  stm32f10x_gpio.o(i.GPIO_Init)
    i.GPIO_PinRemapConfig                    0x08000e94   Section        0  stm32f10x_gpio.o(i.GPIO_PinRemapConfig)
    i.GPIO_ResetBits                         0x08000f4c   Section        0  stm32f10x_gpio.o(i.GPIO_ResetBits)
    i.GPIO_SetBits                           0x08000f50   Section        0  stm32f10x_gpio.o(i.GPIO_SetBits)
    i.HardFault_Handler                      0x08000f54   Section        0  stm32f10x_it.o(i.HardFault_Handler)
    i.MemManage_Handler                      0x08000f58   Section        0  stm32f10x_it.o(i.MemManage_Handler)
    i.NMI_Handler                            0x08000f5c   Section        0  stm32f10x_it.o(i.NMI_Handler)
    i.NVIC_Configuration                     0x08000f5e   Section        0  main.o(i.NVIC_Configuration)
    i.NVIC_Init                              0x08000f84   Section        0  misc.o(i.NVIC_Init)
    i.PendSV_Handler                         0x08001024   Section        0  stm32f10x_it.o(i.PendSV_Handler)
    i.RCC_APB1PeriphClockCmd                 0x08001028   Section        0  stm32f10x_rcc.o(i.RCC_APB1PeriphClockCmd)
    i.RCC_APB1PeriphResetCmd                 0x0800104c   Section        0  stm32f10x_rcc.o(i.RCC_APB1PeriphResetCmd)
    i.RCC_APB2PeriphClockCmd                 0x08001070   Section        0  stm32f10x_rcc.o(i.RCC_APB2PeriphClockCmd)
    i.RCC_GetClocksFreq                      0x08001094   Section        0  stm32f10x_rcc.o(i.RCC_GetClocksFreq)
    i.SVC_Handler                            0x080011a4   Section        0  stm32f10x_it.o(i.SVC_Handler)
    i.SetSysClock                            0x080011a6   Section        0  system_stm32f10x.o(i.SetSysClock)
    SetSysClock                              0x080011a7   Thumb Code     8  system_stm32f10x.o(i.SetSysClock)
    i.SetSysClockTo72                        0x080011b0   Section        0  system_stm32f10x.o(i.SetSysClockTo72)
    SetSysClockTo72                          0x080011b1   Thumb Code   210  system_stm32f10x.o(i.SetSysClockTo72)
    i.SysTick_CLKSourceConfig                0x0800128c   Section        0  misc.o(i.SysTick_CLKSourceConfig)
    i.SysTick_CounterCmd                     0x080012b4   Section        0  stm32f10x_systick.o(i.SysTick_CounterCmd)
    i.SysTick_GetFlagStatus                  0x080012ec   Section        0  stm32f10x_systick.o(i.SysTick_GetFlagStatus)
    i.SysTick_Handler                        0x08001330   Section        0  stm32f10x_it.o(i.SysTick_Handler)
    i.SysTick_ITConfig                       0x08001332   Section        0  stm32f10x_systick.o(i.SysTick_ITConfig)
    i.SysTick_SetReload                      0x08001358   Section        0  stm32f10x_systick.o(i.SysTick_SetReload)
    i.SystemInit                             0x08001360   Section        0  system_stm32f10x.o(i.SystemInit)
    i.USART_ClearFlag                        0x080013c4   Section        0  stm32f10x_usart.o(i.USART_ClearFlag)
    i.USART_Cmd                              0x080013d8   Section        0  stm32f10x_usart.o(i.USART_Cmd)
    i.USART_Configuration                    0x080013f4   Section        0  usart.o(i.USART_Configuration)
    i.USART_GetFlagStatus                    0x080014a0   Section        0  stm32f10x_usart.o(i.USART_GetFlagStatus)
    i.USART_ITConfig                         0x080014c6   Section        0  stm32f10x_usart.o(i.USART_ITConfig)
    i.USART_Init                             0x0800152c   Section        0  stm32f10x_usart.o(i.USART_Init)
    i.USART_SendData                         0x08001648   Section        0  stm32f10x_usart.o(i.USART_SendData)
    i.USB_LP_CAN1_RX0_IRQHandler             0x08001650   Section        0  main.o(i.USB_LP_CAN1_RX0_IRQHandler)
    i.UsageFault_Handler                     0x080016e4   Section        0  stm32f10x_it.o(i.UsageFault_Handler)
    i._sys_exit                              0x080016e8   Section        0  usart.o(i._sys_exit)
    i.delay_init                             0x080016f0   Section        0  systick.o(i.delay_init)
    i.delay_ms                               0x08001734   Section        0  systick.o(i.delay_ms)
    i.fputc                                  0x08001788   Section        0  usart.o(i.fputc)
    i.main                                   0x080017ac   Section        0  main.o(i.main)
    x$fpl$fpinit                             0x080019ac   Section       14  fpinit.o(x$fpl$fpinit)
    .constdata                               0x080019bc   Section       69  main.o(.constdata)
    .constdata                               0x08001a01   Section       40  _printf_hex_int.o(.constdata)
    uc_hextab                                0x08001a01   Data          20  _printf_hex_int.o(.constdata)
    lc_hextab                                0x08001a15   Data          20  _printf_hex_int.o(.constdata)
    .data                                    0x20000000   Section       12  main.o(.data)
    .data                                    0x2000000c   Section        4  usart.o(.data)
    .data                                    0x20000010   Section        5  systick.o(.data)
    delay_fac_us                             0x20000010   Data           1  systick.o(.data)
    delay_fac_ms                             0x20000012   Data           2  systick.o(.data)
    Status                                   0x20000014   Data           1  systick.o(.data)
    .data                                    0x20000015   Section       20  stm32f10x_rcc.o(.data)
    APBAHBPrescTable                         0x20000015   Data          16  stm32f10x_rcc.o(.data)
    ADCPrescTable                            0x20000025   Data           4  stm32f10x_rcc.o(.data)
    .bss                                     0x2000002c   Section      228  rand.o(.bss)
    .bss                                     0x20000110   Section       96  libspace.o(.bss)
    HEAP                                     0x20000170   Section      512  startup_stm32f10x_hd.o(HEAP)
    Heap_Mem                                 0x20000170   Data         512  startup_stm32f10x_hd.o(HEAP)
    STACK                                    0x20000370   Section     1024  startup_stm32f10x_hd.o(STACK)
    Stack_Mem                                0x20000370   Data        1024  startup_stm32f10x_hd.o(STACK)
    __initial_sp                             0x20000770   Data           0  startup_stm32f10x_hd.o(STACK)

    Global Symbols

    Symbol Name                              Value     Ov Type        Size  Object(Section)

    BuildAttributes$$THM_ISAv4$P$D$K$B$S$PE$A:L22UL41UL21$X:L11$S22US41US21$IEEE1$IW$USESV6$~STKCKD$USESV7$~SHL$OSPACE$ROPI$EBA8$UX$STANDARDLIB$REQ8$PRES8$EABIv2 0x00000000   Number         0  anon$$obj.o ABSOLUTE
    __ARM_use_no_argv                        0x00000000   Number         0  main.o ABSOLUTE
    __ARM_exceptions_init                     - Undefined Weak Reference
    __alloca_initialize                       - Undefined Weak Reference
    __cpp_initialize__aeabi_                  - Undefined Weak Reference
    __cxa_finalize                            - Undefined Weak Reference
    __rt_locale                               - Undefined Weak Reference
    __sigvec_lookup                           - Undefined Weak Reference
    _atexit_init                              - Undefined Weak Reference
    _call_atexit_fns                          - Undefined Weak Reference
    _clock_init                               - Undefined Weak Reference
    _fp_trap_init                             - Undefined Weak Reference
    _fp_trap_shutdown                         - Undefined Weak Reference
    _get_lc_collate                           - Undefined Weak Reference
    _get_lc_ctype                             - Undefined Weak Reference
    _get_lc_monetary                          - Undefined Weak Reference
    _get_lc_numeric                           - Undefined Weak Reference
    _get_lc_time                              - Undefined Weak Reference
    _getenv_init                              - Undefined Weak Reference
    _handle_redirection                       - Undefined Weak Reference
    _init_alloc                               - Undefined Weak Reference
    _init_user_alloc                          - Undefined Weak Reference
    _initio                                   - Undefined Weak Reference
    _mutex_acquire                            - Undefined Weak Reference
    _mutex_release                            - Undefined Weak Reference
    _printf_post_padding                      - Undefined Weak Reference
    _printf_pre_padding                       - Undefined Weak Reference
    _printf_truncate_unsigned                 - Undefined Weak Reference
    _signal_finish                            - Undefined Weak Reference
    _signal_init                              - Undefined Weak Reference
    _terminate_alloc                          - Undefined Weak Reference
    _terminate_user_alloc                     - Undefined Weak Reference
    _terminateio                              - Undefined Weak Reference
    __Vectors_Size                           0x00000130   Number         0  startup_stm32f10x_hd.o ABSOLUTE
    __Vectors                                0x08000000   Data           4  startup_stm32f10x_hd.o(RESET)
    __Vectors_End                            0x08000130   Data           0  startup_stm32f10x_hd.o(RESET)
    __main                                   0x08000131   Thumb Code     8  __main.o(!!!main)
    __scatterload                            0x08000139   Thumb Code     0  __scatter.o(!!!scatter)
    __scatterload_rt2                        0x08000139   Thumb Code    44  __scatter.o(!!!scatter)
    __scatterload_rt2_thumb_only             0x08000139   Thumb Code     0  __scatter.o(!!!scatter)
    __scatterload_null                       0x08000147   Thumb Code     0  __scatter.o(!!!scatter)
    __scatterload_copy                       0x0800016d   Thumb Code    26  __scatter_copy.o(!!handler_copy)
    __scatterload_zeroinit                   0x08000189   Thumb Code    28  __scatter_zi.o(!!handler_zi)
    _printf_percent                          0x080001a5   Thumb Code     0  _printf_percent.o(.ARM.Collect$$_printf_percent$$00000000)
    _printf_x                                0x080001a5   Thumb Code     0  _printf_x.o(.ARM.Collect$$_printf_percent$$0000000C)
    _printf_percent_end                      0x080001ab   Thumb Code     0  _printf_percent_end.o(.ARM.Collect$$_printf_percent$$00000017)
    __rt_lib_init                            0x080001af   Thumb Code     0  libinit.o(.ARM.Collect$$libinit$$00000000)
    __rt_lib_init_heap_1                     0x080001b5   Thumb Code     0  libinit2.o(.ARM.Collect$$libinit$$00000006)
    __rt_lib_init_rand_2                     0x080001b5   Thumb Code     0  libinit2.o(.ARM.Collect$$libinit$$00000009)
    __rt_lib_init_user_alloc_1               0x080001b5   Thumb Code     0  libinit2.o(.ARM.Collect$$libinit$$00000008)
    __rt_lib_init_alloca_1                   0x080001b9   Thumb Code     0  libinit2.o(.ARM.Collect$$libinit$$0000002A)
    __rt_lib_init_argv_1                     0x080001b9   Thumb Code     0  libinit2.o(.ARM.Collect$$libinit$$00000028)
    __rt_lib_init_atexit_1                   0x080001b9   Thumb Code     0  libinit2.o(.ARM.Collect$$libinit$$00000017)
    __rt_lib_init_clock_1                    0x080001b9   Thumb Code     0  libinit2.o(.ARM.Collect$$libinit$$0000001D)
    __rt_lib_init_cpp_1                      0x080001b9   Thumb Code     0  libinit2.o(.ARM.Collect$$libinit$$0000002E)
    __rt_lib_init_exceptions_1               0x080001b9   Thumb Code     0  libinit2.o(.ARM.Collect$$libinit$$0000002C)
    __rt_lib_init_fp_trap_1                  0x080001b9   Thumb Code     0  libinit2.o(.ARM.Collect$$libinit$$0000001B)
    __rt_lib_init_getenv_1                   0x080001b9   Thumb Code     0  libinit2.o(.ARM.Collect$$libinit$$0000001F)
    __rt_lib_init_lc_collate_1               0x080001b9   Thumb Code     0  libinit2.o(.ARM.Collect$$libinit$$0000000D)
    __rt_lib_init_lc_ctype_1                 0x080001b9   Thumb Code     0  libinit2.o(.ARM.Collect$$libinit$$0000000F)
    __rt_lib_init_lc_monetary_1              0x080001b9   Thumb Code     0  libinit2.o(.ARM.Collect$$libinit$$00000011)
    __rt_lib_init_lc_numeric_1               0x080001b9   Thumb Code     0  libinit2.o(.ARM.Collect$$libinit$$00000013)
    __rt_lib_init_lc_time_1                  0x080001b9   Thumb Code     0  libinit2.o(.ARM.Collect$$libinit$$00000015)
    __rt_lib_init_rand_1                     0x080001b9   Thumb Code     0  libinit2.o(.ARM.Collect$$libinit$$0000000A)
    __rt_lib_init_return                     0x080001b9   Thumb Code     0  libinit2.o(.ARM.Collect$$libinit$$0000002F)
    __rt_lib_init_signal_1                   0x080001b9   Thumb Code     0  libinit2.o(.ARM.Collect$$libinit$$00000019)
    __rt_lib_init_stdio_1                    0x080001b9   Thumb Code     0  libinit2.o(.ARM.Collect$$libinit$$00000021)
    __rt_lib_shutdown                        0x080001bb   Thumb Code     0  libshutdown.o(.ARM.Collect$$libshutdown$$00000000)
    __rt_lib_shutdown_fp_trap_1              0x080001bd   Thumb Code     0  libshutdown2.o(.ARM.Collect$$libshutdown$$00000006)
    __rt_lib_shutdown_heap_1                 0x080001bd   Thumb Code     0  libshutdown2.o(.ARM.Collect$$libshutdown$$0000000E)
    __rt_lib_shutdown_return                 0x080001bd   Thumb Code     0  libshutdown2.o(.ARM.Collect$$libshutdown$$0000000F)
    __rt_lib_shutdown_signal_1               0x080001bd   Thumb Code     0  libshutdown2.o(.ARM.Collect$$libshutdown$$00000009)
    __rt_lib_shutdown_stdio_1                0x080001bd   Thumb Code     0  libshutdown2.o(.ARM.Collect$$libshutdown$$00000003)
    __rt_lib_shutdown_user_alloc_1           0x080001bd   Thumb Code     0  libshutdown2.o(.ARM.Collect$$libshutdown$$0000000B)
    __rt_entry                               0x080001bf   Thumb Code     0  rtentry.o(.ARM.Collect$$rtentry$$00000000)
    __rt_entry_presh_1                       0x080001bf   Thumb Code     0  rtentry2.o(.ARM.Collect$$rtentry$$00000002)
    __rt_entry_sh                            0x080001bf   Thumb Code     0  rtentry4.o(.ARM.Collect$$rtentry$$00000004)
    __rt_entry_li                            0x080001c5   Thumb Code     0  rtentry2.o(.ARM.Collect$$rtentry$$0000000A)
    __rt_entry_postsh_1                      0x080001c5   Thumb Code     0  rtentry2.o(.ARM.Collect$$rtentry$$00000009)
    __rt_entry_main                          0x080001c9   Thumb Code     0  rtentry2.o(.ARM.Collect$$rtentry$$0000000D)
    __rt_entry_postli_1                      0x080001c9   Thumb Code     0  rtentry2.o(.ARM.Collect$$rtentry$$0000000C)
    __rt_exit                                0x080001d1   Thumb Code     0  rtexit.o(.ARM.Collect$$rtexit$$00000000)
    __rt_exit_ls                             0x080001d3   Thumb Code     0  rtexit2.o(.ARM.Collect$$rtexit$$00000003)
    __rt_exit_prels_1                        0x080001d3   Thumb Code     0  rtexit2.o(.ARM.Collect$$rtexit$$00000002)
    __rt_exit_exit                           0x080001d7   Thumb Code     0  rtexit2.o(.ARM.Collect$$rtexit$$00000004)
    rand                                     0x080001dd   Thumb Code    48  rand.o(.emb_text)
    Reset_Handler                            0x08000211   Thumb Code     8  startup_stm32f10x_hd.o(.text)
    ADC1_2_IRQHandler                        0x0800022b   Thumb Code     0  startup_stm32f10x_hd.o(.text)
    ADC3_IRQHandler                          0x0800022b   Thumb Code     0  startup_stm32f10x_hd.o(.text)
    CAN1_RX1_IRQHandler                      0x0800022b   Thumb Code     0  startup_stm32f10x_hd.o(.text)
    CAN1_SCE_IRQHandler                      0x0800022b   Thumb Code     0  startup_stm32f10x_hd.o(.text)
    DMA1_Channel1_IRQHandler                 0x0800022b   Thumb Code     0  startup_stm32f10x_hd.o(.text)
    DMA1_Channel2_IRQHandler                 0x0800022b   Thumb Code     0  startup_stm32f10x_hd.o(.text)
    DMA1_Channel3_IRQHandler                 0x0800022b   Thumb Code     0  startup_stm32f10x_hd.o(.text)
    DMA1_Channel4_IRQHandler                 0x0800022b   Thumb Code     0  startup_stm32f10x_hd.o(.text)
    DMA1_Channel5_IRQHandler                 0x0800022b   Thumb Code     0  startup_stm32f10x_hd.o(.text)
    DMA1_Channel6_IRQHandler                 0x0800022b   Thumb Code     0  startup_stm32f10x_hd.o(.text)
    DMA1_Channel7_IRQHandler                 0x0800022b   Thumb Code     0  startup_stm32f10x_hd.o(.text)
    DMA2_Channel1_IRQHandler                 0x0800022b   Thumb Code     0  startup_stm32f10x_hd.o(.text)
    DMA2_Channel2_IRQHandler                 0x0800022b   Thumb Code     0  startup_stm32f10x_hd.o(.text)
    DMA2_Channel3_IRQHandler                 0x0800022b   Thumb Code     0  startup_stm32f10x_hd.o(.text)
    DMA2_Channel4_5_IRQHandler               0x0800022b   Thumb Code     0  startup_stm32f10x_hd.o(.text)
    EXTI0_IRQHandler                         0x0800022b   Thumb Code     0  startup_stm32f10x_hd.o(.text)
    EXTI15_10_IRQHandler                     0x0800022b   Thumb Code     0  startup_stm32f10x_hd.o(.text)
    EXTI1_IRQHandler                         0x0800022b   Thumb Code     0  startup_stm32f10x_hd.o(.text)
    EXTI2_IRQHandler                         0x0800022b   Thumb Code     0  startup_stm32f10x_hd.o(.text)
    EXTI3_IRQHandler                         0x0800022b   Thumb Code     0  startup_stm32f10x_hd.o(.text)
    EXTI4_IRQHandler                         0x0800022b   Thumb Code     0  startup_stm32f10x_hd.o(.text)
    EXTI9_5_IRQHandler                       0x0800022b   Thumb Code     0  startup_stm32f10x_hd.o(.text)
    FLASH_IRQHandler                         0x0800022b   Thumb Code     0  startup_stm32f10x_hd.o(.text)
    FSMC_IRQHandler                          0x0800022b   Thumb Code     0  startup_stm32f10x_hd.o(.text)
    I2C1_ER_IRQHandler                       0x0800022b   Thumb Code     0  startup_stm32f10x_hd.o(.text)
    I2C1_EV_IRQHandler                       0x0800022b   Thumb Code     0  startup_stm32f10x_hd.o(.text)
    I2C2_ER_IRQHandler                       0x0800022b   Thumb Code     0  startup_stm32f10x_hd.o(.text)
    I2C2_EV_IRQHandler                       0x0800022b   Thumb Code     0  startup_stm32f10x_hd.o(.text)
    PVD_IRQHandler                           0x0800022b   Thumb Code     0  startup_stm32f10x_hd.o(.text)
    RCC_IRQHandler                           0x0800022b   Thumb Code     0  startup_stm32f10x_hd.o(.text)
    RTCAlarm_IRQHandler                      0x0800022b   Thumb Code     0  startup_stm32f10x_hd.o(.text)
    RTC_IRQHandler                           0x0800022b   Thumb Code     0  startup_stm32f10x_hd.o(.text)
    SDIO_IRQHandler                          0x0800022b   Thumb Code     0  startup_stm32f10x_hd.o(.text)
    SPI1_IRQHandler                          0x0800022b   Thumb Code     0  startup_stm32f10x_hd.o(.text)
    SPI2_IRQHandler                          0x0800022b   Thumb Code     0  startup_stm32f10x_hd.o(.text)
    SPI3_IRQHandler                          0x0800022b   Thumb Code     0  startup_stm32f10x_hd.o(.text)
    TAMPER_IRQHandler                        0x0800022b   Thumb Code     0  startup_stm32f10x_hd.o(.text)
    TIM1_BRK_IRQHandler                      0x0800022b   Thumb Code     0  startup_stm32f10x_hd.o(.text)
    TIM1_CC_IRQHandler                       0x0800022b   Thumb Code     0  startup_stm32f10x_hd.o(.text)
    TIM1_TRG_COM_IRQHandler                  0x0800022b   Thumb Code     0  startup_stm32f10x_hd.o(.text)
    TIM1_UP_IRQHandler                       0x0800022b   Thumb Code     0  startup_stm32f10x_hd.o(.text)
    TIM2_IRQHandler                          0x0800022b   Thumb Code     0  startup_stm32f10x_hd.o(.text)
    TIM3_IRQHandler                          0x0800022b   Thumb Code     0  startup_stm32f10x_hd.o(.text)
    TIM4_IRQHandler                          0x0800022b   Thumb Code     0  startup_stm32f10x_hd.o(.text)
    TIM5_IRQHandler                          0x0800022b   Thumb Code     0  startup_stm32f10x_hd.o(.text)
    TIM6_IRQHandler                          0x0800022b   Thumb Code     0  startup_stm32f10x_hd.o(.text)
    TIM7_IRQHandler                          0x0800022b   Thumb Code     0  startup_stm32f10x_hd.o(.text)
    TIM8_BRK_IRQHandler                      0x0800022b   Thumb Code     0  startup_stm32f10x_hd.o(.text)
    TIM8_CC_IRQHandler                       0x0800022b   Thumb Code     0  startup_stm32f10x_hd.o(.text)
    TIM8_TRG_COM_IRQHandler                  0x0800022b   Thumb Code     0  startup_stm32f10x_hd.o(.text)
    TIM8_UP_IRQHandler                       0x0800022b   Thumb Code     0  startup_stm32f10x_hd.o(.text)
    UART4_IRQHandler                         0x0800022b   Thumb Code     0  startup_stm32f10x_hd.o(.text)
    UART5_IRQHandler                         0x0800022b   Thumb Code     0  startup_stm32f10x_hd.o(.text)
    USART1_IRQHandler                        0x0800022b   Thumb Code     0  startup_stm32f10x_hd.o(.text)
    USART2_IRQHandler                        0x0800022b   Thumb Code     0  startup_stm32f10x_hd.o(.text)
    USART3_IRQHandler                        0x0800022b   Thumb Code     0  startup_stm32f10x_hd.o(.text)
    USBWakeUp_IRQHandler                     0x0800022b   Thumb Code     0  startup_stm32f10x_hd.o(.text)
    USB_HP_CAN1_TX_IRQHandler                0x0800022b   Thumb Code     0  startup_stm32f10x_hd.o(.text)
    WWDG_IRQHandler                          0x0800022b   Thumb Code     0  startup_stm32f10x_hd.o(.text)
    __user_initial_stackheap                 0x0800022d   Thumb Code     0  startup_stm32f10x_hd.o(.text)
    __use_no_semihosting                     0x08000251   Thumb Code     2  use_no_semi_2.o(.text)
    __2printf                                0x08000255   Thumb Code    20  noretval__2printf.o(.text)
    __printf                                 0x0800026d   Thumb Code   106  __printf.o(.text)
    _printf_int_hex                          0x080002d9   Thumb Code    88  _printf_hex_int.o(.text)
    _printf_longlong_hex                     0x080002d9   Thumb Code     0  _printf_hex_int.o(.text)
    srand                                    0x08000335   Thumb Code    42  rand.o(.text)
    _rand_init                               0x0800035f   Thumb Code     4  rand.o(.text)
    __use_two_region_memory                  0x08000371   Thumb Code     2  heapauxi.o(.text)
    __rt_heap_escrow$2region                 0x08000373   Thumb Code     2  heapauxi.o(.text)
    __rt_heap_expand$2region                 0x08000375   Thumb Code     2  heapauxi.o(.text)
    __I$use$semihosting                      0x08000377   Thumb Code     0  use_no_semi.o(.text)
    __use_no_semihosting_swi                 0x08000377   Thumb Code     2  use_no_semi.o(.text)
    _printf_int_common                       0x08000379   Thumb Code   182  _printf_intcommon.o(.text)
    _printf_char_file                        0x08000431   Thumb Code    32  _printf_char_file.o(.text)
    _printf_char_common                      0x0800045f   Thumb Code    32  _printf_char_common.o(.text)
    ferror                                   0x08000485   Thumb Code     8  ferror.o(.text)
    __user_setup_stackheap                   0x0800048d   Thumb Code    74  sys_stackheap_outer.o(.text)
    exit                                     0x080004d7   Thumb Code    12  exit.o(.text)
    __user_libspace                          0x080004e5   Thumb Code     8  libspace.o(.text)
    __user_perproc_libspace                  0x080004e5   Thumb Code     0  libspace.o(.text)
    __user_perthread_libspace                0x080004e5   Thumb Code     0  libspace.o(.text)
    __rt_fp_status_addr                      0x080004ed   Thumb Code     8  rt_fp_status_addr_intlibspace.o(.text)
    BusFault_Handler                         0x080004f5   Thumb Code     4  stm32f10x_it.o(i.BusFault_Handler)
    CAN_ClearITPendingBit                    0x080004f9   Thumb Code   188  stm32f10x_can.o(i.CAN_ClearITPendingBit)
    CAN_Configuration                        0x080005b9   Thumb Code   174  main.o(i.CAN_Configuration)
    CAN_DeInit                               0x0800066d   Thumb Code    50  stm32f10x_can.o(i.CAN_DeInit)
    CAN_FilterInit                           0x080006a5   Thumb Code   258  stm32f10x_can.o(i.CAN_FilterInit)
    CAN_ITConfig                             0x080007c5   Thumb Code    22  stm32f10x_can.o(i.CAN_ITConfig)
    CAN_Init                                 0x080007db   Thumb Code   318  stm32f10x_can.o(i.CAN_Init)
    CAN_Receive                              0x08000919   Thumb Code   254  stm32f10x_can.o(i.CAN_Receive)
    CAN_StructInit                           0x08000a17   Thumb Code    40  stm32f10x_can.o(i.CAN_StructInit)
    CAN_Transmit                             0x08000a3f   Thumb Code   332  stm32f10x_can.o(i.CAN_Transmit)
    CanWriteData                             0x08000b8d   Thumb Code   264  main.o(i.CanWriteData)
    DebugMon_Handler                         0x08000cb9   Thumb Code     2  stm32f10x_it.o(i.DebugMon_Handler)
    GPIO_Configuration                       0x08000cbd   Thumb Code   118  main.o(i.GPIO_Configuration)
    GPIO_Init                                0x08000d3d   Thumb Code   342  stm32f10x_gpio.o(i.GPIO_Init)
    GPIO_PinRemapConfig                      0x08000e95   Thumb Code   180  stm32f10x_gpio.o(i.GPIO_PinRemapConfig)
    GPIO_ResetBits                           0x08000f4d   Thumb Code     4  stm32f10x_gpio.o(i.GPIO_ResetBits)
    GPIO_SetBits                             0x08000f51   Thumb Code     4  stm32f10x_gpio.o(i.GPIO_SetBits)
    HardFault_Handler                        0x08000f55   Thumb Code     4  stm32f10x_it.o(i.HardFault_Handler)
    MemManage_Handler                        0x08000f59   Thumb Code     4  stm32f10x_it.o(i.MemManage_Handler)
    NMI_Handler                              0x08000f5d   Thumb Code     2  stm32f10x_it.o(i.NMI_Handler)
    NVIC_Configuration                       0x08000f5f   Thumb Code    38  main.o(i.NVIC_Configuration)
    NVIC_Init                                0x08000f85   Thumb Code   146  misc.o(i.NVIC_Init)
    PendSV_Handler                           0x08001025   Thumb Code     2  stm32f10x_it.o(i.PendSV_Handler)
    RCC_APB1PeriphClockCmd                   0x08001029   Thumb Code    30  stm32f10x_rcc.o(i.RCC_APB1PeriphClockCmd)
    RCC_APB1PeriphResetCmd                   0x0800104d   Thumb Code    30  stm32f10x_rcc.o(i.RCC_APB1PeriphResetCmd)
    RCC_APB2PeriphClockCmd                   0x08001071   Thumb Code    30  stm32f10x_rcc.o(i.RCC_APB2PeriphClockCmd)
    RCC_GetClocksFreq                        0x08001095   Thumb Code   250  stm32f10x_rcc.o(i.RCC_GetClocksFreq)
    SVC_Handler                              0x080011a5   Thumb Code     2  stm32f10x_it.o(i.SVC_Handler)
    SysTick_CLKSourceConfig                  0x0800128d   Thumb Code    40  misc.o(i.SysTick_CLKSourceConfig)
    SysTick_CounterCmd                       0x080012b5   Thumb Code    56  stm32f10x_systick.o(i.SysTick_CounterCmd)
    SysTick_GetFlagStatus                    0x080012ed   Thumb Code    68  stm32f10x_systick.o(i.SysTick_GetFlagStatus)
    SysTick_Handler                          0x08001331   Thumb Code     2  stm32f10x_it.o(i.SysTick_Handler)
    SysTick_ITConfig                         0x08001333   Thumb Code    38  stm32f10x_systick.o(i.SysTick_ITConfig)
    SysTick_SetReload                        0x08001359   Thumb Code     8  stm32f10x_systick.o(i.SysTick_SetReload)
    SystemInit                               0x08001361   Thumb Code    82  system_stm32f10x.o(i.SystemInit)
    USART_ClearFlag                          0x080013c5   Thumb Code    20  stm32f10x_usart.o(i.USART_ClearFlag)
    USART_Cmd                                0x080013d9   Thumb Code    26  stm32f10x_usart.o(i.USART_Cmd)
    USART_Configuration                      0x080013f5   Thumb Code   164  usart.o(i.USART_Configuration)
    USART_GetFlagStatus                      0x080014a1   Thumb Code    38  stm32f10x_usart.o(i.USART_GetFlagStatus)
    USART_ITConfig                           0x080014c7   Thumb Code   102  stm32f10x_usart.o(i.USART_ITConfig)
    USART_Init                               0x0800152d   Thumb Code   278  stm32f10x_usart.o(i.USART_Init)
    USART_SendData                           0x08001649   Thumb Code     8  stm32f10x_usart.o(i.USART_SendData)
    USB_LP_CAN1_RX0_IRQHandler               0x08001651   Thumb Code   104  main.o(i.USB_LP_CAN1_RX0_IRQHandler)
    UsageFault_Handler                       0x080016e5   Thumb Code     4  stm32f10x_it.o(i.UsageFault_Handler)
    _sys_exit                                0x080016e9   Thumb Code     6  usart.o(i._sys_exit)
    delay_init                               0x080016f1   Thumb Code    54  systick.o(i.delay_init)
    delay_ms                                 0x08001735   Thumb Code    76  systick.o(i.delay_ms)
    fputc                                    0x08001789   Thumb Code    32  usart.o(i.fputc)
    main                                     0x080017ad   Thumb Code   254  main.o(i.main)
    _fp_init                                 0x080019ad   Thumb Code    14  fpinit.o(x$fpl$fpinit)
    __fplib_config_pureend_doubles           0x080019b9   Thumb Code     0  fpinit.o(x$fpl$fpinit)
    Region$$Table$$Base                      0x08001a2c   Number         0  anon$$obj.o(Region$$Table)
    Region$$Table$$Limit                     0x08001a4c   Number         0  anon$$obj.o(Region$$Table)
    CAN_ID                                   0x20000000   Data           2  main.o(.data)
    CAN_DATA0                                0x20000002   Data           1  main.o(.data)
    CAN_DATA1                                0x20000003   Data           1  main.o(.data)
    CAN_DATA2                                0x20000004   Data           1  main.o(.data)
    CAN_DATA3                                0x20000005   Data           1  main.o(.data)
    CAN_DATA4                                0x20000006   Data           1  main.o(.data)
    CAN_DATA5                                0x20000007   Data           1  main.o(.data)
    CAN_DATA6                                0x20000008   Data           1  main.o(.data)
    CAN_DATA7                                0x20000009   Data           1  main.o(.data)
    CanFlag                                  0x2000000a   Data           1  main.o(.data)
    Display                                  0x2000000b   Data           1  main.o(.data)
    __stdout                                 0x2000000c   Data           4  usart.o(.data)
    _random_number_data                      0x2000002c   Data         228  rand.o(.bss)
    __libspace_start                         0x20000110   Data          96  libspace.o(.bss)
    __temporary_stack_top$libspace           0x20000170   Data           0  libspace.o(.bss)



==============================================================================

Memory Map of the image

  Image Entry point : 0x08000131

  Load Region LR_IROM1 (Base: 0x08000000, Size: 0x00001a78, Max: 0x00080000, ABSOLUTE)

    Execution Region ER_IROM1 (Base: 0x08000000, Size: 0x00001a4c, Max: 0x00080000, ABSOLUTE)

    Base Addr    Size         Type   Attr      Idx    E Section Name        Object

    0x08000000   0x00000130   Data   RO         1063    RESET               startup_stm32f10x_hd.o
    0x08000130   0x00000008   Code   RO         1128  * !!!main             c_w.l(__main.o)
    0x08000138   0x00000034   Code   RO         1301    !!!scatter          c_w.l(__scatter.o)
    0x0800016c   0x0000001a   Code   RO         1303    !!handler_copy      c_w.l(__scatter_copy.o)
    0x08000186   0x00000002   PAD
    0x08000188   0x0000001c   Code   RO         1305    !!handler_zi        c_w.l(__scatter_zi.o)
    0x080001a4   0x00000000   Code   RO         1120    .ARM.Collect$$_printf_percent$$00000000  c_w.l(_printf_percent.o)
    0x080001a4   0x00000006   Code   RO         1119    .ARM.Collect$$_printf_percent$$0000000C  c_w.l(_printf_x.o)
    0x080001aa   0x00000004   Code   RO         1138    .ARM.Collect$$_printf_percent$$00000017  c_w.l(_printf_percent_end.o)
    0x080001ae   0x00000006   Code   RO         1222    .ARM.Collect$$libinit$$00000000  c_w.l(libinit.o)
    0x080001b4   0x00000000   Code   RO         1141    .ARM.Collect$$libinit$$00000006  c_w.l(libinit2.o)
    0x080001b4   0x00000000   Code   RO         1143    .ARM.Collect$$libinit$$00000008  c_w.l(libinit2.o)
    0x080001b4   0x00000004   Code   RO         1144    .ARM.Collect$$libinit$$00000009  c_w.l(libinit2.o)
    0x080001b8   0x00000000   Code   RO         1145    .ARM.Collect$$libinit$$0000000A  c_w.l(libinit2.o)
    0x080001b8   0x00000000   Code   RO         1148    .ARM.Collect$$libinit$$0000000D  c_w.l(libinit2.o)
    0x080001b8   0x00000000   Code   RO         1150    .ARM.Collect$$libinit$$0000000F  c_w.l(libinit2.o)
    0x080001b8   0x00000000   Code   RO         1152    .ARM.Collect$$libinit$$00000011  c_w.l(libinit2.o)
    0x080001b8   0x00000000   Code   RO         1154    .ARM.Collect$$libinit$$00000013  c_w.l(libinit2.o)
    0x080001b8   0x00000000   Code   RO         1156    .ARM.Collect$$libinit$$00000015  c_w.l(libinit2.o)
    0x080001b8   0x00000000   Code   RO         1158    .ARM.Collect$$libinit$$00000017  c_w.l(libinit2.o)
    0x080001b8   0x00000000   Code   RO         1160    .ARM.Collect$$libinit$$00000019  c_w.l(libinit2.o)
    0x080001b8   0x00000000   Code   RO         1162    .ARM.Collect$$libinit$$0000001B  c_w.l(libinit2.o)
    0x080001b8   0x00000000   Code   RO         1164    .ARM.Collect$$libinit$$0000001D  c_w.l(libinit2.o)
    0x080001b8   0x00000000   Code   RO         1166    .ARM.Collect$$libinit$$0000001F  c_w.l(libinit2.o)
    0x080001b8   0x00000000   Code   RO         1168    .ARM.Collect$$libinit$$00000021  c_w.l(libinit2.o)
    0x080001b8   0x00000000   Code   RO         1172    .ARM.Collect$$libinit$$00000028  c_w.l(libinit2.o)
    0x080001b8   0x00000000   Code   RO         1174    .ARM.Collect$$libinit$$0000002A  c_w.l(libinit2.o)
    0x080001b8   0x00000000   Code   RO         1176    .ARM.Collect$$libinit$$0000002C  c_w.l(libinit2.o)
    0x080001b8   0x00000000   Code   RO         1178    .ARM.Collect$$libinit$$0000002E  c_w.l(libinit2.o)
    0x080001b8   0x00000002   Code   RO         1179    .ARM.Collect$$libinit$$0000002F  c_w.l(libinit2.o)
    0x080001ba   0x00000002   Code   RO         1263    .ARM.Collect$$libshutdown$$00000000  c_w.l(libshutdown.o)
    0x080001bc   0x00000000   Code   RO         1270    .ARM.Collect$$libshutdown$$00000003  c_w.l(libshutdown2.o)
    0x080001bc   0x00000000   Code   RO         1273    .ARM.Collect$$libshutdown$$00000006  c_w.l(libshutdown2.o)
    0x080001bc   0x00000000   Code   RO         1276    .ARM.Collect$$libshutdown$$00000009  c_w.l(libshutdown2.o)
    0x080001bc   0x00000000   Code   RO         1278    .ARM.Collect$$libshutdown$$0000000B  c_w.l(libshutdown2.o)
    0x080001bc   0x00000000   Code   RO         1281    .ARM.Collect$$libshutdown$$0000000E  c_w.l(libshutdown2.o)
    0x080001bc   0x00000002   Code   RO         1282    .ARM.Collect$$libshutdown$$0000000F  c_w.l(libshutdown2.o)
    0x080001be   0x00000000   Code   RO         1132    .ARM.Collect$$rtentry$$00000000  c_w.l(rtentry.o)
    0x080001be   0x00000000   Code   RO         1181    .ARM.Collect$$rtentry$$00000002  c_w.l(rtentry2.o)
    0x080001be   0x00000006   Code   RO         1196    .ARM.Collect$$rtentry$$00000004  c_w.l(rtentry4.o)
    0x080001c4   0x00000000   Code   RO         1183    .ARM.Collect$$rtentry$$00000009  c_w.l(rtentry2.o)
    0x080001c4   0x00000004   Code   RO         1184    .ARM.Collect$$rtentry$$0000000A  c_w.l(rtentry2.o)
    0x080001c8   0x00000000   Code   RO         1186    .ARM.Collect$$rtentry$$0000000C  c_w.l(rtentry2.o)
    0x080001c8   0x00000008   Code   RO         1187    .ARM.Collect$$rtentry$$0000000D  c_w.l(rtentry2.o)
    0x080001d0   0x00000002   Code   RO         1228    .ARM.Collect$$rtexit$$00000000  c_w.l(rtexit.o)
    0x080001d2   0x00000000   Code   RO         1239    .ARM.Collect$$rtexit$$00000002  c_w.l(rtexit2.o)
    0x080001d2   0x00000004   Code   RO         1240    .ARM.Collect$$rtexit$$00000003  c_w.l(rtexit2.o)
    0x080001d6   0x00000006   Code   RO         1241    .ARM.Collect$$rtexit$$00000004  c_w.l(rtexit2.o)
    0x080001dc   0x00000034   Code   RO         1121    .emb_text           c_w.l(rand.o)
    0x08000210   0x00000040   Code   RO         1064    .text               startup_stm32f10x_hd.o
    0x08000250   0x00000002   Code   RO         1070    .text               c_w.l(use_no_semi_2.o)
    0x08000252   0x00000002   PAD
    0x08000254   0x00000018   Code   RO         1074    .text               c_w.l(noretval__2printf.o)
    0x0800026c   0x0000006a   Code   RO         1076    .text               c_w.l(__printf.o)
    0x080002d6   0x00000002   PAD
    0x080002d8   0x0000005c   Code   RO         1081    .text               c_w.l(_printf_hex_int.o)
    0x08000334   0x0000003c   Code   RO         1122    .text               c_w.l(rand.o)
    0x08000370   0x00000006   Code   RO         1126    .text               c_w.l(heapauxi.o)
    0x08000376   0x00000002   Code   RO         1130    .text               c_w.l(use_no_semi.o)
    0x08000378   0x000000b6   Code   RO         1134    .text               c_w.l(_printf_intcommon.o)
    0x0800042e   0x00000002   PAD
    0x08000430   0x00000024   Code   RO         1136    .text               c_w.l(_printf_char_file.o)
    0x08000454   0x00000030   Code   RO         1198    .text               c_w.l(_printf_char_common.o)
    0x08000484   0x00000008   Code   RO         1200    .text               c_w.l(ferror.o)
    0x0800048c   0x0000004a   Code   RO         1206    .text               c_w.l(sys_stackheap_outer.o)
    0x080004d6   0x0000000c   Code   RO         1210    .text               c_w.l(exit.o)
    0x080004e2   0x00000002   PAD
    0x080004e4   0x00000008   Code   RO         1225    .text               c_w.l(libspace.o)
    0x080004ec   0x00000008   Code   RO         1251    .text               c_w.l(rt_fp_status_addr_intlibspace.o)
    0x080004f4   0x00000004   Code   RO          151    i.BusFault_Handler  stm32f10x_it.o
    0x080004f8   0x000000c0   Code   RO          369    i.CAN_ClearITPendingBit  stm32f10x_can.o
    0x080005b8   0x000000b4   Code   RO            1    i.CAN_Configuration  main.o
    0x0800066c   0x00000038   Code   RO          371    i.CAN_DeInit        stm32f10x_can.o
    0x080006a4   0x00000120   Code   RO          373    i.CAN_FilterInit    stm32f10x_can.o
    0x080007c4   0x00000016   Code   RO          379    i.CAN_ITConfig      stm32f10x_can.o
    0x080007da   0x0000013e   Code   RO          380    i.CAN_Init          stm32f10x_can.o
    0x08000918   0x000000fe   Code   RO          383    i.CAN_Receive       stm32f10x_can.o
    0x08000a16   0x00000028   Code   RO          386    i.CAN_StructInit    stm32f10x_can.o
    0x08000a3e   0x0000014c   Code   RO          388    i.CAN_Transmit      stm32f10x_can.o
    0x08000b8a   0x00000002   PAD
    0x08000b8c   0x0000012c   Code   RO            2    i.CanWriteData      main.o
    0x08000cb8   0x00000002   Code   RO          152    i.DebugMon_Handler  stm32f10x_it.o
    0x08000cba   0x00000002   PAD
    0x08000cbc   0x00000080   Code   RO            4    i.GPIO_Configuration  main.o
    0x08000d3c   0x00000156   Code   RO          528    i.GPIO_Init         stm32f10x_gpio.o
    0x08000e92   0x00000002   PAD
    0x08000e94   0x000000b8   Code   RO          530    i.GPIO_PinRemapConfig  stm32f10x_gpio.o
    0x08000f4c   0x00000004   Code   RO          535    i.GPIO_ResetBits    stm32f10x_gpio.o
    0x08000f50   0x00000004   Code   RO          536    i.GPIO_SetBits      stm32f10x_gpio.o
    0x08000f54   0x00000004   Code   RO          153    i.HardFault_Handler  stm32f10x_it.o
    0x08000f58   0x00000004   Code   RO          154    i.MemManage_Handler  stm32f10x_it.o
    0x08000f5c   0x00000002   Code   RO          155    i.NMI_Handler       stm32f10x_it.o
    0x08000f5e   0x00000026   Code   RO            5    i.NVIC_Configuration  main.o
    0x08000f84   0x000000a0   Code   RO          331    i.NVIC_Init         misc.o
    0x08001024   0x00000002   Code   RO          156    i.PendSV_Handler    stm32f10x_it.o
    0x08001026   0x00000002   PAD
    0x08001028   0x00000024   Code   RO          638    i.RCC_APB1PeriphClockCmd  stm32f10x_rcc.o
    0x0800104c   0x00000024   Code   RO          639    i.RCC_APB1PeriphResetCmd  stm32f10x_rcc.o
    0x08001070   0x00000024   Code   RO          640    i.RCC_APB2PeriphClockCmd  stm32f10x_rcc.o
    0x08001094   0x00000110   Code   RO          648    i.RCC_GetClocksFreq  stm32f10x_rcc.o
    0x080011a4   0x00000002   Code   RO          157    i.SVC_Handler       stm32f10x_it.o
    0x080011a6   0x00000008   Code   RO         1027    i.SetSysClock       system_stm32f10x.o
    0x080011ae   0x00000002   PAD
    0x080011b0   0x000000dc   Code   RO         1028    i.SetSysClockTo72   system_stm32f10x.o
    0x0800128c   0x00000028   Code   RO          335    i.SysTick_CLKSourceConfig  misc.o
    0x080012b4   0x00000038   Code   RO          260    i.SysTick_CounterCmd  stm32f10x_systick.o
    0x080012ec   0x00000044   Code   RO          262    i.SysTick_GetFlagStatus  stm32f10x_systick.o
    0x08001330   0x00000002   Code   RO          158    i.SysTick_Handler   stm32f10x_it.o
    0x08001332   0x00000026   Code   RO          263    i.SysTick_ITConfig  stm32f10x_systick.o
    0x08001358   0x00000008   Code   RO          264    i.SysTick_SetReload  stm32f10x_systick.o
    0x08001360   0x00000064   Code   RO         1030    i.SystemInit        system_stm32f10x.o
    0x080013c4   0x00000014   Code   RO          836    i.USART_ClearFlag   stm32f10x_usart.o
    0x080013d8   0x0000001a   Code   RO          840    i.USART_Cmd         stm32f10x_usart.o
    0x080013f2   0x00000002   PAD
    0x080013f4   0x000000ac   Code   RO          215    i.USART_Configuration  usart.o
    0x080014a0   0x00000026   Code   RO          843    i.USART_GetFlagStatus  stm32f10x_usart.o
    0x080014c6   0x00000066   Code   RO          846    i.USART_ITConfig    stm32f10x_usart.o
    0x0800152c   0x0000011c   Code   RO          847    i.USART_Init        stm32f10x_usart.o
    0x08001648   0x00000008   Code   RO          857    i.USART_SendData    stm32f10x_usart.o
    0x08001650   0x00000094   Code   RO            6    i.USB_LP_CAN1_RX0_IRQHandler  main.o
    0x080016e4   0x00000004   Code   RO          159    i.UsageFault_Handler  stm32f10x_it.o
    0x080016e8   0x00000006   Code   RO          217    i._sys_exit         usart.o
    0x080016ee   0x00000002   PAD
    0x080016f0   0x00000044   Code   RO          299    i.delay_init        systick.o
    0x08001734   0x00000054   Code   RO          300    i.delay_ms          systick.o
    0x08001788   0x00000024   Code   RO          218    i.fputc             usart.o
    0x080017ac   0x00000200   Code   RO            7    i.main              main.o
    0x080019ac   0x0000000e   Code   RO         1236    x$fpl$fpinit        fz_ws.l(fpinit.o)
    0x080019ba   0x00000002   PAD
    0x080019bc   0x00000045   Data   RO            8    .constdata          main.o
    0x08001a01   0x00000028   Data   RO         1082    .constdata          c_w.l(_printf_hex_int.o)
    0x08001a29   0x00000003   PAD
    0x08001a2c   0x00000020   Data   RO         1299    Region$$Table       anon$$obj.o


    Execution Region RW_IRAM1 (Base: 0x20000000, Size: 0x00000770, Max: 0x00010000, ABSOLUTE)

    Base Addr    Size         Type   Attr      Idx    E Section Name        Object

    0x20000000   0x0000000c   Data   RW            9    .data               main.o
    0x2000000c   0x00000004   Data   RW          219    .data               usart.o
    0x20000010   0x00000005   Data   RW          302    .data               systick.o
    0x20000015   0x00000014   Data   RW          668    .data               stm32f10x_rcc.o
    0x20000029   0x00000003   PAD
    0x2000002c   0x000000e4   Zero   RW         1123    .bss                c_w.l(rand.o)
    0x20000110   0x00000060   Zero   RW         1226    .bss                c_w.l(libspace.o)
    0x20000170   0x00000200   Zero   RW         1062    HEAP                startup_stm32f10x_hd.o
    0x20000370   0x00000400   Zero   RW         1061    STACK               startup_stm32f10x_hd.o


==============================================================================

Image component sizes


      Code (inc. data)   RO Data    RW Data    ZI Data      Debug   Object Name

         0          0          0          0          0         32   core_cm3.o
      1306        354         69         12          0     243474   main.o
       200         14          0          0          0       1286   misc.o
        64         26        304          0       1536        756   startup_stm32f10x_hd.o
      1502         40          0          0          0       5302   stm32f10x_can.o
       534          4          0          0          0       3470   stm32f10x_gpio.o
        26          0          0          0          0       3306   stm32f10x_it.o
       380         40          0         20          0       4511   stm32f10x_rcc.o
       170          0          0          0          0       1964   stm32f10x_systick.o
       478          6          0          0          0       4823   stm32f10x_usart.o
       328         28          0          0          0       1645   system_stm32f10x.o
       152         22          0          5          0       1164   systick.o
       214         12          0          4          0       2992   usart.o

    ----------------------------------------------------------------------
      5368        546        405         44       1536     274725   Object Totals
         0          0         32          0          0          0   (incl. Generated)
        14          0          0          3          0          3   (incl. Padding)

    ----------------------------------------------------------------------

      Code (inc. data)   RO Data    RW Data    ZI Data      Debug   Library Member Name

         8          0          0          0          0         68   __main.o
       106          0          0          0          0         84   __printf.o
        52          8          0          0          0          0   __scatter.o
        26          0          0          0          0          0   __scatter_copy.o
        28          0          0          0          0          0   __scatter_zi.o
        48          6          0          0          0         96   _printf_char_common.o
        36          4          0          0          0         80   _printf_char_file.o
        92          4         40          0          0         88   _printf_hex_int.o
       182          0          0          0          0         88   _printf_intcommon.o
         0          0          0          0          0          0   _printf_percent.o
         4          0          0          0          0          0   _printf_percent_end.o
         6          0          0          0          0          0   _printf_x.o
        12          0          0          0          0         68   exit.o
         8          0          0          0          0         68   ferror.o
         6          0          0          0          0        152   heapauxi.o
         6          0          0          0          0          0   libinit.o
         6          0          0          0          0          0   libinit2.o
         2          0          0          0          0          0   libshutdown.o
         2          0          0          0          0          0   libshutdown2.o
         8          4          0          0         96         68   libspace.o
        24          4          0          0          0         84   noretval__2printf.o
       112         18          0          0        228        160   rand.o
         8          4          0          0          0         68   rt_fp_status_addr_intlibspace.o
         0          0          0          0          0          0   rtentry.o
        12          0          0          0          0          0   rtentry2.o
         6          0          0          0          0          0   rtentry4.o
         2          0          0          0          0          0   rtexit.o
        10          0          0          0          0          0   rtexit2.o
        74          0          0          0          0         80   sys_stackheap_outer.o
         2          0          0          0          0         68   use_no_semi.o
         2          0          0          0          0         68   use_no_semi_2.o
        14          0          0          0          0         76   fpinit.o

    ----------------------------------------------------------------------
       916         52         43          0        324       1464   Library Totals
        12          0          3          0          0          0   (incl. Padding)

    ----------------------------------------------------------------------

      Code (inc. data)   RO Data    RW Data    ZI Data      Debug   Library Name

       890         52         40          0        324       1388   c_w.l
        14          0          0          0          0         76   fz_ws.l

    ----------------------------------------------------------------------
       916         52         43          0        324       1464   Library Totals

    ----------------------------------------------------------------------

==============================================================================


      Code (inc. data)   RO Data    RW Data    ZI Data      Debug   

      6284        598        448         44       1860     272812   Grand Totals
      6284        598        448         44       1860     272812   ELF Image Totals
      6284        598        448         44          0          0   ROM Totals

==============================================================================

    Total RO  Size (Code + RO Data)                 6732 (   6.57kB)
    Total RW  Size (RW Data + ZI Data)              1904 (   1.86kB)
    Total ROM Size (Code + RO Data + RW Data)       6776 (   6.62kB)

==============================================================================

