ARM Linker, 4.1 [Build 791] [Professional][RL-ARM]

==============================================================================

Section Cross References

    startup_lpc17xx.o(STACK) refers (Special) to heapauxi.o(.text) for __use_two_region_memory
    startup_lpc17xx.o(HEAP) refers (Special) to heapauxi.o(.text) for __use_two_region_memory
    startup_lpc17xx.o(RESET) refers (Special) to heapauxi.o(.text) for __use_two_region_memory
    startup_lpc17xx.o(RESET) refers to startup_lpc17xx.o(STACK) for __initial_sp
    startup_lpc17xx.o(RESET) refers to startup_lpc17xx.o(.text) for Reset_Handler
    startup_lpc17xx.o(RESET) refers to systen_delay.o(.text) for SysTick_Handler
    startup_lpc17xx.o(RESET) refers to main.o(.text) for CAN_IRQHandler
    startup_lpc17xx.o(.ARM.__at_0x02FC) refers (Special) to heapauxi.o(.text) for __use_two_region_memory
    startup_lpc17xx.o(.text) refers (Special) to heapauxi.o(.text) for __use_two_region_memory
    startup_lpc17xx.o(.text) refers to system_lpc17xx.o(.text) for SystemInit
    startup_lpc17xx.o(.text) refers to __main.o(!!!main) for __main
    startup_lpc17xx.o(.text) refers to startup_lpc17xx.o(HEAP) for Heap_Mem
    startup_lpc17xx.o(.text) refers to startup_lpc17xx.o(STACK) for Stack_Mem
    system_lpc17xx.o(.text) refers to system_lpc17xx.o(.data) for SystemCoreClock
    debug_frmwrk.o(.text) refers to lpc17xx_uart.o(.text) for UART_Send
    debug_frmwrk.o(.text) refers to c89vsprintf.o(.text) for __c89vsprintf
    debug_frmwrk.o(.text) refers to lpc17xx_pinsel.o(.text) for PINSEL_ConfigPin
    debug_frmwrk.o(.text) refers to debug_frmwrk.o(.bss) for buffer
    debug_frmwrk.o(.text) refers to debug_frmwrk.o(.data) for _db_msg
    lpc17xx_uart.o(.text) refers to lpc17xx_clkpwr.o(.text) for CLKPWR_GetPCLK
    lpc17xx_uart.o(.text) refers to llshl.o(.text) for __aeabi_llsl
    lpc17xx_uart.o(.text) refers to lludivv7m.o(.text) for __aeabi_uldivmod
    lpc17xx_uart.o(.text) refers to llushr.o(.text) for __aeabi_llsr
    lpc17xx_uart.o(.text) refers to main.o(.text) for check_failed
    lpc17xx_clkpwr.o(.text) refers to system_lpc17xx.o(.data) for SystemCoreClock
    lpc17xx_can.o(.text) refers to main.o(.text) for check_failed
    lpc17xx_can.o(.text) refers to lpc17xx_clkpwr.o(.text) for CLKPWR_GetPCLK
    lpc17xx_can.o(.text) refers to lpc17xx_can.o(.data) for FULLCAN_ENABLE
    main.o(.text) refers to lpc17xx_can.o(.text) for CAN_IntGetStatus
    main.o(.text) refers to debug_frmwrk.o(.text) for debug_frmwrk_init
    main.o(.text) refers to lpc17xx_pinsel.o(.text) for PINSEL_ConfigPin
    main.o(.text) refers to debug_frmwrk.o(.data) for _db_msg
    main.o(.text) refers to main.o(.bss) for RXMsg
    main.o(.text) refers to main.o(.data) for CANRxCount
    systen_delay.o(.text) refers to systen_delay.o(.data) for SysTickCnt
    systen_delay.o(.text) refers to system_lpc17xx.o(.data) for SystemCoreClock
    c89vsprintf.o(.text) refers (Special) to _printf_a.o(.ARM.Collect$$_printf_percent$$00000006) for _printf_a
    c89vsprintf.o(.text) refers (Special) to _printf_c.o(.ARM.Collect$$_printf_percent$$00000013) for _printf_c
    c89vsprintf.o(.text) refers (Special) to _printf_charcount.o(.text) for _printf_charcount
    c89vsprintf.o(.text) refers (Special) to _printf_d.o(.ARM.Collect$$_printf_percent$$00000009) for _printf_d
    c89vsprintf.o(.text) refers (Special) to _printf_e.o(.ARM.Collect$$_printf_percent$$00000004) for _printf_e
    c89vsprintf.o(.text) refers (Special) to _printf_f.o(.ARM.Collect$$_printf_percent$$00000003) for _printf_f
    c89vsprintf.o(.text) refers (Special) to printf1.o(x$fpl$printf1) for _printf_fp_dec
    c89vsprintf.o(.text) refers (Special) to _printf_g.o(.ARM.Collect$$_printf_percent$$00000005) for _printf_g
    c89vsprintf.o(.text) refers (Special) to _printf_i.o(.ARM.Collect$$_printf_percent$$00000008) for _printf_i
    c89vsprintf.o(.text) refers (Special) to _printf_dec.o(.text) for _printf_int_dec
    c89vsprintf.o(.text) refers (Special) to _printf_l.o(.ARM.Collect$$_printf_percent$$00000012) for _printf_l
    c89vsprintf.o(.text) refers (Special) to _printf_lc.o(.ARM.Collect$$_printf_percent$$00000015) for _printf_lc
    c89vsprintf.o(.text) refers (Special) to _printf_ll.o(.ARM.Collect$$_printf_percent$$00000007) for _printf_ll
    c89vsprintf.o(.text) refers (Special) to _printf_lld.o(.ARM.Collect$$_printf_percent$$0000000E) for _printf_lld
    c89vsprintf.o(.text) refers (Special) to _printf_lli.o(.ARM.Collect$$_printf_percent$$0000000D) for _printf_lli
    c89vsprintf.o(.text) refers (Special) to _printf_llo.o(.ARM.Collect$$_printf_percent$$00000010) for _printf_llo
    c89vsprintf.o(.text) refers (Special) to _printf_llu.o(.ARM.Collect$$_printf_percent$$0000000F) for _printf_llu
    c89vsprintf.o(.text) refers (Special) to _printf_llx.o(.ARM.Collect$$_printf_percent$$00000011) for _printf_llx
[...]
    ../../angel/boardlib.s                   0x00000000   Number         0  boardinit2.o ABSOLUTE
    ../../angel/dczerorl2.s                  0x00000000   Number         0  __dczerorl2.o ABSOLUTE
    ../../angel/handlers.s                   0x00000000   Number         0  __scatter_zi.o ABSOLUTE
    ../../angel/kernel.s                     0x00000000   Number         0  rtentry4.o ABSOLUTE
    ../../angel/kernel.s                     0x00000000   Number         0  rtexit.o ABSOLUTE
    ../../angel/kernel.s                     0x00000000   Number         0  rtexit2.o ABSOLUTE
    ../../angel/kernel.s                     0x00000000   Number         0  rtentry2.o ABSOLUTE
    ../../angel/kernel.s                     0x00000000   Number         0  rtentry.o ABSOLUTE
    ../../angel/rt.s                         0x00000000   Number         0  aeabi_ldiv0_sigfpe.o ABSOLUTE
    ../../angel/rt.s                         0x00000000   Number         0  rt_fp_status_addr_intlibspace.o ABSOLUTE
    ../../angel/rt.s                         0x00000000   Number         0  rt_fp_status_addr.o ABSOLUTE
    ../../angel/rt.s                         0x00000000   Number         0  rt_locale_intlibspace.o ABSOLUTE
    ../../angel/rt.s                         0x00000000   Number         0  rt_ctype_table.o ABSOLUTE
    ../../angel/rt.s                         0x00000000   Number         0  rt_raise.o ABSOLUTE
    ../../angel/rt.s                         0x00000000   Number         0  rt_locale.o ABSOLUTE
    ../../angel/rt.s                         0x00000000   Number         0  aeabi_ldiv0.o ABSOLUTE
    ../../angel/rt.s                         0x00000000   Number         0  rt_div0.o ABSOLUTE
    ../../angel/scatter.s                    0x00000000   Number         0  __scatter.o ABSOLUTE
    ../../angel/startup.s                    0x00000000   Number         0  __main.o ABSOLUTE
    ../../angel/sys.s                        0x00000000   Number         0  libspace.o ABSOLUTE
    ../../angel/sys.s                        0x00000000   Number         0  indicate_semi.o ABSOLUTE
    ../../angel/sys.s                        0x00000000   Number         0  sys_stackheap_outer.o ABSOLUTE
    ../../angel/sys.s                        0x00000000   Number         0  use_no_semi.o ABSOLUTE
    ../../angel/sysapp.c                     0x00000000   Number         0  sys_command.o ABSOLUTE
    ../../angel/sysapp.c                     0x00000000   Number         0  sys_wrch.o ABSOLUTE
    ../../angel/sysapp.c                     0x00000000   Number         0  sys_exit.o ABSOLUTE
    ../../armsys.c                           0x00000000   Number         0  argv_veneer.o ABSOLUTE
    ../../armsys.c                           0x00000000   Number         0  _get_argv_nomalloc.o ABSOLUTE
    ../../armsys.c                           0x00000000   Number         0  no_argv.o ABSOLUTE
    ../../armsys.c                           0x00000000   Number         0  argv_veneer.o ABSOLUTE
    ../../bigflt.c                           0x00000000   Number         0  bigflt0.o ABSOLUTE
    ../../btod.s                             0x00000000   Number         0  btod.o ABSOLUTE
    ../../fpclassify.c                       0x00000000   Number         0  fpclassify.o ABSOLUTE
    ../../fpinit.s                           0x00000000   Number         0  fpinit.o ABSOLUTE
    ../../heapalloc.c                        0x00000000   Number         0  hrguard.o ABSOLUTE
    ../../heapaux.c                          0x00000000   Number         0  heapauxi.o ABSOLUTE
    ../../istatus.s                          0x00000000   Number         0  istatus.o ABSOLUTE
    ../../libinit.s                          0x00000000   Number         0  libinit.o ABSOLUTE
    ../../libinit.s                          0x00000000   Number         0  libshutdown.o ABSOLUTE
    ../../libinit.s                          0x00000000   Number         0  libshutdown2.o ABSOLUTE
    ../../libinit.s                          0x00000000   Number         0  libinit2.o ABSOLUTE
    ../../locale.c                           0x00000000   Number         0  _wcrtomb.o ABSOLUTE
    ../../locale.s                           0x00000000   Number         0  lc_numeric_c.o ABSOLUTE
    ../../locale.s                           0x00000000   Number         0  lc_ctype_c.o ABSOLUTE
    ../../longlong.s                         0x00000000   Number         0  lludiv10.o ABSOLUTE
    ../../longlong.s                         0x00000000   Number         0  lludivv7m.o ABSOLUTE
    ../../longlong.s                         0x00000000   Number         0  llshl.o ABSOLUTE
    ../../longlong.s                         0x00000000   Number         0  llushr.o ABSOLUTE
    ../../memcpset.s                         0x00000000   Number         0  strcmpv7m.o ABSOLUTE
    ../../misc.s                             0x00000000   Number         0  printf_stubs.o ABSOLUTE
    ../../printf.c                           0x00000000   Number         0  _printf_oct_int_ll.o ABSOLUTE
    ../../printf.c                           0x00000000   Number         0  _printf_hex_ll.o ABSOLUTE
    ../../printf.c                           0x00000000   Number         0  _printf_hex_int.o ABSOLUTE
    ../../printf.c                           0x00000000   Number         0  _printf_hex_int_ll.o ABSOLUTE
    ../../printf.c                           0x00000000   Number         0  _printf_hex_ptr.o ABSOLUTE
    ../../printf.c                           0x00000000   Number         0  _printf_hex_int_ptr.o ABSOLUTE
    ../../printf.c                           0x00000000   Number         0  _printf_hex_ll_ptr.o ABSOLUTE
    ../../printf.c                           0x00000000   Number         0  _printf_hex_int_ll_ptr.o ABSOLUTE
    ../../printf.c                           0x00000000   Number         0  _printf_fp_infnan.o ABSOLUTE
    ../../printf.c                           0x00000000   Number         0  __printf_ss.o ABSOLUTE
    ../../printf.c                           0x00000000   Number         0  __printf_flags_ss.o ABSOLUTE
    ../../printf.c                           0x00000000   Number         0  __printf_wp.o ABSOLUTE
    ../../printf.c                           0x00000000   Number         0  __printf_flags_wp.o ABSOLUTE
    ../../printf.c                           0x00000000   Number         0  __printf_ss_wp.o ABSOLUTE
    ../../printf.c                           0x00000000   Number         0  __printf_flags_ss_wp.o ABSOLUTE
    ../../printf.c                           0x00000000   Number         0  _printf_wchar.o ABSOLUTE
    ../../printf.c                           0x00000000   Number         0  _printf_char.o ABSOLUTE
    ../../printf.c                           0x00000000   Number         0  _sputc.o ABSOLUTE
    ../../printf.c                           0x00000000   Number         0  __printf_nopercent.o ABSOLUTE
    ../../printf.c                           0x00000000   Number         0  _printf_fp_dec.o ABSOLUTE
    ../../printf.c                           0x00000000   Number         0  _printf_intcommon.o ABSOLUTE
    ../../printf.c                           0x00000000   Number         0  c89vsprintf.o ABSOLUTE
    ../../printf.c                           0x00000000   Number         0  __printf.o ABSOLUTE
    ../../printf.c                           0x00000000   Number         0  _printf_pad.o ABSOLUTE
    ../../printf.c                           0x00000000   Number         0  _printf_truncate.o ABSOLUTE
    ../../printf.c                           0x00000000   Number         0  _printf_str.o ABSOLUTE
    ../../printf.c                           0x00000000   Number         0  _printf_dec.o ABSOLUTE
    ../../printf.c                           0x00000000   Number         0  _printf_charcount.o ABSOLUTE
    ../../printf.c                           0x00000000   Number         0  _printf_char_common.o ABSOLUTE
    ../../printf.c                           0x00000000   Number         0  _printf_wctomb.o ABSOLUTE
    ../../printf.c                           0x00000000   Number         0  __printf_flags.o ABSOLUTE
    ../../printf.c                           0x00000000   Number         0  _printf_longlong_dec.o ABSOLUTE
    ../../printf.c                           0x00000000   Number         0  _printf_oct_ll.o ABSOLUTE
    ../../printf.c                           0x00000000   Number         0  _printf_oct_int.o ABSOLUTE
    ../../printf1.s                          0x00000000   Number         0  printf1.o ABSOLUTE
    ../../printf_percent.s                   0x00000000   Number         0  _printf_lli.o ABSOLUTE
    ../../printf_percent.s                   0x00000000   Number         0  _printf_lld.o ABSOLUTE
    ../../printf_percent.s                   0x00000000   Number         0  _printf_llu.o ABSOLUTE
    ../../printf_percent.s                   0x00000000   Number         0  _printf_ll.o ABSOLUTE
    ../../printf_percent.s                   0x00000000   Number         0  _printf_c.o ABSOLUTE
    ../../printf_percent.s                   0x00000000   Number         0  _printf_percent_end.o ABSOLUTE
    ../../printf_percent.s                   0x00000000   Number         0  _printf_s.o ABSOLUTE
    ../../printf_percent.s                   0x00000000   Number         0  _printf_l.o ABSOLUTE
    ../../printf_percent.s                   0x00000000   Number         0  _printf_n.o ABSOLUTE
    ../../printf_percent.s                   0x00000000   Number         0  _printf_lc.o ABSOLUTE
    ../../printf_percent.s                   0x00000000   Number         0  _printf_i.o ABSOLUTE
    ../../printf_percent.s                   0x00000000   Number         0  _printf_x.o ABSOLUTE
    ../../printf_percent.s                   0x00000000   Number         0  _printf_p.o ABSOLUTE
    ../../printf_percent.s                   0x00000000   Number         0  _printf_ls.o ABSOLUTE
    ../../printf_percent.s                   0x00000000   Number         0  _printf_llx.o ABSOLUTE
    ../../printf_percent.s                   0x00000000   Number         0  _printf_o.o ABSOLUTE
    ../../printf_percent.s                   0x00000000   Number         0  _printf_llo.o ABSOLUTE
    ../../printf_percent.s                   0x00000000   Number         0  _printf_d.o ABSOLUTE
    ../../printf_percent.s                   0x00000000   Number         0  _printf_u.o ABSOLUTE
    ../../printf_percent.s                   0x00000000   Number         0  _printf_f.o ABSOLUTE
    ../../printf_percent.s                   0x00000000   Number         0  _printf_e.o ABSOLUTE
    ../../printf_percent.s                   0x00000000   Number         0  _printf_g.o ABSOLUTE
    ../../printf_percent.s                   0x00000000   Number         0  _printf_a.o ABSOLUTE
    ../../printf_percent.s                   0x00000000   Number         0  _printf_percent.o ABSOLUTE
    ../../signal.c                           0x00000000   Number         0  defsig_other.o ABSOLUTE
    ../../signal.c                           0x00000000   Number         0  defsig_segv_inner.o ABSOLUTE
    ../../signal.c                           0x00000000   Number         0  defsig_cppl_inner.o ABSOLUTE
    ../../signal.c                           0x00000000   Number         0  defsig_pvfn_inner.o ABSOLUTE
    ../../signal.c                           0x00000000   Number         0  defsig_stak_inner.o ABSOLUTE
    ../../signal.c                           0x00000000   Number         0  defsig_rtmem_formal.o ABSOLUTE
    ../../signal.c                           0x00000000   Number         0  defsig_rtmem_outer.o ABSOLUTE
    ../../signal.c                           0x00000000   Number         0  defsig_rtmem_inner.o ABSOLUTE
    ../../signal.c                           0x00000000   Number         0  defsig_rtred_inner.o ABSOLUTE
    ../../signal.c                           0x00000000   Number         0  defsig_general.o ABSOLUTE
    ../../signal.c                           0x00000000   Number         0  defsig_fpe_formal.o ABSOLUTE
    ../../signal.c                           0x00000000   Number         0  defsig_abrt_inner.o ABSOLUTE
    ../../signal.c                           0x00000000   Number         0  defsig_fpe_inner.o ABSOLUTE
    ../../signal.c                           0x00000000   Number         0  __raise.o ABSOLUTE
    ../../signal.c                           0x00000000   Number         0  defsig_fpe_outer.o ABSOLUTE
    ../../signal.c                           0x00000000   Number         0  defsig_exit.o ABSOLUTE
    ../../signal.s                           0x00000000   Number         0  defsig.o ABSOLUTE
    ../../stdlib.c                           0x00000000   Number         0  exit.o ABSOLUTE
    ../../usenofp.s                          0x00000000   Number         0  usenofp.o ABSOLUTE
    ..\Libraries\CM3\CoreSupport\core_cm3.c  0x00000000   Number         0  core_cm3.o ABSOLUTE
    ..\Libraries\CM3\DeviceSupport\NXP\LPC17xx\startup\arm\startup_LPC17xx.s 0x00000000   Number         0  startup_lpc17xx.o ABSOLUTE
    ..\Libraries\CM3\DeviceSupport\NXP\LPC17xx\system_LPC17xx.c 0x00000000   Number         0  system_lpc17xx.o ABSOLUTE
    ..\Libraries\LCP1768_StdPeriph_Driver\source\debug_frmwrk.c 0x00000000   Number         0  debug_frmwrk.o ABSOLUTE
    ..\Libraries\LCP1768_StdPeriph_Driver\source\lpc17xx_can.c 0x00000000   Number         0  lpc17xx_can.o ABSOLUTE
    ..\Libraries\LCP1768_StdPeriph_Driver\source\lpc17xx_clkpwr.c 0x00000000   Number         0  lpc17xx_clkpwr.o ABSOLUTE
    ..\Libraries\LCP1768_StdPeriph_Driver\source\lpc17xx_gpio.c 0x00000000   Number         0  lpc17xx_gpio.o ABSOLUTE
    ..\Libraries\LCP1768_StdPeriph_Driver\source\lpc17xx_pinsel.c 0x00000000   Number         0  lpc17xx_pinsel.o ABSOLUTE
    ..\Libraries\LCP1768_StdPeriph_Driver\source\lpc17xx_uart.c 0x00000000   Number         0  lpc17xx_uart.o ABSOLUTE
    ..\User\main.c                           0x00000000   Number         0  main.o ABSOLUTE
    ..\User\systen_delay.c                   0x00000000   Number         0  systen_delay.o ABSOLUTE
    ..\\Libraries\\CM3\\DeviceSupport\\NXP\\LPC17xx\\system_LPC17xx.c 0x00000000   Number         0  system_lpc17xx.o ABSOLUTE
    ..\\Libraries\\LCP1768_StdPeriph_Driver\\source\\debug_frmwrk.c 0x00000000   Number         0  debug_frmwrk.o ABSOLUTE
    ..\\Libraries\\LCP1768_StdPeriph_Driver\\source\\lpc17xx_can.c 0x00000000   Number         0  lpc17xx_can.o ABSOLUTE
    ..\\Libraries\\LCP1768_StdPeriph_Driver\\source\\lpc17xx_clkpwr.c 0x00000000   Number         0  lpc17xx_clkpwr.o ABSOLUTE
    ..\\Libraries\\LCP1768_StdPeriph_Driver\\source\\lpc17xx_gpio.c 0x00000000   Number         0  lpc17xx_gpio.o ABSOLUTE
    ..\\Libraries\\LCP1768_StdPeriph_Driver\\source\\lpc17xx_pinsel.c 0x00000000   Number         0  lpc17xx_pinsel.o ABSOLUTE
    ..\\Libraries\\LCP1768_StdPeriph_Driver\\source\\lpc17xx_uart.c 0x00000000   Number         0  lpc17xx_uart.o ABSOLUTE
    ..\\User\\main.c                         0x00000000   Number         0  main.o ABSOLUTE
    ..\\User\\systen_delay.c                 0x00000000   Number         0  systen_delay.o ABSOLUTE
    dc.s                                     0x00000000   Number         0  dc.o ABSOLUTE
    !!!main                                  0x000000cc   Section        8  __main.o(!!!main)
    !!!scatter                               0x000000d4   Section       52  __scatter.o(!!!scatter)
    !!dczerorl2                              0x00000108   Section       90  __dczerorl2.o(!!dczerorl2)
    !!handler_zi                             0x00000164   Section       28  __scatter_zi.o(!!handler_zi)
    .ARM.Collect$$_printf_percent$$00000000  0x00000180   Section        0  _printf_percent.o(.ARM.Collect$$_printf_percent$$00000000)
    .ARM.Collect$$_printf_percent$$00000001  0x00000180   Section        6  _printf_n.o(.ARM.Collect$$_printf_percent$$00000001)
    .ARM.Collect$$_printf_percent$$00000002  0x00000186   Section        6  _printf_p.o(.ARM.Collect$$_printf_percent$$00000002)
    .ARM.Collect$$_printf_percent$$00000003  0x0000018c   Section        6  _printf_f.o(.ARM.Collect$$_printf_percent$$00000003)
    .ARM.Collect$$_printf_percent$$00000004  0x00000192   Section        6  _printf_e.o(.ARM.Collect$$_printf_percent$$00000004)
    .ARM.Collect$$_printf_percent$$00000005  0x00000198   Section        6  _printf_g.o(.ARM.Collect$$_printf_percent$$00000005)
    .ARM.Collect$$_printf_percent$$00000006  0x0000019e   Section        6  _printf_a.o(.ARM.Collect$$_printf_percent$$00000006)
    .ARM.Collect$$_printf_percent$$00000007  0x000001a4   Section       10  _printf_ll.o(.ARM.Collect$$_printf_percent$$00000007)
    .ARM.Collect$$_printf_percent$$00000008  0x000001ae   Section        6  _printf_i.o(.ARM.Collect$$_printf_percent$$00000008)
    .ARM.Collect$$_printf_percent$$00000009  0x000001b4   Section        6  _printf_d.o(.ARM.Collect$$_printf_percent$$00000009)
    .ARM.Collect$$_printf_percent$$0000000A  0x000001ba   Section        6  _printf_u.o(.ARM.Collect$$_printf_percent$$0000000A)
    .ARM.Collect$$_printf_percent$$0000000B  0x000001c0   Section        6  _printf_o.o(.ARM.Collect$$_printf_percent$$0000000B)
    .ARM.Collect$$_printf_percent$$0000000C  0x000001c6   Section        6  _printf_x.o(.ARM.Collect$$_printf_percent$$0000000C)
    .ARM.Collect$$_printf_percent$$0000000D  0x000001cc   Section        6  _printf_lli.o(.ARM.Collect$$_printf_percent$$0000000D)
    .ARM.Collect$$_printf_percent$$0000000E  0x000001d2   Section        6  _printf_lld.o(.ARM.Collect$$_printf_percent$$0000000E)
    .ARM.Collect$$_printf_percent$$0000000F  0x000001d8   Section        6  _printf_llu.o(.ARM.Collect$$_printf_percent$$0000000F)
    .ARM.Collect$$_printf_percent$$00000010  0x000001de   Section        6  _printf_llo.o(.ARM.Collect$$_printf_percent$$00000010)
    .ARM.Collect$$_printf_percent$$00000011  0x000001e4   Section        6  _printf_llx.o(.ARM.Collect$$_printf_percent$$00000011)
    .ARM.Collect$$_printf_percent$$00000012  0x000001ea   Section       10  _printf_l.o(.ARM.Collect$$_printf_percent$$00000012)
    .ARM.Collect$$_printf_percent$$00000013  0x000001f4   Section        6  _printf_c.o(.ARM.Collect$$_printf_percent$$00000013)
    .ARM.Collect$$_printf_percent$$00000014  0x000001fa   Section        6  _printf_s.o(.ARM.Collect$$_printf_percent$$00000014)
    .ARM.Collect$$_printf_percent$$00000015  0x00000200   Section        6  _printf_lc.o(.ARM.Collect$$_printf_percent$$00000015)
    .ARM.Collect$$_printf_percent$$00000016  0x00000206   Section        6  _printf_ls.o(.ARM.Collect$$_printf_percent$$00000016)
    .ARM.Collect$$_printf_percent$$00000017  0x0000020c   Section        4  _printf_percent_end.o(.ARM.Collect$$_printf_percent$$00000017)
    .ARM.Collect$$libinit$$00000000          0x00000210   Section        6  libinit.o(.ARM.Collect$$libinit$$00000000)
    .ARM.Collect$$libinit$$00000006          0x00000216   Section        0  libinit2.o(.ARM.Collect$$libinit$$00000006)
    .ARM.Collect$$libinit$$00000008          0x00000216   Section        0  libinit2.o(.ARM.Collect$$libinit$$00000008)
    .ARM.Collect$$libinit$$0000000A          0x00000216   Section        0  libinit2.o(.ARM.Collect$$libinit$$0000000A)
    .ARM.Collect$$libinit$$0000000B          0x00000216   Section        6  libinit2.o(.ARM.Collect$$libinit$$0000000B)
    .ARM.Collect$$libinit$$0000000D          0x0000021c   Section        0  libinit2.o(.ARM.Collect$$libinit$$0000000D)
    .ARM.Collect$$libinit$$0000000E          0x0000021c   Section       12  libinit2.o(.ARM.Collect$$libinit$$0000000E)
    .ARM.Collect$$libinit$$0000000F          0x00000228   Section        0  libinit2.o(.ARM.Collect$$libinit$$0000000F)
    .ARM.Collect$$libinit$$00000011          0x00000228   Section        0  libinit2.o(.ARM.Collect$$libinit$$00000011)
    .ARM.Collect$$libinit$$00000012          0x00000228   Section       10  libinit2.o(.ARM.Collect$$libinit$$00000012)
    .ARM.Collect$$libinit$$00000013          0x00000232   Section        0  libinit2.o(.ARM.Collect$$libinit$$00000013)
    .ARM.Collect$$libinit$$00000015          0x00000232   Section        0  libinit2.o(.ARM.Collect$$libinit$$00000015)
    .ARM.Collect$$libinit$$00000017          0x00000232   Section        0  libinit2.o(.ARM.Collect$$libinit$$00000017)
    .ARM.Collect$$libinit$$00000019          0x00000232   Section        0  libinit2.o(.ARM.Collect$$libinit$$00000019)
    .ARM.Collect$$libinit$$0000001B          0x00000232   Section        0  libinit2.o(.ARM.Collect$$libinit$$0000001B)
    .ARM.Collect$$libinit$$0000001D          0x00000232   Section        0  libinit2.o(.ARM.Collect$$libinit$$0000001D)
    .ARM.Collect$$libinit$$0000001F          0x00000232   Section        0  libinit2.o(.ARM.Collect$$libinit$$0000001F)
    .ARM.Collect$$libinit$$00000021          0x00000232   Section        0  libinit2.o(.ARM.Collect$$libinit$$00000021)
    .ARM.Collect$$libinit$$00000028          0x00000232   Section        0  libinit2.o(.ARM.Collect$$libinit$$00000028)
    .ARM.Collect$$libinit$$0000002A          0x00000232   Section        0  libinit2.o(.ARM.Collect$$libinit$$0000002A)
    .ARM.Collect$$libinit$$0000002C          0x00000232   Section        0  libinit2.o(.ARM.Collect$$libinit$$0000002C)
    .ARM.Collect$$libinit$$0000002E          0x00000232   Section        0  libinit2.o(.ARM.Collect$$libinit$$0000002E)
    .ARM.Collect$$libinit$$0000002F          0x00000232   Section        2  libinit2.o(.ARM.Collect$$libinit$$0000002F)
    .ARM.Collect$$libshutdown$$00000000      0x00000234   Section        2  libshutdown.o(.ARM.Collect$$libshutdown$$00000000)
    .ARM.Collect$$libshutdown$$00000003      0x00000236   Section        0  libshutdown2.o(.ARM.Collect$$libshutdown$$00000003)
    .ARM.Collect$$libshutdown$$00000006      0x00000236   Section        0  libshutdown2.o(.ARM.Collect$$libshutdown$$00000006)
    .ARM.Collect$$libshutdown$$00000009      0x00000236   Section        0  libshutdown2.o(.ARM.Collect$$libshutdown$$00000009)
    .ARM.Collect$$libshutdown$$0000000B      0x00000236   Section        0  libshutdown2.o(.ARM.Collect$$libshutdown$$0000000B)
    .ARM.Collect$$libshutdown$$0000000E      0x00000236   Section        0  libshutdown2.o(.ARM.Collect$$libshutdown$$0000000E)
    .ARM.Collect$$libshutdown$$0000000F      0x00000236   Section        2  libshutdown2.o(.ARM.Collect$$libshutdown$$0000000F)
    .ARM.Collect$$rtentry$$00000000          0x00000238   Section        0  rtentry.o(.ARM.Collect$$rtentry$$00000000)
    .ARM.Collect$$rtentry$$00000002          0x00000238   Section        0  rtentry2.o(.ARM.Collect$$rtentry$$00000002)
    .ARM.Collect$$rtentry$$00000004          0x00000238   Section        6  rtentry4.o(.ARM.Collect$$rtentry$$00000004)
    .ARM.Collect$$rtentry$$00000009          0x0000023e   Section        0  rtentry2.o(.ARM.Collect$$rtentry$$00000009)
    .ARM.Collect$$rtentry$$0000000A          0x0000023e   Section        4  rtentry2.o(.ARM.Collect$$rtentry$$0000000A)
    .ARM.Collect$$rtentry$$0000000C          0x00000242   Section        0  rtentry2.o(.ARM.Collect$$rtentry$$0000000C)
    .ARM.Collect$$rtentry$$0000000D          0x00000242   Section        8  rtentry2.o(.ARM.Collect$$rtentry$$0000000D)
    .ARM.Collect$$rtexit$$00000000           0x0000024a   Section        2  rtexit.o(.ARM.Collect$$rtexit$$00000000)
    .ARM.Collect$$rtexit$$00000002           0x0000024c   Section        0  rtexit2.o(.ARM.Collect$$rtexit$$00000002)
    .ARM.Collect$$rtexit$$00000003           0x0000024c   Section        4  rtexit2.o(.ARM.Collect$$rtexit$$00000003)
    .ARM.Collect$$rtexit$$00000004           0x00000250   Section        6  rtexit2.o(.ARM.Collect$$rtexit$$00000004)
    .text                                    0x00000258   Section       60  startup_lpc17xx.o(.text)
    .text                                    0x00000294   Section       38  llshl.o(.text)
    .text                                    0x000002ba   Section       38  llushr.o(.text)
    .text                                    0x000002e0   Section        0  heapauxi.o(.text)
    .text                                    0x000002e6   Section        0  _sputc.o(.text)
    .text                                    0x000002f0   Section        8  rt_locale_intlibspace.o(.text)
    .text                                    0x000002f8   Section        2  use_no_semi.o(.text)
    .text                                    0x000002fa   Section        0  indicate_semi.o(.text)
    x$fpl$usenofp                            0x000002fa   Section        0  usenofp.o(x$fpl$usenofp)
    .ARM.__at_0x02FC                         0x000002fc   Section        4  startup_lpc17xx.o(.ARM.__at_0x02FC)
    .text                                    0x00000300   Section        0  system_lpc17xx.o(.text)
    .text                                    0x000005b0   Section        0  debug_frmwrk.o(.text)
    .text                                    0x00000a34   Section        0  lpc17xx_uart.o(.text)
    uart_set_divisors                        0x00000a35   Thumb Code   566  lpc17xx_uart.o(.text)
    .text                                    0x0000198c   Section        0  lpc17xx_pinsel.o(.text)
    set_PinFunc                              0x0000198d   Thumb Code    74  lpc17xx_pinsel.o(.text)
    set_ResistorMode                         0x000019d7   Thumb Code    74  lpc17xx_pinsel.o(.text)
    set_OpenDrainMode                        0x00001a21   Thumb Code    54  lpc17xx_pinsel.o(.text)
    .text                                    0x00001abc   Section        0  lpc17xx_clkpwr.o(.text)
    .text                                    0x00001c24   Section        0  lpc17xx_can.o(.text)
    can_SetBaudrate                          0x00001c25   Thumb Code   200  lpc17xx_can.o(.text)
    .text                                    0x00003d54   Section        0  main.o(.text)
    .text                                    0x000041ec   Section        0  systen_delay.o(.text)
    .text                                    0x00004288   Section      238  lludivv7m.o(.text)
    .text                                    0x00004378   Section        0  c89vsprintf.o(.text)
    .text                                    0x0000439c   Section        0  _printf_pad.o(.text)
    .text                                    0x000043ee   Section        0  _printf_truncate.o(.text)
    .text                                    0x00004412   Section        0  _printf_str.o(.text)
    .text                                    0x00004464   Section        0  _printf_dec.o(.text)
    .text                                    0x000044dc   Section        0  _printf_charcount.o(.text)
    .text                                    0x00004508   Section        0  _printf_char_common.o(.text)
    _printf_input_char                       0x00004509   Thumb Code    10  _printf_char_common.o(.text)
    .text                                    0x00004538   Section        0  _printf_wctomb.o(.text)
    .text                                    0x000045f4   Section        0  _printf_longlong_dec.o(.text)
    .text                                    0x0000466c   Section        0  _printf_oct_int_ll.o(.text)
    _printf_longlong_oct_internal            0x0000466d   Thumb Code     0  _printf_oct_int_ll.o(.text)
    .text                                    0x000046e4   Section        0  _printf_hex_int_ll_ptr.o(.text)
    _printf_hex_common                       0x000046e5   Thumb Code     0  _printf_hex_int_ll_ptr.o(.text)
    .text                                    0x00004780   Section        0  __printf_flags_ss_wp.o(.text)
    .text                                    0x0000490c   Section      138  lludiv10.o(.text)
    .text                                    0x00004996   Section        0  _printf_intcommon.o(.text)
    .text                                    0x00004a4e   Section        0  _printf_fp_dec.o(.text)
    _fp_digits                               0x00004a51   Thumb Code   426  _printf_fp_dec.o(.text)
    .text                                    0x00004e6c   Section        0  _printf_char.o(.text)
    .text                                    0x00004e98   Section        0  _printf_wchar.o(.text)
    .text                                    0x00004ec4   Section        0  _wcrtomb.o(.text)
    .text                                    0x00004f04   Section       74  sys_stackheap_outer.o(.text)
    .text                                    0x00004f50   Section       16  rt_ctype_table.o(.text)
    .text                                    0x00004f60   Section        0  _printf_fp_infnan.o(.text)
    .text                                    0x00004fe0   Section        0  bigflt0.o(.text)
    .text                                    0x000050c4   Section        0  exit.o(.text)
    .text                                    0x000050d0   Section        8  libspace.o(.text)
    .text                                    0x000050d8   Section      128  strcmpv7m.o(.text)
    .text                                    0x00005158   Section        0  sys_exit.o(.text)
    .text                                    0x00005164   Section        8  rt_fp_status_addr_intlibspace.o(.text)
    CL$$btod_d2e                             0x0000516c   Section       62  btod.o(CL$$btod_d2e)
    CL$$btod_d2e_denorm_low                  0x000051aa   Section       70  btod.o(CL$$btod_d2e_denorm_low)
    CL$$btod_d2e_norm_op1                    0x000051f0   Section       96  btod.o(CL$$btod_d2e_norm_op1)
    CL$$btod_div_common                      0x00005250   Section      824  btod.o(CL$$btod_div_common)
    CL$$btod_e2e                             0x00005588   Section      198  btod.o(CL$$btod_e2e)
    CL$$btod_ediv                            0x0000564e   Section       40  btod.o(CL$$btod_ediv)
    CL$$btod_emul                            0x00005676   Section       40  btod.o(CL$$btod_emul)
    CL$$btod_mult_common                     0x0000569e   Section      580  btod.o(CL$$btod_mult_common)
    i.__ARM_fpclassify                       0x000058e2   Section        0  fpclassify.o(i.__ARM_fpclassify)
    i._is_digit                              0x0000590a   Section        0  __printf_wp.o(i._is_digit)
    locale$$code                             0x00005918   Section       44  lc_numeric_c.o(locale$$code)
    locale$$code                             0x00005944   Section       44  lc_ctype_c.o(locale$$code)
    x$fpl$fpinit                             0x00005970   Section       14  fpinit.o(x$fpl$fpinit)
    x$fpl$printf1                            0x0000597e   Section        4  printf1.o(x$fpl$printf1)
    .constdata                               0x00005984   Section        8  _printf_wctomb.o(.constdata)
    initial_mbstate                          0x00005984   Data           8  _printf_wctomb.o(.constdata)
    .constdata                               0x0000598c   Section       40  _printf_hex_int_ll_ptr.o(.constdata)
    uc_hextab                                0x0000598c   Data          20  _printf_hex_int_ll_ptr.o(.constdata)
    lc_hextab                                0x000059a0   Data          20  _printf_hex_int_ll_ptr.o(.constdata)
    .constdata                               0x000059b4   Section       17  __printf_flags_ss_wp.o(.constdata)
    maptable                                 0x000059b4   Data          17  __printf_flags_ss_wp.o(.constdata)
    .constdata                               0x000059c8   Section      148  bigflt0.o(.constdata)
    tenpwrs_x                                0x000059c8   Data          60  bigflt0.o(.constdata)
    tenpwrs_i                                0x00005a04   Data          64  bigflt0.o(.constdata)
    locale$$data                             0x00005a7c   Section       28  lc_numeric_c.o(locale$$data)
    __lcnum_c_name                           0x00005a80   Data           2  lc_numeric_c.o(locale$$data)
    __lcnum_c_start                          0x00005a88   Data           0  lc_numeric_c.o(locale$$data)
    __lcnum_c_point                          0x00005a94   Data           0  lc_numeric_c.o(locale$$data)
    __lcnum_c_thousands                      0x00005a96   Data           0  lc_numeric_c.o(locale$$data)
    __lcnum_c_grouping                       0x00005a97   Data           0  lc_numeric_c.o(locale$$data)
    locale$$data                             0x00005a98   Section      272  lc_ctype_c.o(locale$$data)
    __lcnum_c_end                            0x00005a98   Data           0  lc_numeric_c.o(locale$$data)
    __lcctype_c_name                         0x00005a9c   Data           2  lc_ctype_c.o(locale$$data)
    __lcctype_c_start                        0x00005aa4   Data           0  lc_ctype_c.o(locale$$data)
    __lcctype_c_end                          0x00005ba8   Data           0  lc_ctype_c.o(locale$$data)
    .data                                    0x10000000   Section        4  system_lpc17xx.o(.data)
    .data                                    0x10000004   Section       40  debug_frmwrk.o(.data)
    .data                                    0x1000002c   Section       11  lpc17xx_can.o(.data)
    .data                                    0x10000038   Section      400  main.o(.data)
    .data                                    0x100001c8   Section        4  systen_delay.o(.data)
    .bss                                     0x100001cc   Section      513  debug_frmwrk.o(.bss)
    buffer                                   0x100001cc   Data         513  debug_frmwrk.o(.bss)
    .bss                                     0x100003d0   Section       32  main.o(.bss)
    .bss                                     0x100003f0   Section       96  libspace.o(.bss)
    HEAP                                     0x10000450   Section        0  startup_lpc17xx.o(HEAP)
    STACK                                    0x10000450   Section      512  startup_lpc17xx.o(STACK)
    Heap_Mem                                 0x10000450   Data           0  startup_lpc17xx.o(HEAP)
    Stack_Mem                                0x10000450   Data         512  startup_lpc17xx.o(STACK)
    __initial_sp                             0x10000650   Data           0  startup_lpc17xx.o(STACK)

    Global Symbols

    Symbol Name                              Value     Ov Type        Size  Object(Section)

    BuildAttributes$$THM_ISAv4$P$D$K$B$S$PE$A:L22UL41UL21$X:L11$S22US41US21$IEEE1$IW$USESV6$~STKCKD$USESV7$~SHL$OTIME$ROPI$IEEEJ$EBA8$UX$STANDARDLIB$REQ8$PRES8$EABIv2 0x00000000   Number         0  anon$$obj.o ABSOLUTE
    __ARM_use_no_argv                        0x00000000   Number         0  main.o ABSOLUTE
    __Vectors                                0x00000000   Data           4  startup_lpc17xx.o(RESET)
    _printf_flags                            0x00000000   Number         0  printf_stubs.o ABSOLUTE
    _printf_return_value                     0x00000000   Number         0  printf_stubs.o ABSOLUTE
    _printf_sizespec                         0x00000000   Number         0  printf_stubs.o ABSOLUTE
    _printf_widthprec                        0x00000000   Number         0  printf_stubs.o ABSOLUTE
    __ARM_exceptions_init                     - Undefined Weak Reference
    __alloca_initialize                       - Undefined Weak Reference
    __cpp_initialize__aeabi_                  - Undefined Weak Reference
    __cxa_finalize                            - Undefined Weak Reference
    __sigvec_lookup                           - Undefined Weak Reference
    _atexit_init                              - Undefined Weak Reference
    _call_atexit_fns                          - Undefined Weak Reference
    _clock_init                               - Undefined Weak Reference
    _fp_trap_init                             - Undefined Weak Reference
    _fp_trap_shutdown                         - Undefined Weak Reference
    _get_lc_collate                           - Undefined Weak Reference
    _get_lc_monetary                          - Undefined Weak Reference
    _get_lc_time                              - Undefined Weak Reference
    _getenv_init                              - Undefined Weak Reference
    _handle_redirection                       - Undefined Weak Reference
    _init_alloc                               - Undefined Weak Reference
    _init_user_alloc                          - Undefined Weak Reference
    _initio                                   - Undefined Weak Reference
    _printf_fp_hex                            - Undefined Weak Reference
    _printf_mbtowc                            - Undefined Weak Reference
    _printf_wc                                - Undefined Weak Reference
    _rand_init                                - Undefined Weak Reference
    _signal_finish                            - Undefined Weak Reference
    _signal_init                              - Undefined Weak Reference
    _terminate_alloc                          - Undefined Weak Reference
    _terminate_user_alloc                     - Undefined Weak Reference
    _terminateio                              - Undefined Weak Reference
    __main                                   0x000000cd   Thumb Code     8  __main.o(!!!main)
    __scatterload                            0x000000d5   Thumb Code     0  __scatter.o(!!!scatter)
    __scatterload_rt2                        0x000000d5   Thumb Code    44  __scatter.o(!!!scatter)
    __scatterload_rt2_thumb_only             0x000000d5   Thumb Code     0  __scatter.o(!!!scatter)
    __scatterload_null                       0x000000e3   Thumb Code     0  __scatter.o(!!!scatter)
    __decompress                             0x00000109   Thumb Code    90  __dczerorl2.o(!!dczerorl2)
    __decompress1                            0x00000109   Thumb Code     0  __dczerorl2.o(!!dczerorl2)
    __scatterload_zeroinit                   0x00000165   Thumb Code    28  __scatter_zi.o(!!handler_zi)
    _printf_n                                0x00000181   Thumb Code     0  _printf_n.o(.ARM.Collect$$_printf_percent$$00000001)
    _printf_percent                          0x00000181   Thumb Code     0  _printf_percent.o(.ARM.Collect$$_printf_percent$$00000000)
    _printf_p                                0x00000187   Thumb Code     0  _printf_p.o(.ARM.Collect$$_printf_percent$$00000002)
    _printf_f                                0x0000018d   Thumb Code     0  _printf_f.o(.ARM.Collect$$_printf_percent$$00000003)
    _printf_e                                0x00000193   Thumb Code     0  _printf_e.o(.ARM.Collect$$_printf_percent$$00000004)
    _printf_g                                0x00000199   Thumb Code     0  _printf_g.o(.ARM.Collect$$_printf_percent$$00000005)
    _printf_a                                0x0000019f   Thumb Code     0  _printf_a.o(.ARM.Collect$$_printf_percent$$00000006)
    _printf_ll                               0x000001a5   Thumb Code     0  _printf_ll.o(.ARM.Collect$$_printf_percent$$00000007)
    _printf_i                                0x000001af   Thumb Code     0  _printf_i.o(.ARM.Collect$$_printf_percent$$00000008)
    _printf_d                                0x000001b5   Thumb Code     0  _printf_d.o(.ARM.Collect$$_printf_percent$$00000009)
    _printf_u                                0x000001bb   Thumb Code     0  _printf_u.o(.ARM.Collect$$_printf_percent$$0000000A)
    _printf_o                                0x000001c1   Thumb Code     0  _printf_o.o(.ARM.Collect$$_printf_percent$$0000000B)
    _printf_x                                0x000001c7   Thumb Code     0  _printf_x.o(.ARM.Collect$$_printf_percent$$0000000C)
    _printf_lli                              0x000001cd   Thumb Code     0  _printf_lli.o(.ARM.Collect$$_printf_percent$$0000000D)
    _printf_lld                              0x000001d3   Thumb Code     0  _printf_lld.o(.ARM.Collect$$_printf_percent$$0000000E)
    _printf_llu                              0x000001d9   Thumb Code     0  _printf_llu.o(.ARM.Collect$$_printf_percent$$0000000F)
    _printf_llo                              0x000001df   Thumb Code     0  _printf_llo.o(.ARM.Collect$$_printf_percent$$00000010)
    _printf_llx                              0x000001e5   Thumb Code     0  _printf_llx.o(.ARM.Collect$$_printf_percent$$00000011)
    _printf_l                                0x000001eb   Thumb Code     0  _printf_l.o(.ARM.Collect$$_printf_percent$$00000012)
    _printf_c                                0x000001f5   Thumb Code     0  _printf_c.o(.ARM.Collect$$_printf_percent$$00000013)
    _printf_s                                0x000001fb   Thumb Code     0  _printf_s.o(.ARM.Collect$$_printf_percent$$00000014)
    _printf_lc                               0x00000201   Thumb Code     0  _printf_lc.o(.ARM.Collect$$_printf_percent$$00000015)
    _printf_ls                               0x00000207   Thumb Code     0  _printf_ls.o(.ARM.Collect$$_printf_percent$$00000016)
    _printf_percent_end                      0x0000020d   Thumb Code     0  _printf_percent_end.o(.ARM.Collect$$_printf_percent$$00000017)
    __rt_lib_init                            0x00000211   Thumb Code     0  libinit.o(.ARM.Collect$$libinit$$00000000)
    __rt_lib_init_heap_1                     0x00000217   Thumb Code     0  libinit2.o(.ARM.Collect$$libinit$$00000006)
    __rt_lib_init_lc_common                  0x00000217   Thumb Code     0  libinit2.o(.ARM.Collect$$libinit$$0000000B)
    __rt_lib_init_rand_1                     0x00000217   Thumb Code     0  libinit2.o(.ARM.Collect$$libinit$$0000000A)
    __rt_lib_init_user_alloc_1               0x00000217   Thumb Code     0  libinit2.o(.ARM.Collect$$libinit$$00000008)
    __rt_lib_init_lc_collate_1               0x0000021d   Thumb Code     0  libinit2.o(.ARM.Collect$$libinit$$0000000D)
    __rt_lib_init_lc_ctype_2                 0x0000021d   Thumb Code     0  libinit2.o(.ARM.Collect$$libinit$$0000000E)
    __rt_lib_init_lc_ctype_1                 0x00000229   Thumb Code     0  libinit2.o(.ARM.Collect$$libinit$$0000000F)
    __rt_lib_init_lc_monetary_1              0x00000229   Thumb Code     0  libinit2.o(.ARM.Collect$$libinit$$00000011)
    __rt_lib_init_lc_numeric_2               0x00000229   Thumb Code     0  libinit2.o(.ARM.Collect$$libinit$$00000012)
    __rt_lib_init_alloca_1                   0x00000233   Thumb Code     0  libinit2.o(.ARM.Collect$$libinit$$0000002A)
    __rt_lib_init_argv_1                     0x00000233   Thumb Code     0  libinit2.o(.ARM.Collect$$libinit$$00000028)
    __rt_lib_init_atexit_1                   0x00000233   Thumb Code     0  libinit2.o(.ARM.Collect$$libinit$$00000017)
    __rt_lib_init_clock_1                    0x00000233   Thumb Code     0  libinit2.o(.ARM.Collect$$libinit$$0000001D)
    __rt_lib_init_cpp_1                      0x00000233   Thumb Code     0  libinit2.o(.ARM.Collect$$libinit$$0000002E)
    __rt_lib_init_exceptions_1               0x00000233   Thumb Code     0  libinit2.o(.ARM.Collect$$libinit$$0000002C)
    __rt_lib_init_fp_trap_1                  0x00000233   Thumb Code     0  libinit2.o(.ARM.Collect$$libinit$$0000001B)
    __rt_lib_init_getenv_1                   0x00000233   Thumb Code     0  libinit2.o(.ARM.Collect$$libinit$$0000001F)
    __rt_lib_init_lc_numeric_1               0x00000233   Thumb Code     0  libinit2.o(.ARM.Collect$$libinit$$00000013)
    __rt_lib_init_lc_time_1                  0x00000233   Thumb Code     0  libinit2.o(.ARM.Collect$$libinit$$00000015)
    __rt_lib_init_return                     0x00000233   Thumb Code     0  libinit2.o(.ARM.Collect$$libinit$$0000002F)
    __rt_lib_init_signal_1                   0x00000233   Thumb Code     0  libinit2.o(.ARM.Collect$$libinit$$00000019)
    __rt_lib_init_stdio_1                    0x00000233   Thumb Code     0  libinit2.o(.ARM.Collect$$libinit$$00000021)
    __rt_lib_shutdown                        0x00000235   Thumb Code     0  libshutdown.o(.ARM.Collect$$libshutdown$$00000000)
    __rt_lib_shutdown_fp_trap_1              0x00000237   Thumb Code     0  libshutdown2.o(.ARM.Collect$$libshutdown$$00000006)
    __rt_lib_shutdown_heap_1                 0x00000237   Thumb Code     0  libshutdown2.o(.ARM.Collect$$libshutdown$$0000000E)
    __rt_lib_shutdown_return                 0x00000237   Thumb Code     0  libshutdown2.o(.ARM.Collect$$libshutdown$$0000000F)
    __rt_lib_shutdown_signal_1               0x00000237   Thumb Code     0  libshutdown2.o(.ARM.Collect$$libshutdown$$00000009)
    __rt_lib_shutdown_stdio_1                0x00000237   Thumb Code     0  libshutdown2.o(.ARM.Collect$$libshutdown$$00000003)
    __rt_lib_shutdown_user_alloc_1           0x00000237   Thumb Code     0  libshutdown2.o(.ARM.Collect$$libshutdown$$0000000B)
    __rt_entry                               0x00000239   Thumb Code     0  rtentry.o(.ARM.Collect$$rtentry$$00000000)
    __rt_entry_presh_1                       0x00000239   Thumb Code     0  rtentry2.o(.ARM.Collect$$rtentry$$00000002)
    __rt_entry_sh                            0x00000239   Thumb Code     0  rtentry4.o(.ARM.Collect$$rtentry$$00000004)
    __rt_entry_li                            0x0000023f   Thumb Code     0  rtentry2.o(.ARM.Collect$$rtentry$$0000000A)
    __rt_entry_postsh_1                      0x0000023f   Thumb Code     0  rtentry2.o(.ARM.Collect$$rtentry$$00000009)
    __rt_entry_main                          0x00000243   Thumb Code     0  rtentry2.o(.ARM.Collect$$rtentry$$0000000D)
    __rt_entry_postli_1                      0x00000243   Thumb Code     0  rtentry2.o(.ARM.Collect$$rtentry$$0000000C)
    __rt_exit                                0x0000024b   Thumb Code     0  rtexit.o(.ARM.Collect$$rtexit$$00000000)
    __rt_exit_ls                             0x0000024d   Thumb Code     0  rtexit2.o(.ARM.Collect$$rtexit$$00000003)
    __rt_exit_prels_1                        0x0000024d   Thumb Code     0  rtexit2.o(.ARM.Collect$$rtexit$$00000002)
    __rt_exit_exit                           0x00000251   Thumb Code     0  rtexit2.o(.ARM.Collect$$rtexit$$00000004)
    Reset_Handler                            0x00000259   Thumb Code     8  startup_lpc17xx.o(.text)
    NMI_Handler                              0x00000261   Thumb Code     2  startup_lpc17xx.o(.text)
    HardFault_Handler                        0x00000263   Thumb Code     2  startup_lpc17xx.o(.text)
    MemManage_Handler                        0x00000265   Thumb Code     2  startup_lpc17xx.o(.text)
    BusFault_Handler                         0x00000267   Thumb Code     2  startup_lpc17xx.o(.text)
    UsageFault_Handler                       0x00000269   Thumb Code     2  startup_lpc17xx.o(.text)
    SVC_Handler                              0x0000026b   Thumb Code     2  startup_lpc17xx.o(.text)
    DebugMon_Handler                         0x0000026d   Thumb Code     2  startup_lpc17xx.o(.text)
    PendSV_Handler                           0x0000026f   Thumb Code     2  startup_lpc17xx.o(.text)
    ADC_IRQHandler                           0x00000273   Thumb Code     0  startup_lpc17xx.o(.text)
    BOD_IRQHandler                           0x00000273   Thumb Code     0  startup_lpc17xx.o(.text)
    CANActivity_IRQHandler                   0x00000273   Thumb Code     0  startup_lpc17xx.o(.text)
    DMA_IRQHandler                           0x00000273   Thumb Code     0  startup_lpc17xx.o(.text)
    EINT0_IRQHandler                         0x00000273   Thumb Code     0  startup_lpc17xx.o(.text)
    EINT1_IRQHandler                         0x00000273   Thumb Code     0  startup_lpc17xx.o(.text)
    EINT2_IRQHandler                         0x00000273   Thumb Code     0  startup_lpc17xx.o(.text)
    EINT3_IRQHandler                         0x00000273   Thumb Code     0  startup_lpc17xx.o(.text)
    ENET_IRQHandler                          0x00000273   Thumb Code     0  startup_lpc17xx.o(.text)
    I2C0_IRQHandler                          0x00000273   Thumb Code     0  startup_lpc17xx.o(.text)
    I2C1_IRQHandler                          0x00000273   Thumb Code     0  startup_lpc17xx.o(.text)
    I2C2_IRQHandler                          0x00000273   Thumb Code     0  startup_lpc17xx.o(.text)
    I2S_IRQHandler                           0x00000273   Thumb Code     0  startup_lpc17xx.o(.text)
    MCPWM_IRQHandler                         0x00000273   Thumb Code     0  startup_lpc17xx.o(.text)
    PLL0_IRQHandler                          0x00000273   Thumb Code     0  startup_lpc17xx.o(.text)
    PLL1_IRQHandler                          0x00000273   Thumb Code     0  startup_lpc17xx.o(.text)
    PWM1_IRQHandler                          0x00000273   Thumb Code     0  startup_lpc17xx.o(.text)
    QEI_IRQHandler                           0x00000273   Thumb Code     0  startup_lpc17xx.o(.text)
    RIT_IRQHandler                           0x00000273   Thumb Code     0  startup_lpc17xx.o(.text)
    RTC_IRQHandler                           0x00000273   Thumb Code     0  startup_lpc17xx.o(.text)
    SPI_IRQHandler                           0x00000273   Thumb Code     0  startup_lpc17xx.o(.text)
    SSP0_IRQHandler                          0x00000273   Thumb Code     0  startup_lpc17xx.o(.text)
    SSP1_IRQHandler                          0x00000273   Thumb Code     0  startup_lpc17xx.o(.text)
    TIMER0_IRQHandler                        0x00000273   Thumb Code     0  startup_lpc17xx.o(.text)
    TIMER1_IRQHandler                        0x00000273   Thumb Code     0  startup_lpc17xx.o(.text)
    TIMER2_IRQHandler                        0x00000273   Thumb Code     0  startup_lpc17xx.o(.text)
    TIMER3_IRQHandler                        0x00000273   Thumb Code     0  startup_lpc17xx.o(.text)
    UART0_IRQHandler                         0x00000273   Thumb Code     0  startup_lpc17xx.o(.text)
    UART1_IRQHandler                         0x00000273   Thumb Code     0  startup_lpc17xx.o(.text)
    UART2_IRQHandler                         0x00000273   Thumb Code     0  startup_lpc17xx.o(.text)
    UART3_IRQHandler                         0x00000273   Thumb Code     0  startup_lpc17xx.o(.text)
    USBActivity_IRQHandler                   0x00000273   Thumb Code     0  startup_lpc17xx.o(.text)
    USB_IRQHandler                           0x00000273   Thumb Code     0  startup_lpc17xx.o(.text)
    WDT_IRQHandler                           0x00000273   Thumb Code     0  startup_lpc17xx.o(.text)
    __user_initial_stackheap                 0x00000275   Thumb Code     0  startup_lpc17xx.o(.text)
    __aeabi_llsl                             0x00000295   Thumb Code     0  llshl.o(.text)
    _ll_shift_l                              0x00000295   Thumb Code    38  llshl.o(.text)
    __aeabi_llsr                             0x000002bb   Thumb Code     0  llushr.o(.text)
    _ll_ushift_r                             0x000002bb   Thumb Code    38  llushr.o(.text)
    __use_two_region_memory                  0x000002e1   Thumb Code     2  heapauxi.o(.text)
    __rt_heap_escrow$2region                 0x000002e3   Thumb Code     2  heapauxi.o(.text)
    __rt_heap_expand$2region                 0x000002e5   Thumb Code     2  heapauxi.o(.text)
    _sputc                                   0x000002e7   Thumb Code    10  _sputc.o(.text)
    __rt_locale                              0x000002f1   Thumb Code     8  rt_locale_intlibspace.o(.text)
    __I$use$semihosting                      0x000002f9   Thumb Code     0  use_no_semi.o(.text)
    __use_no_semihosting_swi                 0x000002f9   Thumb Code     2  use_no_semi.o(.text)
    __I$use$fp                               0x000002fb   Thumb Code     0  usenofp.o(x$fpl$usenofp)
    __semihosting_library_function           0x000002fb   Thumb Code     0  indicate_semi.o(.text)
    SystemCoreClockUpdate                    0x00000301   Thumb Code   316  system_lpc17xx.o(.text)
    SystemInit                               0x0000043d   Thumb Code   296  system_lpc17xx.o(.text)
    UARTPutChar                              0x000005b1   Thumb Code    20  debug_frmwrk.o(.text)
    UARTGetChar                              0x000005c5   Thumb Code    30  debug_frmwrk.o(.text)
    UARTPuts                                 0x000005e3   Thumb Code    28  debug_frmwrk.o(.text)
    UARTPuts_                                0x000005ff   Thumb Code    24  debug_frmwrk.o(.text)
    UARTPutDec                               0x00000617   Thumb Code   104  debug_frmwrk.o(.text)
    UARTPutDec16                             0x0000067f   Thumb Code   168  debug_frmwrk.o(.text)
    UARTPutDec32                             0x00000727   Thumb Code   288  debug_frmwrk.o(.text)
    UARTPutHex                               0x00000847   Thumb Code    70  debug_frmwrk.o(.text)
    UARTPutHex16                             0x0000088d   Thumb Code    70  debug_frmwrk.o(.text)
    UARTPutHex32                             0x000008d3   Thumb Code    70  debug_frmwrk.o(.text)
    _printf                                  0x00000919   Thumb Code    40  debug_frmwrk.o(.text)
    debug_frmwrk_init                        0x00000941   Thumb Code   244  debug_frmwrk.o(.text)
    UART_Init                                0x00000c6b   Thumb Code   578  lpc17xx_uart.o(.text)
    UART_TxCmd                               0x00000ead   Thumb Code   136  lpc17xx_uart.o(.text)
    UART_DeInit                              0x00000f35   Thumb Code   112  lpc17xx_uart.o(.text)
    UART_ConfigStructInit                    0x00000fa5   Thumb Code    22  lpc17xx_uart.o(.text)
    UART_SendByte                            0x00000fbb   Thumb Code    58  lpc17xx_uart.o(.text)
    UART_ReceiveByte                         0x00000ff5   Thumb Code    56  lpc17xx_uart.o(.text)
    UART_Send                                0x0000102d   Thumb Code   170  lpc17xx_uart.o(.text)
    UART_Receive                             0x000010d7   Thumb Code   134  lpc17xx_uart.o(.text)
    UART_ForceBreak                          0x0000115d   Thumb Code    68  lpc17xx_uart.o(.text)
    UART_IntConfig                           0x000011a1   Thumb Code   298  lpc17xx_uart.o(.text)
    UART_GetLineStatus                       0x000012cb   Thumb Code    56  lpc17xx_uart.o(.text)
    UART_GetIntId                            0x00001303   Thumb Code    52  lpc17xx_uart.o(.text)
    UART_CheckBusy                           0x00001337   Thumb Code    18  lpc17xx_uart.o(.text)
    UART_FIFOConfig                          0x00001349   Thumb Code   256  lpc17xx_uart.o(.text)
    UART_FIFOConfigStructInit                0x00001449   Thumb Code    18  lpc17xx_uart.o(.text)
    UART_ABCmd                               0x0000145b   Thumb Code   206  lpc17xx_uart.o(.text)
    UART_ABClearIntPending                   0x00001529   Thumb Code    70  lpc17xx_uart.o(.text)
    UART_IrDAInvtInputCmd                    0x0000156f   Thumb Code    80  lpc17xx_uart.o(.text)
    UART_IrDACmd                             0x000015bf   Thumb Code    78  lpc17xx_uart.o(.text)
    UART_IrDAPulseDivConfig                  0x0000160d   Thumb Code   124  lpc17xx_uart.o(.text)
    UART_FullModemForcePinState              0x00001689   Thumb Code   132  lpc17xx_uart.o(.text)
    UART_FullModemConfigMode                 0x0000170d   Thumb Code   142  lpc17xx_uart.o(.text)
    UART_FullModemGetStatus                  0x0000179b   Thumb Code    28  lpc17xx_uart.o(.text)
    UART_RS485Config                         0x000017b7   Thumb Code   302  lpc17xx_uart.o(.text)
    UART_RS485ReceiverCmd                    0x000018e5   Thumb Code    32  lpc17xx_uart.o(.text)
    UART_RS485Send                           0x00001905   Thumb Code    86  lpc17xx_uart.o(.text)
    UART_RS485SendSlvAddr                    0x0000195b   Thumb Code    20  lpc17xx_uart.o(.text)
    UART_RS485SendData                       0x0000196f   Thumb Code    24  lpc17xx_uart.o(.text)
    PINSEL_ConfigTraceFunc                   0x00001a57   Thumb Code    34  lpc17xx_pinsel.o(.text)
    PINSEL_SetI2C0Pins                       0x00001a79   Thumb Code    20  lpc17xx_pinsel.o(.text)
    PINSEL_ConfigPin                         0x00001a8d   Thumb Code    36  lpc17xx_pinsel.o(.text)
    CLKPWR_SetPCLKDiv                        0x00001abd   Thumb Code   106  lpc17xx_clkpwr.o(.text)
    CLKPWR_GetPCLKSEL                        0x00001b27   Thumb Code    32  lpc17xx_clkpwr.o(.text)
    CLKPWR_GetPCLK                           0x00001b47   Thumb Code    66  lpc17xx_clkpwr.o(.text)
    CLKPWR_ConfigPPWR                        0x00001b89   Thumb Code    50  lpc17xx_clkpwr.o(.text)
    CLKPWR_Sleep                             0x00001bbb   Thumb Code    12  lpc17xx_clkpwr.o(.text)
    CLKPWR_DeepSleep                         0x00001bc7   Thumb Code    20  lpc17xx_clkpwr.o(.text)
    CLKPWR_PowerDown                         0x00001bdb   Thumb Code    20  lpc17xx_clkpwr.o(.text)
    CLKPWR_DeepPowerDown                     0x00001bef   Thumb Code    20  lpc17xx_clkpwr.o(.text)
    CAN_Init                                 0x00001ced   Thumb Code   172  lpc17xx_can.o(.text)
    CAN_DeInit                               0x00001d99   Thumb Code    56  lpc17xx_can.o(.text)
    CAN_SetupAFLUT                           0x00001dd1   Thumb Code  1888  lpc17xx_can.o(.text)
    CAN_LoadExplicitEntry                    0x00002531   Thumb Code   990  lpc17xx_can.o(.text)
    CAN_LoadFullCANEntry                     0x0000290f   Thumb Code   902  lpc17xx_can.o(.text)
    CAN_LoadGroupEntry                       0x00002c95   Thumb Code   952  lpc17xx_can.o(.text)
    CAN_RemoveEntry                          0x0000304d   Thumb Code  1434  lpc17xx_can.o(.text)
    CAN_SendMsg                              0x000035e7   Thumb Code   540  lpc17xx_can.o(.text)
    CAN_ReceiveMsg                           0x00003803   Thumb Code   142  lpc17xx_can.o(.text)
    FCAN_ReadObj                             0x00003891   Thumb Code   276  lpc17xx_can.o(.text)
    CAN_GetCTRLStatus                        0x000039a5   Thumb Code    84  lpc17xx_can.o(.text)
    CAN_GetCRStatus                          0x000039f9   Thumb Code    66  lpc17xx_can.o(.text)
    CAN_IRQCmd                               0x00003a3b   Thumb Code   192  lpc17xx_can.o(.text)
    CAN_SetAFMode                            0x00003afb   Thumb Code   102  lpc17xx_can.o(.text)
    CAN_ModeConfig                           0x00003b61   Thumb Code   320  lpc17xx_can.o(.text)
    CAN_SetCommand                           0x00003ca1   Thumb Code    40  lpc17xx_can.o(.text)
    CAN_IntGetStatus                         0x00003cc9   Thumb Code    32  lpc17xx_can.o(.text)
    CAN_FullCANIntGetStatus                  0x00003ce9   Thumb Code    34  lpc17xx_can.o(.text)
    CAN_FullCANPendGetStatus                 0x00003d0b   Thumb Code    52  lpc17xx_can.o(.text)
    PrintMessage                             0x00003d55   Thumb Code   248  main.o(.text)
    CAN_IRQHandler                           0x00003e4d   Thumb Code   136  main.o(.text)
    CAN_InitMessage                          0x00003ed5   Thumb Code    80  main.o(.text)
    print_menu                               0x00003f25   Thumb Code    14  main.o(.text)
    c_entry                                  0x00003f33   Thumb Code   258  main.o(.text)
    main                                     0x00004035   Thumb Code     4  main.o(.text)
    check_failed                             0x00004039   Thumb Code     4  main.o(.text)
    SysTick_Handler                          0x000041ed   Thumb Code    14  systen_delay.o(.text)
    delay_init                               0x000041fb   Thumb Code   108  systen_delay.o(.text)
    delay_ms                                 0x00004267   Thumb Code    18  systen_delay.o(.text)
    __aeabi_uldivmod                         0x00004289   Thumb Code     0  lludivv7m.o(.text)
    _ll_udiv                                 0x00004289   Thumb Code   238  lludivv7m.o(.text)
    __c89vsprintf                            0x00004379   Thumb Code    32  c89vsprintf.o(.text)
    _printf_pre_padding                      0x0000439d   Thumb Code    46  _printf_pad.o(.text)
    _printf_post_padding                     0x000043cb   Thumb Code    36  _printf_pad.o(.text)
    _printf_truncate_signed                  0x000043ef   Thumb Code    18  _printf_truncate.o(.text)
    _printf_truncate_unsigned                0x00004401   Thumb Code    18  _printf_truncate.o(.text)
    _printf_str                              0x00004413   Thumb Code    82  _printf_str.o(.text)
    _printf_int_dec                          0x00004465   Thumb Code   102  _printf_dec.o(.text)
    _printf_charcount                        0x000044dd   Thumb Code    42  _printf_charcount.o(.text)
    _printf_char_common                      0x00004513   Thumb Code    32  _printf_char_common.o(.text)
    _printf_wctomb                           0x00004539   Thumb Code   182  _printf_wctomb.o(.text)
    _printf_longlong_dec                     0x000045f5   Thumb Code   104  _printf_longlong_dec.o(.text)
    _printf_longlong_oct                     0x0000466d   Thumb Code    76  _printf_oct_int_ll.o(.text)
    _printf_int_oct                          0x000046b9   Thumb Code    24  _printf_oct_int_ll.o(.text)
    _printf_ll_oct                           0x000046d1   Thumb Code    12  _printf_oct_int_ll.o(.text)
    _printf_longlong_hex                     0x000046e5   Thumb Code    92  _printf_hex_int_ll_ptr.o(.text)
    _printf_int_hex                          0x00004741   Thumb Code    28  _printf_hex_int_ll_ptr.o(.text)
    _printf_ll_hex                           0x0000475d   Thumb Code    12  _printf_hex_int_ll_ptr.o(.text)
    _printf_hex_ptr                          0x00004769   Thumb Code    18  _printf_hex_int_ll_ptr.o(.text)
    __printf                                 0x00004781   Thumb Code   390  __printf_flags_ss_wp.o(.text)
    _ll_udiv10                               0x0000490d   Thumb Code   138  lludiv10.o(.text)
    _printf_int_common                       0x00004997   Thumb Code   184  _printf_intcommon.o(.text)
    __lib_sel_fp_printf                      0x00004a4f   Thumb Code     2  _printf_fp_dec.o(.text)
    _printf_fp_dec_real                      0x00004bfb   Thumb Code   626  _printf_fp_dec.o(.text)
    _printf_cs_common                        0x00004e6d   Thumb Code    20  _printf_char.o(.text)
    _printf_char                             0x00004e81   Thumb Code    16  _printf_char.o(.text)
    _printf_string                           0x00004e91   Thumb Code     8  _printf_char.o(.text)
    _printf_lcs_common                       0x00004e99   Thumb Code    20  _printf_wchar.o(.text)
    _printf_wchar                            0x00004ead   Thumb Code    16  _printf_wchar.o(.text)
    _printf_wstring                          0x00004ebd   Thumb Code     8  _printf_wchar.o(.text)
    _wcrtomb                                 0x00004ec5   Thumb Code    64  _wcrtomb.o(.text)
    __user_setup_stackheap                   0x00004f05   Thumb Code    74  sys_stackheap_outer.o(.text)
    __rt_ctype_table                         0x00004f51   Thumb Code    16  rt_ctype_table.o(.text)
    _printf_fp_infnan                        0x00004f61   Thumb Code   112  _printf_fp_infnan.o(.text)
    _btod_etento                             0x00004fe1   Thumb Code   222  bigflt0.o(.text)
    exit                                     0x000050c5   Thumb Code    12  exit.o(.text)
    __user_libspace                          0x000050d1   Thumb Code     8  libspace.o(.text)
    __user_perproc_libspace                  0x000050d1   Thumb Code     0  libspace.o(.text)
    __user_perthread_libspace                0x000050d1   Thumb Code     0  libspace.o(.text)
    strcmp                                   0x000050d9   Thumb Code   128  strcmpv7m.o(.text)
    _sys_exit                                0x00005159   Thumb Code     8  sys_exit.o(.text)
    __rt_fp_status_addr                      0x00005165   Thumb Code     8  rt_fp_status_addr_intlibspace.o(.text)
    _btod_d2e                                0x0000516d   Thumb Code    62  btod.o(CL$$btod_d2e)
    _d2e_denorm_low                          0x000051ab   Thumb Code    70  btod.o(CL$$btod_d2e_denorm_low)
    _d2e_norm_op1                            0x000051f1   Thumb Code    96  btod.o(CL$$btod_d2e_norm_op1)
    __btod_div_common                        0x00005251   Thumb Code   696  btod.o(CL$$btod_div_common)
    _e2e                                     0x00005589   Thumb Code   198  btod.o(CL$$btod_e2e)
    _btod_ediv                               0x0000564f   Thumb Code    40  btod.o(CL$$btod_ediv)
    _btod_emul                               0x00005677   Thumb Code    40  btod.o(CL$$btod_emul)
    __btod_mult_common                       0x0000569f   Thumb Code   580  btod.o(CL$$btod_mult_common)
    __ARM_fpclassify                         0x000058e3   Thumb Code    40  fpclassify.o(i.__ARM_fpclassify)
    _is_digit                                0x0000590b   Thumb Code    14  __printf_wp.o(i._is_digit)
    _get_lc_numeric                          0x00005919   Thumb Code    44  lc_numeric_c.o(locale$$code)
    _get_lc_ctype                            0x00005945   Thumb Code    44  lc_ctype_c.o(locale$$code)
    _fp_init                                 0x00005971   Thumb Code    14  fpinit.o(x$fpl$fpinit)
    __fplib_config_pureend_doubles           0x0000597d   Thumb Code     0  fpinit.o(x$fpl$fpinit)
    _printf_fp_dec                           0x0000597f   Thumb Code     4  printf1.o(x$fpl$printf1)
    Region$$Table$$Base                      0x00005a5c   Number         0  anon$$obj.o(Region$$Table)
    Region$$Table$$Limit                     0x00005a7c   Number         0  anon$$obj.o(Region$$Table)
    __ctype                                  0x00005aa5   Data           0  lc_ctype_c.o(locale$$data)
    SystemCoreClock                          0x10000000   Data           4  system_lpc17xx.o(.data)
    _db_msg                                  0x10000004   Data           4  debug_frmwrk.o(.data)
    _db_msg_                                 0x10000008   Data           4  debug_frmwrk.o(.data)
    _db_char                                 0x1000000c   Data           4  debug_frmwrk.o(.data)
    _db_dec                                  0x10000010   Data           4  debug_frmwrk.o(.data)
    _db_dec_16                               0x10000014   Data           4  debug_frmwrk.o(.data)
    _db_dec_32                               0x10000018   Data           4  debug_frmwrk.o(.data)
    _db_hex                                  0x1000001c   Data           4  debug_frmwrk.o(.data)
    _db_hex_16                               0x10000020   Data           4  debug_frmwrk.o(.data)
    _db_hex_32                               0x10000024   Data           4  debug_frmwrk.o(.data)
    _db_get_char                             0x10000028   Data           4  debug_frmwrk.o(.data)
    CANAF_FullCAN_cnt                        0x1000002c   Data           2  lpc17xx_can.o(.data)
    CANAF_std_cnt                            0x1000002e   Data           2  lpc17xx_can.o(.data)
    CANAF_gstd_cnt                           0x10000030   Data           2  lpc17xx_can.o(.data)
    CANAF_ext_cnt                            0x10000032   Data           2  lpc17xx_can.o(.data)
    CANAF_gext_cnt                           0x10000034   Data           2  lpc17xx_can.o(.data)
    FULLCAN_ENABLE                           0x10000036   Data           1  lpc17xx_can.o(.data)
    menu                                     0x10000038   Data         389  main.o(.data)
    CANTxCount                               0x100001c0   Data           4  main.o(.data)
    CANRxCount                               0x100001c4   Data           4  main.o(.data)
    SysTickCnt                               0x100001c8   Data           4  systen_delay.o(.data)
    TXMsg                                    0x100003d0   Data          16  main.o(.bss)
    RXMsg                                    0x100003e0   Data          16  main.o(.bss)
    __libspace_start                         0x100003f0   Data          96  libspace.o(.bss)
    __temporary_stack_top$libspace           0x10000450   Data           0  libspace.o(.bss)



==============================================================================

Memory Map of the image

  Image Entry point : 0x000000cd

  Load Region LR_IROM1 (Base: 0x00000000, Size: 0x00005d74, Max: 0x00080000, ABSOLUTE, COMPRESSED[0x00005c84])

    Execution Region ER_IROM1 (Base: 0x00000000, Size: 0x00005ba8, Max: 0x00080000, ABSOLUTE)

    Base Addr    Size         Type   Attr      Idx    E Section Name        Object

    0x00000000   0x000000cc   Data   RO            3    RESET               startup_lpc17xx.o
    0x000000cc   0x00000008   Code   RO          268  * !!!main             c_w.l(__main.o)
    0x000000d4   0x00000034   Code   RO          592    !!!scatter          c_w.l(__scatter.o)
    0x00000108   0x0000005a   Code   RO          590    !!dczerorl2         c_w.l(__dczerorl2.o)
    0x00000162   0x00000002   PAD
    0x00000164   0x0000001c   Code   RO          594    !!handler_zi        c_w.l(__scatter_zi.o)
    0x00000180   0x00000000   Code   RO          356    .ARM.Collect$$_printf_percent$$00000000  c_w.l(_printf_percent.o)
    0x00000180   0x00000006   Code   RO          345    .ARM.Collect$$_printf_percent$$00000001  c_w.l(_printf_n.o)
    0x00000186   0x00000006   Code   RO          347    .ARM.Collect$$_printf_percent$$00000002  c_w.l(_printf_p.o)
    0x0000018c   0x00000006   Code   RO          352    .ARM.Collect$$_printf_percent$$00000003  c_w.l(_printf_f.o)
    0x00000192   0x00000006   Code   RO          353    .ARM.Collect$$_printf_percent$$00000004  c_w.l(_printf_e.o)
    0x00000198   0x00000006   Code   RO          354    .ARM.Collect$$_printf_percent$$00000005  c_w.l(_printf_g.o)
    0x0000019e   0x00000006   Code   RO          355    .ARM.Collect$$_printf_percent$$00000006  c_w.l(_printf_a.o)
    0x000001a4   0x0000000a   Code   RO          360    .ARM.Collect$$_printf_percent$$00000007  c_w.l(_printf_ll.o)
    0x000001ae   0x00000006   Code   RO          349    .ARM.Collect$$_printf_percent$$00000008  c_w.l(_printf_i.o)
    0x000001b4   0x00000006   Code   RO          350    .ARM.Collect$$_printf_percent$$00000009  c_w.l(_printf_d.o)
    0x000001ba   0x00000006   Code   RO          351    .ARM.Collect$$_printf_percent$$0000000A  c_w.l(_printf_u.o)
    0x000001c0   0x00000006   Code   RO          348    .ARM.Collect$$_printf_percent$$0000000B  c_w.l(_printf_o.o)
    0x000001c6   0x00000006   Code   RO          346    .ARM.Collect$$_printf_percent$$0000000C  c_w.l(_printf_x.o)
    0x000001cc   0x00000006   Code   RO          357    .ARM.Collect$$_printf_percent$$0000000D  c_w.l(_printf_lli.o)
    0x000001d2   0x00000006   Code   RO          358    .ARM.Collect$$_printf_percent$$0000000E  c_w.l(_printf_lld.o)
    0x000001d8   0x00000006   Code   RO          359    .ARM.Collect$$_printf_percent$$0000000F  c_w.l(_printf_llu.o)
    0x000001de   0x00000006   Code   RO          364    .ARM.Collect$$_printf_percent$$00000010  c_w.l(_printf_llo.o)
    0x000001e4   0x00000006   Code   RO          365    .ARM.Collect$$_printf_percent$$00000011  c_w.l(_printf_llx.o)
    0x000001ea   0x0000000a   Code   RO          361    .ARM.Collect$$_printf_percent$$00000012  c_w.l(_printf_l.o)
    0x000001f4   0x00000006   Code   RO          343    .ARM.Collect$$_printf_percent$$00000013  c_w.l(_printf_c.o)
    0x000001fa   0x00000006   Code   RO          344    .ARM.Collect$$_printf_percent$$00000014  c_w.l(_printf_s.o)
    0x00000200   0x00000006   Code   RO          362    .ARM.Collect$$_printf_percent$$00000015  c_w.l(_printf_lc.o)
    0x00000206   0x00000006   Code   RO          363    .ARM.Collect$$_printf_percent$$00000016  c_w.l(_printf_ls.o)
    0x0000020c   0x00000004   Code   RO          397    .ARM.Collect$$_printf_percent$$00000017  c_w.l(_printf_percent_end.o)
    0x00000210   0x00000006   Code   RO          450    .ARM.Collect$$libinit$$00000000  c_w.l(libinit.o)
    0x00000216   0x00000000   Code   RO          474    .ARM.Collect$$libinit$$00000006  c_w.l(libinit2.o)
    0x00000216   0x00000000   Code   RO          476    .ARM.Collect$$libinit$$00000008  c_w.l(libinit2.o)
    0x00000216   0x00000000   Code   RO          478    .ARM.Collect$$libinit$$0000000A  c_w.l(libinit2.o)
    0x00000216   0x00000006   Code   RO          479    .ARM.Collect$$libinit$$0000000B  c_w.l(libinit2.o)
    0x0000021c   0x00000000   Code   RO          481    .ARM.Collect$$libinit$$0000000D  c_w.l(libinit2.o)
    0x0000021c   0x0000000c   Code   RO          482    .ARM.Collect$$libinit$$0000000E  c_w.l(libinit2.o)
    0x00000228   0x00000000   Code   RO          483    .ARM.Collect$$libinit$$0000000F  c_w.l(libinit2.o)
    0x00000228   0x00000000   Code   RO          485    .ARM.Collect$$libinit$$00000011  c_w.l(libinit2.o)
    0x00000228   0x0000000a   Code   RO          486    .ARM.Collect$$libinit$$00000012  c_w.l(libinit2.o)
    0x00000232   0x00000000   Code   RO          487    .ARM.Collect$$libinit$$00000013  c_w.l(libinit2.o)
    0x00000232   0x00000000   Code   RO          489    .ARM.Collect$$libinit$$00000015  c_w.l(libinit2.o)
    0x00000232   0x00000000   Code   RO          491    .ARM.Collect$$libinit$$00000017  c_w.l(libinit2.o)
    0x00000232   0x00000000   Code   RO          493    .ARM.Collect$$libinit$$00000019  c_w.l(libinit2.o)
    0x00000232   0x00000000   Code   RO          495    .ARM.Collect$$libinit$$0000001B  c_w.l(libinit2.o)
    0x00000232   0x00000000   Code   RO          497    .ARM.Collect$$libinit$$0000001D  c_w.l(libinit2.o)
    0x00000232   0x00000000   Code   RO          499    .ARM.Collect$$libinit$$0000001F  c_w.l(libinit2.o)
    0x00000232   0x00000000   Code   RO          501    .ARM.Collect$$libinit$$00000021  c_w.l(libinit2.o)
    0x00000232   0x00000000   Code   RO          505    .ARM.Collect$$libinit$$00000028  c_w.l(libinit2.o)
    0x00000232   0x00000000   Code   RO          507    .ARM.Collect$$libinit$$0000002A  c_w.l(libinit2.o)
    0x00000232   0x00000000   Code   RO          509    .ARM.Collect$$libinit$$0000002C  c_w.l(libinit2.o)
    0x00000232   0x00000000   Code   RO          511    .ARM.Collect$$libinit$$0000002E  c_w.l(libinit2.o)
    0x00000232   0x00000002   Code   RO          512    .ARM.Collect$$libinit$$0000002F  c_w.l(libinit2.o)
    0x00000234   0x00000002   Code   RO          548    .ARM.Collect$$libshutdown$$00000000  c_w.l(libshutdown.o)
    0x00000236   0x00000000   Code   RO          575    .ARM.Collect$$libshutdown$$00000003  c_w.l(libshutdown2.o)
    0x00000236   0x00000000   Code   RO          578    .ARM.Collect$$libshutdown$$00000006  c_w.l(libshutdown2.o)
    0x00000236   0x00000000   Code   RO          581    .ARM.Collect$$libshutdown$$00000009  c_w.l(libshutdown2.o)
    0x00000236   0x00000000   Code   RO          583    .ARM.Collect$$libshutdown$$0000000B  c_w.l(libshutdown2.o)
    0x00000236   0x00000000   Code   RO          586    .ARM.Collect$$libshutdown$$0000000E  c_w.l(libshutdown2.o)
    0x00000236   0x00000002   Code   RO          587    .ARM.Collect$$libshutdown$$0000000F  c_w.l(libshutdown2.o)
    0x00000238   0x00000000   Code   RO          270    .ARM.Collect$$rtentry$$00000000  c_w.l(rtentry.o)
    0x00000238   0x00000000   Code   RO          369    .ARM.Collect$$rtentry$$00000002  c_w.l(rtentry2.o)
    0x00000238   0x00000006   Code   RO          381    .ARM.Collect$$rtentry$$00000004  c_w.l(rtentry4.o)
    0x0000023e   0x00000000   Code   RO          371    .ARM.Collect$$rtentry$$00000009  c_w.l(rtentry2.o)
    0x0000023e   0x00000004   Code   RO          372    .ARM.Collect$$rtentry$$0000000A  c_w.l(rtentry2.o)
    0x00000242   0x00000000   Code   RO          374    .ARM.Collect$$rtentry$$0000000C  c_w.l(rtentry2.o)
    0x00000242   0x00000008   Code   RO          375    .ARM.Collect$$rtentry$$0000000D  c_w.l(rtentry2.o)
    0x0000024a   0x00000002   Code   RO          459    .ARM.Collect$$rtexit$$00000000  c_w.l(rtexit.o)
    0x0000024c   0x00000000   Code   RO          518    .ARM.Collect$$rtexit$$00000002  c_w.l(rtexit2.o)
    0x0000024c   0x00000004   Code   RO          519    .ARM.Collect$$rtexit$$00000003  c_w.l(rtexit2.o)
    0x00000250   0x00000006   Code   RO          520    .ARM.Collect$$rtexit$$00000004  c_w.l(rtexit2.o)
    0x00000256   0x00000002   PAD
    0x00000258   0x0000003c   Code   RO            5    .text               startup_lpc17xx.o
    0x00000294   0x00000026   Code   RO          260    .text               c_w.l(llshl.o)
    0x000002ba   0x00000026   Code   RO          262    .text               c_w.l(llushr.o)
    0x000002e0   0x00000006   Code   RO          266    .text               c_w.l(heapauxi.o)
    0x000002e6   0x0000000a   Code   RO          289    .text               c_w.l(_sputc.o)
    0x000002f0   0x00000008   Code   RO          407    .text               c_w.l(rt_locale_intlibspace.o)
    0x000002f8   0x00000002   Code   RO          537    .text               c_w.l(use_no_semi.o)
    0x000002fa   0x00000000   Code   RO          539    .text               c_w.l(indicate_semi.o)
    0x000002fa   0x00000000   Code   RO          453    x$fpl$usenofp       fz_ws.l(usenofp.o)
    0x000002fa   0x00000002   PAD
    0x000002fc   0x00000004   Code   RO            4    .ARM.__at_0x02FC    startup_lpc17xx.o
    0x00000300   0x000002b0   Code   RO           14    .text               system_lpc17xx.o
    0x000005b0   0x00000484   Code   RO           88    .text               debug_frmwrk.o
    0x00000a34   0x00000f58   Code   RO          120    .text               lpc17xx_uart.o
    0x0000198c   0x00000130   Code   RO          139    .text               lpc17xx_pinsel.o
    0x00001abc   0x00000168   Code   RO          162    .text               lpc17xx_clkpwr.o
    0x00001c24   0x00002130   Code   RO          178    .text               lpc17xx_can.o
    0x00003d54   0x00000498   Code   RO          200    .text               main.o
    0x000041ec   0x0000009c   Code   RO          231    .text               systen_delay.o
    0x00004288   0x000000ee   Code   RO          258    .text               c_w.l(lludivv7m.o)
    0x00004376   0x00000002   PAD
    0x00004378   0x00000024   Code   RO          264    .text               c_w.l(c89vsprintf.o)
    0x0000439c   0x00000052   Code   RO          277    .text               c_w.l(_printf_pad.o)
    0x000043ee   0x00000024   Code   RO          279    .text               c_w.l(_printf_truncate.o)
    0x00004412   0x00000052   Code   RO          281    .text               c_w.l(_printf_str.o)
    0x00004464   0x00000078   Code   RO          283    .text               c_w.l(_printf_dec.o)
    0x000044dc   0x0000002a   Code   RO          285    .text               c_w.l(_printf_charcount.o)
    0x00004506   0x00000002   PAD
    0x00004508   0x00000030   Code   RO          287    .text               c_w.l(_printf_char_common.o)
    0x00004538   0x000000bc   Code   RO          291    .text               c_w.l(_printf_wctomb.o)
    0x000045f4   0x00000078   Code   RO          294    .text               c_w.l(_printf_longlong_dec.o)
    0x0000466c   0x00000078   Code   RO          300    .text               c_w.l(_printf_oct_int_ll.o)
    0x000046e4   0x0000009c   Code   RO          320    .text               c_w.l(_printf_hex_int_ll_ptr.o)
    0x00004780   0x0000018c   Code   RO          340    .text               c_w.l(__printf_flags_ss_wp.o)
    0x0000490c   0x0000008a   Code   RO          385    .text               c_w.l(lludiv10.o)
    0x00004996   0x000000b8   Code   RO          387    .text               c_w.l(_printf_intcommon.o)
    0x00004a4e   0x0000041e   Code   RO          389    .text               c_w.l(_printf_fp_dec.o)
    0x00004e6c   0x0000002c   Code   RO          393    .text               c_w.l(_printf_char.o)
    0x00004e98   0x0000002c   Code   RO          395    .text               c_w.l(_printf_wchar.o)
    0x00004ec4   0x00000040   Code   RO          398    .text               c_w.l(_wcrtomb.o)
    0x00004f04   0x0000004a   Code   RO          400    .text               c_w.l(sys_stackheap_outer.o)
    0x00004f4e   0x00000002   PAD
    0x00004f50   0x00000010   Code   RO          402    .text               c_w.l(rt_ctype_table.o)
    0x00004f60   0x00000080   Code   RO          409    .text               c_w.l(_printf_fp_infnan.o)
    0x00004fe0   0x000000e4   Code   RO          411    .text               c_w.l(bigflt0.o)
    0x000050c4   0x0000000c   Code   RO          439    .text               c_w.l(exit.o)
    0x000050d0   0x00000008   Code   RO          456    .text               c_w.l(libspace.o)
    0x000050d8   0x00000080   Code   RO          470    .text               c_w.l(strcmpv7m.o)
    0x00005158   0x0000000c   Code   RO          515    .text               c_w.l(sys_exit.o)
    0x00005164   0x00000008   Code   RO          527    .text               c_w.l(rt_fp_status_addr_intlibspace.o)
    0x0000516c   0x0000003e   Code   RO          414    CL$$btod_d2e        c_w.l(btod.o)
    0x000051aa   0x00000046   Code   RO          416    CL$$btod_d2e_denorm_low  c_w.l(btod.o)
    0x000051f0   0x00000060   Code   RO          415    CL$$btod_d2e_norm_op1  c_w.l(btod.o)
    0x00005250   0x00000338   Code   RO          424    CL$$btod_div_common  c_w.l(btod.o)
    0x00005588   0x000000c6   Code   RO          421    CL$$btod_e2e        c_w.l(btod.o)
    0x0000564e   0x00000028   Code   RO          418    CL$$btod_ediv       c_w.l(btod.o)
    0x00005676   0x00000028   Code   RO          417    CL$$btod_emul       c_w.l(btod.o)
    0x0000569e   0x00000244   Code   RO          423    CL$$btod_mult_common  c_w.l(btod.o)
    0x000058e2   0x00000028   Code   RO          454    i.__ARM_fpclassify  m_ws.l(fpclassify.o)
    0x0000590a   0x0000000e   Code   RO          333    i._is_digit         c_w.l(__printf_wp.o)
    0x00005918   0x0000002c   Code   RO          437    locale$$code        c_w.l(lc_numeric_c.o)
    0x00005944   0x0000002c   Code   RO          464    locale$$code        c_w.l(lc_ctype_c.o)
    0x00005970   0x0000000e   Code   RO          513    x$fpl$fpinit        fz_ws.l(fpinit.o)
    0x0000597e   0x00000004   Code   RO          366    x$fpl$printf1       fz_ws.l(printf1.o)
    0x00005982   0x00000002   PAD
    0x00005984   0x00000008   Data   RO          292    .constdata          c_w.l(_printf_wctomb.o)
    0x0000598c   0x00000028   Data   RO          321    .constdata          c_w.l(_printf_hex_int_ll_ptr.o)
    0x000059b4   0x00000011   Data   RO          341    .constdata          c_w.l(__printf_flags_ss_wp.o)
    0x000059c5   0x00000003   PAD
    0x000059c8   0x00000094   Data   RO          412    .constdata          c_w.l(bigflt0.o)
    0x00005a5c   0x00000020   Data   RO          588    Region$$Table       anon$$obj.o
    0x00005a7c   0x0000001c   Data   RO          436    locale$$data        c_w.l(lc_numeric_c.o)
    0x00005a98   0x00000110   Data   RO          463    locale$$data        c_w.l(lc_ctype_c.o)


    Execution Region RW_IRAM1 (Base: 0x10000000, Size: 0x00000650, Max: 0x00008000, ABSOLUTE, COMPRESSED[0x000000dc])

    Base Addr    Size         Type   Attr      Idx    E Section Name        Object

    0x10000000   0x00000004   Data   RW           15    .data               system_lpc17xx.o
    0x10000004   0x00000028   Data   RW           90    .data               debug_frmwrk.o
    0x1000002c   0x0000000b   Data   RW          179    .data               lpc17xx_can.o
    0x10000037   0x00000001   PAD
    0x10000038   0x00000190   Data   RW          202    .data               main.o
    0x100001c8   0x00000004   Data   RW          232    .data               systen_delay.o
    0x100001cc   0x00000201   Zero   RW           89    .bss                debug_frmwrk.o
    0x100003cd   0x00000003   PAD
    0x100003d0   0x00000020   Zero   RW          201    .bss                main.o
    0x100003f0   0x00000060   Zero   RW          457    .bss                c_w.l(libspace.o)
    0x10000450   0x00000000   Zero   RW            2    HEAP                startup_lpc17xx.o
    0x10000450   0x00000200   Zero   RW            1    STACK               startup_lpc17xx.o


==============================================================================

Image component sizes


      Code (inc. data)   RO Data    RW Data    ZI Data      Debug   Object Name

      1156         76          0         40        513      15978   debug_frmwrk.o
      8496        310          0         11          0      22999   lpc17xx_can.o
       360         34          0          0          0       1843   lpc17xx_clkpwr.o
         0          0          0          0          0       1244   lpc17xx_gpio.o
       304         12          0          0          0       2345   lpc17xx_pinsel.o
      3928        122          0          0          0      11177   lpc17xx_uart.o
      1176        432          0        400         32      17767   main.o
        64         26        204          0        512       1072   startup_lpc17xx.o
       688         76          0          4          0      22325   system_lpc17xx.o
       156         16          0          4          0      16558   systen_delay.o

    ----------------------------------------------------------------------
     16328       1104        236        460       1060     113308   Object Totals
         0          0         32          0          0          0   (incl. Generated)
         0          0          0          1          3          0   (incl. Padding)

    ----------------------------------------------------------------------

      Code (inc. data)   RO Data    RW Data    ZI Data      Debug   Library Member Name

        90          0          0          0          0          0   __dczerorl2.o
         8          0          0          0          0         68   __main.o
       396          6         17          0          0         92   __printf_flags_ss_wp.o
        14          0          0          0          0         68   __printf_wp.o
        52          8          0          0          0          0   __scatter.o
        28          0          0          0          0          0   __scatter_zi.o
         6          0          0          0          0          0   _printf_a.o
         6          0          0          0          0          0   _printf_c.o
        44          0          0          0          0        108   _printf_char.o
        48          6          0          0          0         96   _printf_char_common.o
        42          0          0          0          0         68   _printf_charcount.o
         6          0          0          0          0          0   _printf_d.o
       120         18          0          0          0         92   _printf_dec.o
         6          0          0          0          0          0   _printf_e.o
         6          0          0          0          0          0   _printf_f.o
      1054          0          0          0          0        216   _printf_fp_dec.o
       128         16          0          0          0         84   _printf_fp_infnan.o
         6          0          0          0          0          0   _printf_g.o
       156          6         40          0          0        160   _printf_hex_int_ll_ptr.o
         6          0          0          0          0          0   _printf_i.o
       184          0          0          0          0         88   _printf_intcommon.o
        10          0          0          0          0          0   _printf_l.o
         6          0          0          0          0          0   _printf_lc.o
        10          0          0          0          0          0   _printf_ll.o
         6          0          0          0          0          0   _printf_lld.o
         6          0          0          0          0          0   _printf_lli.o
         6          0          0          0          0          0   _printf_llo.o
         6          0          0          0          0          0   _printf_llu.o
         6          0          0          0          0          0   _printf_llx.o
       120         16          0          0          0         92   _printf_longlong_dec.o
         6          0          0          0          0          0   _printf_ls.o
         6          0          0          0          0          0   _printf_n.o
         6          0          0          0          0          0   _printf_o.o
       120          8          0          0          0        124   _printf_oct_int_ll.o
         6          0          0          0          0          0   _printf_p.o
        82          0          0          0          0        108   _printf_pad.o
         0          0          0          0          0          0   _printf_percent.o
         4          0          0          0          0          0   _printf_percent_end.o
         6          0          0          0          0          0   _printf_s.o
        82          0          0          0          0         80   _printf_str.o
        36          0          0          0          0         84   _printf_truncate.o
         6          0          0          0          0          0   _printf_u.o
        44          0          0          0          0        108   _printf_wchar.o
       188          6          8          0          0         92   _printf_wctomb.o
         6          0          0          0          0          0   _printf_x.o
        10          0          0          0          0         68   _sputc.o
        64          0          0          0          0         92   _wcrtomb.o
       228          6        148          0          0         96   bigflt0.o
      1910        128          0          0          0        672   btod.o
        36          4          0          0          0         76   c89vsprintf.o
        12          0          0          0          0         72   exit.o
         6          0          0          0          0        152   heapauxi.o
         0          0          0          0          0          0   indicate_semi.o
        44         10        272          0          0         76   lc_ctype_c.o
        44         10         28          0          0         76   lc_numeric_c.o
         6          0          0          0          0          0   libinit.o
        30          0          0          0          0          0   libinit2.o
         2          0          0          0          0          0   libshutdown.o
         2          0          0          0          0          0   libshutdown2.o
         8          4          0          0         96         68   libspace.o
        38          0          0          0          0         68   llshl.o
       138          0          0          0          0         80   lludiv10.o
       238          0          0          0          0        100   lludivv7m.o
        38          0          0          0          0         68   llushr.o
        16          4          0          0          0         76   rt_ctype_table.o
         8          4          0          0          0         68   rt_fp_status_addr_intlibspace.o
         8          4          0          0          0         68   rt_locale_intlibspace.o
         0          0          0          0          0          0   rtentry.o
        12          0          0          0          0          0   rtentry2.o
         6          0          0          0          0          0   rtentry4.o
         2          0          0          0          0          0   rtexit.o
        10          0          0          0          0          0   rtexit2.o
       128          0          0          0          0         68   strcmpv7m.o
        12          4          0          0          0         68   sys_exit.o
        74          0          0          0          0         80   sys_stackheap_outer.o
         2          0          0          0          0         68   use_no_semi.o
        14          0          0          0          0         76   fpinit.o
         4          0          0          0          0         68   printf1.o
         0          0          0          0          0          0   usenofp.o
        40          0          0          0          0         68   fpclassify.o

    ----------------------------------------------------------------------
      6384        268        516          0         96       4300   Library Totals
        14          0          3          0          0          0   (incl. Padding)

    ----------------------------------------------------------------------

      Code (inc. data)   RO Data    RW Data    ZI Data      Debug   Library Name

      6312        268        513          0         96       4088   c_w.l
        18          0          0          0          0        144   fz_ws.l
        40          0          0          0          0         68   m_ws.l

    ----------------------------------------------------------------------
      6384        268        516          0         96       4300   Library Totals

    ----------------------------------------------------------------------

==============================================================================


      Code (inc. data)   RO Data    RW Data    ZI Data      Debug   

     22712       1372        752        460       1156     114384   Grand Totals
     22712       1372        752        220       1156     114384   ELF Image Totals (compressed)
     22712       1372        752        220          0          0   ROM Totals

==============================================================================

    Total RO  Size (Code + RO Data)                23464 (  22.91kB)
    Total RW  Size (RW Data + ZI Data)              1616 (   1.58kB)
    Total ROM Size (Code + RO Data + RW Data)      23684 (  23.13kB)

==============================================================================

